Archive member included to satisfy reference by file (symbol)

/usr/lib/gcc/arm-none-eabi/12.1.0/thumb/v7e-m/nofp/libgcc.a(_arm_mulsf3.o)
                              CMakeFiles/CruiseControl.elf.dir/Core/Src/throttle.c.obj (__aeabi_fmul)
/usr/lib/gcc/arm-none-eabi/12.1.0/thumb/v7e-m/nofp/libgcc.a(_arm_addsubsf3.o)
                              CMakeFiles/CruiseControl.elf.dir/Core/Src/throttle.c.obj (__aeabi_fsub)
/usr/lib/gcc/arm-none-eabi/12.1.0/thumb/v7e-m/nofp/libgcc.a(_arm_muldivsf3.o)
                              CMakeFiles/CruiseControl.elf.dir/Core/Src/throttle.c.obj (__aeabi_fdiv)
/usr/lib/gcc/arm-none-eabi/12.1.0/thumb/v7e-m/nofp/libgcc.a(_arm_cmpsf2.o)
                              CMakeFiles/CruiseControl.elf.dir/Core/Src/throttle.c.obj (__aeabi_fcmplt)
/usr/lib/gcc/arm-none-eabi/12.1.0/thumb/v7e-m/nofp/libgcc.a(_arm_fixsfsi.o)
                              CMakeFiles/CruiseControl.elf.dir/Core/Src/throttle.c.obj (__aeabi_f2iz)
/usr/lib/gcc/arm-none-eabi/12.1.0/thumb/v7e-m/nofp/libgcc.a(_aeabi_uldivmod.o)
                              CMakeFiles/CruiseControl.elf.dir/Drivers/STM32L4xx_HAL_Driver/Src/stm32l4xx_hal_uart.c.obj (__aeabi_uldivmod)
/usr/lib/gcc/arm-none-eabi/12.1.0/thumb/v7e-m/nofp/libgcc.a(_udivmoddi4.o)
                              /usr/lib/gcc/arm-none-eabi/12.1.0/thumb/v7e-m/nofp/libgcc.a(_aeabi_uldivmod.o) (__udivmoddi4)
/usr/lib/gcc/arm-none-eabi/12.1.0/thumb/v7e-m/nofp/libgcc.a(_dvmd_tls.o)
                              /usr/lib/gcc/arm-none-eabi/12.1.0/thumb/v7e-m/nofp/libgcc.a(_aeabi_uldivmod.o) (__aeabi_ldiv0)
/usr/lib/gcc/arm-none-eabi/12.1.0/../../../../arm-none-eabi/lib/thumb/v7e-m/nofp/libg.a(lib_a-atexit.o)
                              /usr/lib/gcc/arm-none-eabi/12.1.0/../../../../arm-none-eabi/lib/thumb/v7e-m/nofp/crt0.o (atexit)
/usr/lib/gcc/arm-none-eabi/12.1.0/../../../../arm-none-eabi/lib/thumb/v7e-m/nofp/libg.a(lib_a-errno.o)
                              CMakeFiles/CruiseControl.elf.dir/Core/Src/syscalls.c.obj (__errno)
/usr/lib/gcc/arm-none-eabi/12.1.0/../../../../arm-none-eabi/lib/thumb/v7e-m/nofp/libg.a(lib_a-exit.o)
                              /usr/lib/gcc/arm-none-eabi/12.1.0/../../../../arm-none-eabi/lib/thumb/v7e-m/nofp/crt0.o (exit)
/usr/lib/gcc/arm-none-eabi/12.1.0/../../../../arm-none-eabi/lib/thumb/v7e-m/nofp/libg.a(lib_a-fini.o)
                              /usr/lib/gcc/arm-none-eabi/12.1.0/../../../../arm-none-eabi/lib/thumb/v7e-m/nofp/crt0.o (__libc_fini_array)
/usr/lib/gcc/arm-none-eabi/12.1.0/../../../../arm-none-eabi/lib/thumb/v7e-m/nofp/libg.a(lib_a-impure.o)
                              /usr/lib/gcc/arm-none-eabi/12.1.0/../../../../arm-none-eabi/lib/thumb/v7e-m/nofp/libg.a(lib_a-exit.o) (_global_impure_ptr)
/usr/lib/gcc/arm-none-eabi/12.1.0/../../../../arm-none-eabi/lib/thumb/v7e-m/nofp/libg.a(lib_a-init.o)
                              /usr/lib/gcc/arm-none-eabi/12.1.0/../../../../arm-none-eabi/lib/thumb/v7e-m/nofp/crt0.o (__libc_init_array)
/usr/lib/gcc/arm-none-eabi/12.1.0/../../../../arm-none-eabi/lib/thumb/v7e-m/nofp/libg.a(lib_a-memset.o)
                              /usr/lib/gcc/arm-none-eabi/12.1.0/../../../../arm-none-eabi/lib/thumb/v7e-m/nofp/crt0.o (memset)
/usr/lib/gcc/arm-none-eabi/12.1.0/../../../../arm-none-eabi/lib/thumb/v7e-m/nofp/libg.a(lib_a-printf.o)
                              CMakeFiles/CruiseControl.elf.dir/Core/Src/main.c.obj (printf)
/usr/lib/gcc/arm-none-eabi/12.1.0/../../../../arm-none-eabi/lib/thumb/v7e-m/nofp/libg.a(lib_a-strtol.o)
                              CMakeFiles/CruiseControl.elf.dir/Core/Src/elm327.c.obj (strtol)
/usr/lib/gcc/arm-none-eabi/12.1.0/../../../../arm-none-eabi/lib/thumb/v7e-m/nofp/libg.a(lib_a-vfprintf.o)
                              /usr/lib/gcc/arm-none-eabi/12.1.0/../../../../arm-none-eabi/lib/thumb/v7e-m/nofp/libg.a(lib_a-printf.o) (_vfprintf_r)
/usr/lib/gcc/arm-none-eabi/12.1.0/../../../../arm-none-eabi/lib/thumb/v7e-m/nofp/libg.a(lib_a-wsetup.o)
                              /usr/lib/gcc/arm-none-eabi/12.1.0/../../../../arm-none-eabi/lib/thumb/v7e-m/nofp/libg.a(lib_a-vfprintf.o) (__swsetup_r)
/usr/lib/gcc/arm-none-eabi/12.1.0/../../../../arm-none-eabi/lib/thumb/v7e-m/nofp/libg.a(lib_a-__atexit.o)
                              /usr/lib/gcc/arm-none-eabi/12.1.0/../../../../arm-none-eabi/lib/thumb/v7e-m/nofp/libg.a(lib_a-atexit.o) (__register_exitproc)
/usr/lib/gcc/arm-none-eabi/12.1.0/../../../../arm-none-eabi/lib/thumb/v7e-m/nofp/libg.a(lib_a-__call_atexit.o)
                              /usr/lib/gcc/arm-none-eabi/12.1.0/../../../../arm-none-eabi/lib/thumb/v7e-m/nofp/libg.a(lib_a-exit.o) (__call_exitprocs)
/usr/lib/gcc/arm-none-eabi/12.1.0/../../../../arm-none-eabi/lib/thumb/v7e-m/nofp/libg.a(lib_a-ctype_.o)
                              /usr/lib/gcc/arm-none-eabi/12.1.0/../../../../arm-none-eabi/lib/thumb/v7e-m/nofp/libg.a(lib_a-strtol.o) (_ctype_)
/usr/lib/gcc/arm-none-eabi/12.1.0/../../../../arm-none-eabi/lib/thumb/v7e-m/nofp/libg.a(lib_a-dtoa.o)
[...]
Memory Configuration

Name             Origin             Length             Attributes
RAM              0x0000000020000000 0x0000000000010000 xrw
RAM2             0x0000000010000000 0x0000000000004000 xrw
FLASH            0x0000000008000000 0x0000000000040000 xr
*default*        0x0000000000000000 0xffffffffffffffff

Linker script and memory map

LOAD /usr/lib/gcc/arm-none-eabi/12.1.0/thumb/v7e-m/nofp/crti.o
LOAD /usr/lib/gcc/arm-none-eabi/12.1.0/thumb/v7e-m/nofp/crtbegin.o
LOAD /usr/lib/gcc/arm-none-eabi/12.1.0/../../../../arm-none-eabi/lib/thumb/v7e-m/nofp/crt0.o
LOAD CMakeFiles/CruiseControl.elf.dir/Core/Src/elm327.c.obj
LOAD CMakeFiles/CruiseControl.elf.dir/Core/Src/main.c.obj
LOAD CMakeFiles/CruiseControl.elf.dir/Core/Src/stm32l4xx_hal_msp.c.obj
LOAD CMakeFiles/CruiseControl.elf.dir/Core/Src/stm32l4xx_it.c.obj
LOAD CMakeFiles/CruiseControl.elf.dir/Core/Src/syscalls.c.obj
LOAD CMakeFiles/CruiseControl.elf.dir/Core/Src/sysmem.c.obj
LOAD CMakeFiles/CruiseControl.elf.dir/Core/Src/system_stm32l4xx.c.obj
LOAD CMakeFiles/CruiseControl.elf.dir/Core/Src/throttle.c.obj
LOAD CMakeFiles/CruiseControl.elf.dir/Core/Startup/startup_stm32l432kcux.s.obj
LOAD CMakeFiles/CruiseControl.elf.dir/Drivers/STM32L4xx_HAL_Driver/Src/stm32l4xx_hal.c.obj
LOAD CMakeFiles/CruiseControl.elf.dir/Drivers/STM32L4xx_HAL_Driver/Src/stm32l4xx_hal_adc.c.obj
LOAD CMakeFiles/CruiseControl.elf.dir/Drivers/STM32L4xx_HAL_Driver/Src/stm32l4xx_hal_adc_ex.c.obj
LOAD CMakeFiles/CruiseControl.elf.dir/Drivers/STM32L4xx_HAL_Driver/Src/stm32l4xx_hal_cortex.c.obj
LOAD CMakeFiles/CruiseControl.elf.dir/Drivers/STM32L4xx_HAL_Driver/Src/stm32l4xx_hal_dac.c.obj
LOAD CMakeFiles/CruiseControl.elf.dir/Drivers/STM32L4xx_HAL_Driver/Src/stm32l4xx_hal_dac_ex.c.obj
LOAD CMakeFiles/CruiseControl.elf.dir/Drivers/STM32L4xx_HAL_Driver/Src/stm32l4xx_hal_dma.c.obj
LOAD CMakeFiles/CruiseControl.elf.dir/Drivers/STM32L4xx_HAL_Driver/Src/stm32l4xx_hal_dma_ex.c.obj
LOAD CMakeFiles/CruiseControl.elf.dir/Drivers/STM32L4xx_HAL_Driver/Src/stm32l4xx_hal_exti.c.obj
LOAD CMakeFiles/CruiseControl.elf.dir/Drivers/STM32L4xx_HAL_Driver/Src/stm32l4xx_hal_flash.c.obj
LOAD CMakeFiles/CruiseControl.elf.dir/Drivers/STM32L4xx_HAL_Driver/Src/stm32l4xx_hal_flash_ex.c.obj
LOAD CMakeFiles/CruiseControl.elf.dir/Drivers/STM32L4xx_HAL_Driver/Src/stm32l4xx_hal_flash_ramfunc.c.obj
LOAD CMakeFiles/CruiseControl.elf.dir/Drivers/STM32L4xx_HAL_Driver/Src/stm32l4xx_hal_gpio.c.obj
LOAD CMakeFiles/CruiseControl.elf.dir/Drivers/STM32L4xx_HAL_Driver/Src/stm32l4xx_hal_i2c.c.obj
LOAD CMakeFiles/CruiseControl.elf.dir/Drivers/STM32L4xx_HAL_Driver/Src/stm32l4xx_hal_i2c_ex.c.obj
LOAD CMakeFiles/CruiseControl.elf.dir/Drivers/STM32L4xx_HAL_Driver/Src/stm32l4xx_hal_pwr.c.obj
LOAD CMakeFiles/CruiseControl.elf.dir/Drivers/STM32L4xx_HAL_Driver/Src/stm32l4xx_hal_pwr_ex.c.obj
LOAD CMakeFiles/CruiseControl.elf.dir/Drivers/STM32L4xx_HAL_Driver/Src/stm32l4xx_hal_rcc.c.obj
LOAD CMakeFiles/CruiseControl.elf.dir/Drivers/STM32L4xx_HAL_Driver/Src/stm32l4xx_hal_rcc_ex.c.obj
LOAD CMakeFiles/CruiseControl.elf.dir/Drivers/STM32L4xx_HAL_Driver/Src/stm32l4xx_hal_tim.c.obj
LOAD CMakeFiles/CruiseControl.elf.dir/Drivers/STM32L4xx_HAL_Driver/Src/stm32l4xx_hal_tim_ex.c.obj
LOAD CMakeFiles/CruiseControl.elf.dir/Drivers/STM32L4xx_HAL_Driver/Src/stm32l4xx_hal_uart.c.obj
LOAD CMakeFiles/CruiseControl.elf.dir/Drivers/STM32L4xx_HAL_Driver/Src/stm32l4xx_hal_uart_ex.c.obj
START GROUP
LOAD /usr/lib/gcc/arm-none-eabi/12.1.0/thumb/v7e-m/nofp/libgcc.a
LOAD /usr/lib/gcc/arm-none-eabi/12.1.0/../../../../arm-none-eabi/lib/thumb/v7e-m/nofp/libg.a
LOAD /usr/lib/gcc/arm-none-eabi/12.1.0/../../../../arm-none-eabi/lib/thumb/v7e-m/nofp/libc.a
END GROUP
LOAD /usr/lib/gcc/arm-none-eabi/12.1.0/thumb/v7e-m/nofp/crtend.o
LOAD /usr/lib/gcc/arm-none-eabi/12.1.0/thumb/v7e-m/nofp/crtn.o
                0x0000000020010000                _estack = (ORIGIN (RAM) + LENGTH (RAM))
                0x0000000000000200                _Min_Heap_Size = 0x200
                0x0000000000000400                _Min_Stack_Size = 0x400

.isr_vector     0x0000000008000000      0x18c
                0x0000000008000000                . = ALIGN (0x4)
 *(.isr_vector)
 .isr_vector    0x0000000008000000      0x18c CMakeFiles/CruiseControl.elf.dir/Core/Startup/startup_stm32l432kcux.s.obj
                0x0000000008000000                g_pfnVectors
                0x000000000800018c                . = ALIGN (0x4)

.text           0x00000000080001c0     0xa8cc
                0x00000000080001c0                . = ALIGN (0x4)
 *(.text)
 .text          0x00000000080001c0      0x21c /usr/lib/gcc/arm-none-eabi/12.1.0/thumb/v7e-m/nofp/libgcc.a(_arm_addsubsf3.o)
                0x00000000080001c0                __aeabi_frsub
                0x00000000080001c8                __subsf3
                0x00000000080001c8                __aeabi_fsub
                0x00000000080001cc                __aeabi_fadd
                0x00000000080001cc                __addsf3
                0x000000000800032c                __aeabi_ui2f
                0x000000000800032c                __floatunsisf
                0x0000000008000334                __aeabi_i2f
                0x0000000008000334                __floatsisf
                0x0000000008000350                __floatundisf
                0x0000000008000350                __aeabi_ul2f
                0x0000000008000360                __floatdisf
                0x0000000008000360                __aeabi_l2f
 .text          0x00000000080003dc      0x2a0 /usr/lib/gcc/arm-none-eabi/12.1.0/thumb/v7e-m/nofp/libgcc.a(_arm_muldivsf3.o)
                0x00000000080003dc                __mulsf3
                0x00000000080003dc                __aeabi_fmul
                0x0000000008000544                __divsf3
                0x0000000008000544                __aeabi_fdiv
 .text          0x000000000800067c       0xec /usr/lib/gcc/arm-none-eabi/12.1.0/thumb/v7e-m/nofp/libgcc.a(_arm_cmpsf2.o)
                0x000000000800067c                __gtsf2
                0x000000000800067c                __gesf2
                0x0000000008000684                __lesf2
                0x0000000008000684                __ltsf2
                0x000000000800068c                __nesf2
                0x000000000800068c                __eqsf2
                0x000000000800068c                __cmpsf2
                0x00000000080006ec                __aeabi_cfrcmple
                0x00000000080006f4                __aeabi_cfcmple
                0x00000000080006f4                __aeabi_cfcmpeq
                0x0000000008000704                __aeabi_fcmpeq
                0x0000000008000718                __aeabi_fcmplt
                0x000000000800072c                __aeabi_fcmple
                0x0000000008000740                __aeabi_fcmpge
                0x0000000008000754                __aeabi_fcmpgt
 .text          0x0000000008000768       0x4c /usr/lib/gcc/arm-none-eabi/12.1.0/thumb/v7e-m/nofp/libgcc.a(_arm_fixsfsi.o)
                0x0000000008000768                __fixsfsi
                0x0000000008000768                __aeabi_f2iz
 .text          0x00000000080007b4       0x30 /usr/lib/gcc/arm-none-eabi/12.1.0/thumb/v7e-m/nofp/libgcc.a(_aeabi_uldivmod.o)
                0x00000000080007b4                __aeabi_uldivmod
 .text          0x00000000080007e4        0x4 /usr/lib/gcc/arm-none-eabi/12.1.0/thumb/v7e-m/nofp/libgcc.a(_dvmd_tls.o)
                0x00000000080007e4                __aeabi_ldiv0
                0x00000000080007e4                __aeabi_idiv0
 *fill*         0x00000000080007e8        0x8 
 .text          0x00000000080007f0       0xa0 /usr/lib/gcc/arm-none-eabi/12.1.0/../../../../arm-none-eabi/lib/thumb/v7e-m/nofp/libg.a(lib_a-memchr.o)
                0x00000000080007f0                memchr
 .text          0x0000000008000890      0x134 /usr/lib/gcc/arm-none-eabi/12.1.0/../../../../arm-none-eabi/lib/thumb/v7e-m/nofp/libg.a(lib_a-memcpy.o)
                0x0000000008000890                memcpy
 *fill*         0x00000000080009c4       0x3c 
 .text          0x0000000008000a00       0xdc /usr/lib/gcc/arm-none-eabi/12.1.0/../../../../arm-none-eabi/lib/thumb/v7e-m/nofp/libg.a(lib_a-strlen.o)
                0x0000000008000a00                strlen
 .text          0x0000000008000adc      0x378 /usr/lib/gcc/arm-none-eabi/12.1.0/thumb/v7e-m/nofp/libgcc.a(_arm_addsubdf3.o)
                0x0000000008000adc                __aeabi_drsub
                0x0000000008000ae4                __aeabi_dsub
                0x0000000008000ae4                __subdf3
                0x0000000008000ae8                __adddf3
                0x0000000008000ae8                __aeabi_dadd
                0x0000000008000d60                __aeabi_ui2d
                0x0000000008000d60                __floatunsidf
                0x0000000008000d80                __floatsidf
                0x0000000008000d80                __aeabi_i2d
                0x0000000008000da4                __extendsfdf2
                0x0000000008000da4                __aeabi_f2d
                0x0000000008000de8                __aeabi_ul2d
                0x0000000008000de8                __floatundidf
                0x0000000008000df8                __floatdidf
                0x0000000008000df8                __aeabi_l2d
 .text          0x0000000008000e54      0x424 /usr/lib/gcc/arm-none-eabi/12.1.0/thumb/v7e-m/nofp/libgcc.a(_arm_muldivdf3.o)
                0x0000000008000e54                __aeabi_dmul
                0x0000000008000e54                __muldf3
                0x00000000080010a8                __aeabi_ddiv
                0x00000000080010a8                __divdf3
 .text          0x0000000008001278      0x110 /usr/lib/gcc/arm-none-eabi/12.1.0/thumb/v7e-m/nofp/libgcc.a(_arm_cmpdf2.o)
                0x0000000008001278                __gtdf2
                0x0000000008001278                __gedf2
                0x0000000008001280                __ltdf2
                0x0000000008001280                __ledf2
                0x0000000008001288                __cmpdf2
                0x0000000008001288                __eqdf2
                0x0000000008001288                __nedf2
                0x0000000008001304                __aeabi_cdrcmple
                0x0000000008001314                __aeabi_cdcmple
                0x0000000008001314                __aeabi_cdcmpeq
                0x0000000008001324                __aeabi_dcmpeq
                0x0000000008001338                __aeabi_dcmplt
                0x000000000800134c                __aeabi_dcmple
                0x0000000008001360                __aeabi_dcmpge
                0x0000000008001374                __aeabi_dcmpgt
 .text          0x0000000008001388       0x2c /usr/lib/gcc/arm-none-eabi/12.1.0/thumb/v7e-m/nofp/libgcc.a(_arm_unorddf2.o)
                0x0000000008001388                __aeabi_dcmpun
                0x0000000008001388                __unorddf2
 .text          0x00000000080013b4       0x50 /usr/lib/gcc/arm-none-eabi/12.1.0/thumb/v7e-m/nofp/libgcc.a(_arm_fixdfsi.o)
                0x00000000080013b4                __fixdfsi
                0x00000000080013b4                __aeabi_d2iz
 *(.text*)
 .text.__do_global_dtors_aux
                0x0000000008001404       0x24 /usr/lib/gcc/arm-none-eabi/12.1.0/thumb/v7e-m/nofp/crtbegin.o
 .text.frame_dummy
                0x0000000008001428       0x1c /usr/lib/gcc/arm-none-eabi/12.1.0/thumb/v7e-m/nofp/crtbegin.o
 .text.elm_connect
                0x0000000008001444       0x50 CMakeFiles/CruiseControl.elf.dir/Core/Src/elm327.c.obj
                0x0000000008001444                elm_connect
 .text.elm_send_query
                0x0000000008001494       0x26 CMakeFiles/CruiseControl.elf.dir/Core/Src/elm327.c.obj
                0x0000000008001494                elm_send_query
 *fill*         0x00000000080014ba        0x2 
 .text.elm_parse_speed
                0x00000000080014bc       0x4c CMakeFiles/CruiseControl.elf.dir/Core/Src/elm327.c.obj
                0x00000000080014bc                elm_parse_speed
 .text.MX_GPIO_Init
                0x0000000008001508       0xc4 CMakeFiles/CruiseControl.elf.dir/Core/Src/main.c.obj
 .text.__io_putchar
                0x00000000080015cc       0x24 CMakeFiles/CruiseControl.elf.dir/Core/Src/main.c.obj
                0x00000000080015cc                __io_putchar
 .text.timer_configuire
                0x00000000080015f0       0x4c CMakeFiles/CruiseControl.elf.dir/Core/Src/main.c.obj
                0x00000000080015f0                timer_configuire
 .text.TIM2_IRQHandler
                0x000000000800163c       0x18 CMakeFiles/CruiseControl.elf.dir/Core/Src/main.c.obj
                0x000000000800163c                TIM2_IRQHandler
 .text.HAL_UART_RxCpltCallback
                0x0000000008001654       0x1c CMakeFiles/CruiseControl.elf.dir/Core/Src/main.c.obj
                0x0000000008001654                HAL_UART_RxCpltCallback
 .text.Error_Handler
                0x0000000008001670        0x4 CMakeFiles/CruiseControl.elf.dir/Core/Src/main.c.obj
                0x0000000008001670                Error_Handler
 .text.MX_USART2_UART_Init
                0x0000000008001674       0x38 CMakeFiles/CruiseControl.elf.dir/Core/Src/main.c.obj
 .text.MX_ADC1_Init
                0x00000000080016ac       0x80 CMakeFiles/CruiseControl.elf.dir/Core/Src/main.c.obj
 .text.MX_DAC1_Init
                0x000000000800172c       0x48 CMakeFiles/CruiseControl.elf.dir/Core/Src/main.c.obj
 .text.MX_USART1_UART_Init
                0x0000000008001774       0x48 CMakeFiles/CruiseControl.elf.dir/Core/Src/main.c.obj
 .text.SystemClock_Config
                0x00000000080017bc       0x98 CMakeFiles/CruiseControl.elf.dir/Core/Src/main.c.obj
                0x00000000080017bc                SystemClock_Config
 .text.main     0x0000000008001854      0x10c CMakeFiles/CruiseControl.elf.dir/Core/Src/main.c.obj
                0x0000000008001854                main
 .text.HAL_MspInit
                0x0000000008001960       0x30 CMakeFiles/CruiseControl.elf.dir/Core/Src/stm32l4xx_hal_msp.c.obj
                0x0000000008001960                HAL_MspInit
 .text.HAL_ADC_MspInit
                0x0000000008001990       0xa0 CMakeFiles/CruiseControl.elf.dir/Core/Src/stm32l4xx_hal_msp.c.obj
                0x0000000008001990                HAL_ADC_MspInit
 .text.HAL_DAC_MspInit
                0x0000000008001a30       0x60 CMakeFiles/CruiseControl.elf.dir/Core/Src/stm32l4xx_hal_msp.c.obj
                0x0000000008001a30                HAL_DAC_MspInit
 .text.HAL_UART_MspInit
                0x0000000008001a90      0x104 CMakeFiles/CruiseControl.elf.dir/Core/Src/stm32l4xx_hal_msp.c.obj
                0x0000000008001a90                HAL_UART_MspInit
 .text.USART1_IRQHandler
                0x0000000008001b94       0x10 CMakeFiles/CruiseControl.elf.dir/Core/Src/stm32l4xx_it.c.obj
                0x0000000008001b94                USART1_IRQHandler
 .text.NMI_Handler
                0x0000000008001ba4        0x2 CMakeFiles/CruiseControl.elf.dir/Core/Src/stm32l4xx_it.c.obj
                0x0000000008001ba4                NMI_Handler
 .text.HardFault_Handler
                0x0000000008001ba6        0x2 CMakeFiles/CruiseControl.elf.dir/Core/Src/stm32l4xx_it.c.obj
                0x0000000008001ba6                HardFault_Handler
 .text.MemManage_Handler
                0x0000000008001ba8        0x2 CMakeFiles/CruiseControl.elf.dir/Core/Src/stm32l4xx_it.c.obj
                0x0000000008001ba8                MemManage_Handler
 .text.BusFault_Handler
                0x0000000008001baa        0x2 CMakeFiles/CruiseControl.elf.dir/Core/Src/stm32l4xx_it.c.obj
                0x0000000008001baa                BusFault_Handler
 .text.UsageFault_Handler
                0x0000000008001bac        0x2 CMakeFiles/CruiseControl.elf.dir/Core/Src/stm32l4xx_it.c.obj
                0x0000000008001bac                UsageFault_Handler
 .text.SVC_Handler
                0x0000000008001bae        0x2 CMakeFiles/CruiseControl.elf.dir/Core/Src/stm32l4xx_it.c.obj
                0x0000000008001bae                SVC_Handler
 .text.DebugMon_Handler
                0x0000000008001bb0        0x2 CMakeFiles/CruiseControl.elf.dir/Core/Src/stm32l4xx_it.c.obj
                0x0000000008001bb0                DebugMon_Handler
 .text.PendSV_Handler
                0x0000000008001bb2        0x2 CMakeFiles/CruiseControl.elf.dir/Core/Src/stm32l4xx_it.c.obj
                0x0000000008001bb2                PendSV_Handler
 .text.SysTick_Handler
                0x0000000008001bb4        0x8 CMakeFiles/CruiseControl.elf.dir/Core/Src/stm32l4xx_it.c.obj
                0x0000000008001bb4                SysTick_Handler
 .text.EXTI9_5_IRQHandler
                0x0000000008001bbc       0x20 CMakeFiles/CruiseControl.elf.dir/Core/Src/stm32l4xx_it.c.obj
                0x0000000008001bbc                EXTI9_5_IRQHandler
 .text._getpid  0x0000000008001bdc        0x4 CMakeFiles/CruiseControl.elf.dir/Core/Src/syscalls.c.obj
                0x0000000008001bdc                _getpid
 .text._kill    0x0000000008001be0       0x10 CMakeFiles/CruiseControl.elf.dir/Core/Src/syscalls.c.obj
                0x0000000008001be0                _kill
 .text._exit    0x0000000008001bf0        0xc CMakeFiles/CruiseControl.elf.dir/Core/Src/syscalls.c.obj
                0x0000000008001bf0                _exit
 .text._read    0x0000000008001bfc       0x20 CMakeFiles/CruiseControl.elf.dir/Core/Src/syscalls.c.obj
                0x0000000008001bfc                _read
 .text._write   0x0000000008001c1c       0x1c CMakeFiles/CruiseControl.elf.dir/Core/Src/syscalls.c.obj
                0x0000000008001c1c                _write
 .text._close   0x0000000008001c38        0x6 CMakeFiles/CruiseControl.elf.dir/Core/Src/syscalls.c.obj
                0x0000000008001c38                _close
 .text._fstat   0x0000000008001c3e        0xa CMakeFiles/CruiseControl.elf.dir/Core/Src/syscalls.c.obj
                0x0000000008001c3e                _fstat
 .text._isatty  0x0000000008001c48        0x4 CMakeFiles/CruiseControl.elf.dir/Core/Src/syscalls.c.obj
                0x0000000008001c48                _isatty
 .text._lseek   0x0000000008001c4c        0x4 CMakeFiles/CruiseControl.elf.dir/Core/Src/syscalls.c.obj
                0x0000000008001c4c                _lseek
 .text._sbrk    0x0000000008001c50       0x48 CMakeFiles/CruiseControl.elf.dir/Core/Src/sysmem.c.obj
                0x0000000008001c50                _sbrk
 .text.SystemInit
                0x0000000008001c98        0x2 CMakeFiles/CruiseControl.elf.dir/Core/Src/system_stm32l4xx.c.obj
                0x0000000008001c98                SystemInit
 .text.float_constraint
                0x0000000008001c9a       0x22 CMakeFiles/CruiseControl.elf.dir/Core/Src/throttle.c.obj
                0x0000000008001c9a                float_constraint
 .text.int_constraint
                0x0000000008001cbc       0x12 CMakeFiles/CruiseControl.elf.dir/Core/Src/throttle.c.obj
                0x0000000008001cbc                int_constraint
 .text.car_controller_update_accelerator_raw_input
                0x0000000008001cce       0x14 CMakeFiles/CruiseControl.elf.dir/Core/Src/throttle.c.obj
                0x0000000008001cce                car_controller_update_accelerator_raw_input
 *fill*         0x0000000008001ce2        0x2 
 .text.car_controller_execute_throttle
                0x0000000008001ce4       0x38 CMakeFiles/CruiseControl.elf.dir/Core/Src/throttle.c.obj
                0x0000000008001ce4                car_controller_execute_throttle
 .text.car_calculate_accelerator_scaled_value
                0x0000000008001d1c       0x4c CMakeFiles/CruiseControl.elf.dir/Core/Src/throttle.c.obj
                0x0000000008001d1c                car_calculate_accelerator_scaled_value
 .text.car_set_throttle_percent
                0x0000000008001d68       0x34 CMakeFiles/CruiseControl.elf.dir/Core/Src/throttle.c.obj
                0x0000000008001d68                car_set_throttle_percent
 .text.car_throttle_handler
                0x0000000008001d9c       0x20 CMakeFiles/CruiseControl.elf.dir/Core/Src/throttle.c.obj
                0x0000000008001d9c                car_throttle_handler
 .text.Reset_Handler
                0x0000000008001dbc       0x50 CMakeFiles/CruiseControl.elf.dir/Core/Startup/startup_stm32l432kcux.s.obj
                0x0000000008001dbc                Reset_Handler
 .text.Default_Handler
                0x0000000008001e0c        0x2 CMakeFiles/CruiseControl.elf.dir/Core/Startup/startup_stm32l432kcux.s.obj
                0x0000000008001e0c                RTC_Alarm_IRQHandler
                0x0000000008001e0c                EXTI2_IRQHandler
                0x0000000008001e0c                TIM1_CC_IRQHandler
                0x0000000008001e0c                TSC_IRQHandler
                0x0000000008001e0c                TAMP_STAMP_IRQHandler
                0x0000000008001e0c                EXTI3_IRQHandler
                0x0000000008001e0c                LPTIM2_IRQHandler
                0x0000000008001e0c                I2C3_ER_IRQHandler
                0x0000000008001e0c                EXTI0_IRQHandler
                0x0000000008001e0c                CAN1_RX0_IRQHandler
                0x0000000008001e0c                FPU_IRQHandler
                0x0000000008001e0c                TIM1_UP_TIM16_IRQHandler
                0x0000000008001e0c                SPI1_IRQHandler
                0x0000000008001e0c                TIM6_DAC_IRQHandler
                0x0000000008001e0c                DMA2_Channel2_IRQHandler
                0x0000000008001e0c                DMA1_Channel4_IRQHandler
                0x0000000008001e0c                ADC1_IRQHandler
                0x0000000008001e0c                DMA1_Channel7_IRQHandler
                0x0000000008001e0c                CAN1_RX1_IRQHandler
                0x0000000008001e0c                DMA2_Channel1_IRQHandler
                0x0000000008001e0c                QUADSPI_IRQHandler
                0x0000000008001e0c                I2C1_EV_IRQHandler
                0x0000000008001e0c                DMA1_Channel6_IRQHandler
                0x0000000008001e0c                DMA2_Channel4_IRQHandler
                0x0000000008001e0c                RCC_IRQHandler
                0x0000000008001e0c                TIM1_TRG_COM_IRQHandler
                0x0000000008001e0c                DMA1_Channel1_IRQHandler
                0x0000000008001e0c                Default_Handler
                0x0000000008001e0c                DMA2_Channel7_IRQHandler
                0x0000000008001e0c                EXTI15_10_IRQHandler
                0x0000000008001e0c                TIM7_IRQHandler
                0x0000000008001e0c                I2C3_EV_IRQHandler
                0x0000000008001e0c                USB_IRQHandler
                0x0000000008001e0c                RTC_WKUP_IRQHandler
                0x0000000008001e0c                PVD_PVM_IRQHandler
                0x0000000008001e0c                CAN1_TX_IRQHandler
                0x0000000008001e0c                DMA2_Channel5_IRQHandler
                0x0000000008001e0c                CRS_IRQHandler
                0x0000000008001e0c                DMA1_Channel5_IRQHandler
                0x0000000008001e0c                EXTI4_IRQHandler
                0x0000000008001e0c                RNG_IRQHandler
                0x0000000008001e0c                DMA1_Channel3_IRQHandler
                0x0000000008001e0c                COMP_IRQHandler
                0x0000000008001e0c                WWDG_IRQHandler
                0x0000000008001e0c                LPUART1_IRQHandler
                0x0000000008001e0c                DMA2_Channel6_IRQHandler
                0x0000000008001e0c                EXTI1_IRQHandler
                0x0000000008001e0c                USART2_IRQHandler
                0x0000000008001e0c                DMA1_Channel2_IRQHandler
                0x0000000008001e0c                CAN1_SCE_IRQHandler
                0x0000000008001e0c                FLASH_IRQHandler
                0x0000000008001e0c                SPI3_IRQHandler
                0x0000000008001e0c                I2C1_ER_IRQHandler
                0x0000000008001e0c                SWPMI1_IRQHandler
                0x0000000008001e0c                LPTIM1_IRQHandler
                0x0000000008001e0c                SAI1_IRQHandler
                0x0000000008001e0c                DMA2_Channel3_IRQHandler
                0x0000000008001e0c                TIM1_BRK_TIM15_IRQHandler
 *fill*         0x0000000008001e0e        0x2 
 .text.HAL_InitTick
                0x0000000008001e10       0x50 CMakeFiles/CruiseControl.elf.dir/Drivers/STM32L4xx_HAL_Driver/Src/stm32l4xx_hal.c.obj
                0x0000000008001e10                HAL_InitTick
 .text.HAL_Init
                0x0000000008001e60       0x1e CMakeFiles/CruiseControl.elf.dir/Drivers/STM32L4xx_HAL_Driver/Src/stm32l4xx_hal.c.obj
                0x0000000008001e60                HAL_Init
 *fill*         0x0000000008001e7e        0x2 
 .text.HAL_IncTick
                0x0000000008001e80       0x18 CMakeFiles/CruiseControl.elf.dir/Drivers/STM32L4xx_HAL_Driver/Src/stm32l4xx_hal.c.obj
                0x0000000008001e80                HAL_IncTick
 .text.HAL_GetTick
                0x0000000008001e98        0xc CMakeFiles/CruiseControl.elf.dir/Drivers/STM32L4xx_HAL_Driver/Src/stm32l4xx_hal.c.obj
                0x0000000008001e98                HAL_GetTick
 .text.HAL_Delay
                0x0000000008001ea4       0x28 CMakeFiles/CruiseControl.elf.dir/Drivers/STM32L4xx_HAL_Driver/Src/stm32l4xx_hal.c.obj
                0x0000000008001ea4                HAL_Delay
 .text.LL_ADC_REG_SetSequencerRanks
                0x0000000008001ecc       0x2e CMakeFiles/CruiseControl.elf.dir/Drivers/STM32L4xx_HAL_Driver/Src/stm32l4xx_hal_adc.c.obj
 .text.LL_ADC_SetChannelSamplingTime
                0x0000000008001efa       0x2a CMakeFiles/CruiseControl.elf.dir/Drivers/STM32L4xx_HAL_Driver/Src/stm32l4xx_hal_adc.c.obj
 .text.HAL_ADC_Init
                0x0000000008001f24      0x1dc CMakeFiles/CruiseControl.elf.dir/Drivers/STM32L4xx_HAL_Driver/Src/stm32l4xx_hal_adc.c.obj
                0x0000000008001f24                HAL_ADC_Init
 .text.HAL_ADC_GetValue
                0x0000000008002100        0x6 CMakeFiles/CruiseControl.elf.dir/Drivers/STM32L4xx_HAL_Driver/Src/stm32l4xx_hal_adc.c.obj
                0x0000000008002100                HAL_ADC_GetValue
 *fill*         0x0000000008002106        0x2 
 .text.HAL_ADC_ConfigChannel
                0x0000000008002108      0x43c CMakeFiles/CruiseControl.elf.dir/Drivers/STM32L4xx_HAL_Driver/Src/stm32l4xx_hal_adc.c.obj
                0x0000000008002108                HAL_ADC_ConfigChannel
 .text.ADC_Enable
                0x0000000008002544       0xdc CMakeFiles/CruiseControl.elf.dir/Drivers/STM32L4xx_HAL_Driver/Src/stm32l4xx_hal_adc.c.obj
                0x0000000008002544                ADC_Enable
 .text.HAL_ADC_Start
                0x0000000008002620       0x8c CMakeFiles/CruiseControl.elf.dir/Drivers/STM32L4xx_HAL_Driver/Src/stm32l4xx_hal_adc.c.obj
                0x0000000008002620                HAL_ADC_Start
 .text.__NVIC_EnableIRQ
                0x00000000080026ac       0x1c CMakeFiles/CruiseControl.elf.dir/Drivers/STM32L4xx_HAL_Driver/Src/stm32l4xx_hal_cortex.c.obj
 .text.__NVIC_SetPriority
                0x00000000080026c8       0x28 CMakeFiles/CruiseControl.elf.dir/Drivers/STM32L4xx_HAL_Driver/Src/stm32l4xx_hal_cortex.c.obj
 .text.NVIC_EncodePriority
                0x00000000080026f0       0x3e CMakeFiles/CruiseControl.elf.dir/Drivers/STM32L4xx_HAL_Driver/Src/stm32l4xx_hal_cortex.c.obj
 *fill*         0x000000000800272e        0x2 
 .text.HAL_NVIC_SetPriorityGrouping
                0x0000000008002730       0x24 CMakeFiles/CruiseControl.elf.dir/Drivers/STM32L4xx_HAL_Driver/Src/stm32l4xx_hal_cortex.c.obj
                0x0000000008002730                HAL_NVIC_SetPriorityGrouping
 .text.HAL_NVIC_SetPriority
                0x0000000008002754       0x20 CMakeFiles/CruiseControl.elf.dir/Drivers/STM32L4xx_HAL_Driver/Src/stm32l4xx_hal_cortex.c.obj
                0x0000000008002754                HAL_NVIC_SetPriority
 .text.HAL_NVIC_EnableIRQ
                0x0000000008002774        0x8 CMakeFiles/CruiseControl.elf.dir/Drivers/STM32L4xx_HAL_Driver/Src/stm32l4xx_hal_cortex.c.obj
                0x0000000008002774                HAL_NVIC_EnableIRQ
 .text.HAL_SYSTICK_Config
                0x000000000800277c       0x28 CMakeFiles/CruiseControl.elf.dir/Drivers/STM32L4xx_HAL_Driver/Src/stm32l4xx_hal_cortex.c.obj
                0x000000000800277c                HAL_SYSTICK_Config
 .text.HAL_DAC_Init
                0x00000000080027a4       0x24 CMakeFiles/CruiseControl.elf.dir/Drivers/STM32L4xx_HAL_Driver/Src/stm32l4xx_hal_dac.c.obj
                0x00000000080027a4                HAL_DAC_Init
 .text.HAL_DAC_Start
                0x00000000080027c8       0x62 CMakeFiles/CruiseControl.elf.dir/Drivers/STM32L4xx_HAL_Driver/Src/stm32l4xx_hal_dac.c.obj
                0x00000000080027c8                HAL_DAC_Start
 .text.HAL_DAC_SetValue
                0x000000000800282a       0x2c CMakeFiles/CruiseControl.elf.dir/Drivers/STM32L4xx_HAL_Driver/Src/stm32l4xx_hal_dac.c.obj
                0x000000000800282a                HAL_DAC_SetValue
 .text.HAL_DAC_ConfigChannel
                0x0000000008002856      0x136 CMakeFiles/CruiseControl.elf.dir/Drivers/STM32L4xx_HAL_Driver/Src/stm32l4xx_hal_dac.c.obj
                0x0000000008002856                HAL_DAC_ConfigChannel
 .text.HAL_DMA_Abort
                0x000000000800298c       0x4a CMakeFiles/CruiseControl.elf.dir/Drivers/STM32L4xx_HAL_Driver/Src/stm32l4xx_hal_dma.c.obj
                0x000000000800298c                HAL_DMA_Abort
 .text.HAL_DMA_Abort_IT
                0x00000000080029d6       0x50 CMakeFiles/CruiseControl.elf.dir/Drivers/STM32L4xx_HAL_Driver/Src/stm32l4xx_hal_dma.c.obj
                0x00000000080029d6                HAL_DMA_Abort_IT
 *fill*         0x0000000008002a26        0x2 
 .text.HAL_GPIO_Init
                0x0000000008002a28      0x1b8 CMakeFiles/CruiseControl.elf.dir/Drivers/STM32L4xx_HAL_Driver/Src/stm32l4xx_hal_gpio.c.obj
                0x0000000008002a28                HAL_GPIO_Init
 .text.HAL_GPIO_WritePin
                0x0000000008002be0        0xa CMakeFiles/CruiseControl.elf.dir/Drivers/STM32L4xx_HAL_Driver/Src/stm32l4xx_hal_gpio.c.obj
                0x0000000008002be0                HAL_GPIO_WritePin
 .text.HAL_GPIO_TogglePin
                0x0000000008002bea       0x12 CMakeFiles/CruiseControl.elf.dir/Drivers/STM32L4xx_HAL_Driver/Src/stm32l4xx_hal_gpio.c.obj
                0x0000000008002bea                HAL_GPIO_TogglePin
 .text.HAL_PWR_EnableBkUpAccess
                0x0000000008002bfc       0x10 CMakeFiles/CruiseControl.elf.dir/Drivers/STM32L4xx_HAL_Driver/Src/stm32l4xx_hal_pwr.c.obj
                0x0000000008002bfc                HAL_PWR_EnableBkUpAccess
 .text.HAL_PWREx_GetVoltageRange
                0x0000000008002c0c       0x10 CMakeFiles/CruiseControl.elf.dir/Drivers/STM32L4xx_HAL_Driver/Src/stm32l4xx_hal_pwr_ex.c.obj
                0x0000000008002c0c                HAL_PWREx_GetVoltageRange
 .text.HAL_PWREx_ControlVoltageScaling
                0x0000000008002c1c       0x90 CMakeFiles/CruiseControl.elf.dir/Drivers/STM32L4xx_HAL_Driver/Src/stm32l4xx_hal_pwr_ex.c.obj
                0x0000000008002c1c                HAL_PWREx_ControlVoltageScaling
 .text.RCC_SetFlashLatencyFromMSIRange
                0x0000000008002cac       0x90 CMakeFiles/CruiseControl.elf.dir/Drivers/STM32L4xx_HAL_Driver/Src/stm32l4xx_hal_rcc.c.obj
 .text.HAL_RCC_GetSysClockFreq
                0x0000000008002d3c       0xb4 CMakeFiles/CruiseControl.elf.dir/Drivers/STM32L4xx_HAL_Driver/Src/stm32l4xx_hal_rcc.c.obj
                0x0000000008002d3c                HAL_RCC_GetSysClockFreq
 .text.HAL_RCC_OscConfig
                0x0000000008002df0      0x66c CMakeFiles/CruiseControl.elf.dir/Drivers/STM32L4xx_HAL_Driver/Src/stm32l4xx_hal_rcc.c.obj
                0x0000000008002df0                HAL_RCC_OscConfig
 .text.HAL_RCC_ClockConfig
                0x000000000800345c      0x188 CMakeFiles/CruiseControl.elf.dir/Drivers/STM32L4xx_HAL_Driver/Src/stm32l4xx_hal_rcc.c.obj
                0x000000000800345c                HAL_RCC_ClockConfig
 .text.HAL_RCC_GetHCLKFreq
                0x00000000080035e4        0xc CMakeFiles/CruiseControl.elf.dir/Drivers/STM32L4xx_HAL_Driver/Src/stm32l4xx_hal_rcc.c.obj
                0x00000000080035e4                HAL_RCC_GetHCLKFreq
 .text.HAL_RCC_GetPCLK1Freq
                0x00000000080035f0       0x24 CMakeFiles/CruiseControl.elf.dir/Drivers/STM32L4xx_HAL_Driver/Src/stm32l4xx_hal_rcc.c.obj
                0x00000000080035f0                HAL_RCC_GetPCLK1Freq
 .text.HAL_RCC_GetPCLK2Freq
                0x0000000008003614       0x24 CMakeFiles/CruiseControl.elf.dir/Drivers/STM32L4xx_HAL_Driver/Src/stm32l4xx_hal_rcc.c.obj
                0x0000000008003614                HAL_RCC_GetPCLK2Freq
 .text.RCCEx_PLLSAI1_Config
                0x0000000008003638      0x16c CMakeFiles/CruiseControl.elf.dir/Drivers/STM32L4xx_HAL_Driver/Src/stm32l4xx_hal_rcc_ex.c.obj
 .text.HAL_RCCEx_PeriphCLKConfig
                0x00000000080037a4      0x2e8 CMakeFiles/CruiseControl.elf.dir/Drivers/STM32L4xx_HAL_Driver/Src/stm32l4xx_hal_rcc_ex.c.obj
                0x00000000080037a4                HAL_RCCEx_PeriphCLKConfig
 .text.HAL_RCCEx_EnableMSIPLLMode
                0x0000000008003a8c       0x10 CMakeFiles/CruiseControl.elf.dir/Drivers/STM32L4xx_HAL_Driver/Src/stm32l4xx_hal_rcc_ex.c.obj
                0x0000000008003a8c                HAL_RCCEx_EnableMSIPLLMode
 .text.UART_EndRxTransfer
                0x0000000008003a9c       0x50 CMakeFiles/CruiseControl.elf.dir/Drivers/STM32L4xx_HAL_Driver/Src/stm32l4xx_hal_uart.c.obj
 .text.UART_TxISR_8BIT
                0x0000000008003aec       0x54 CMakeFiles/CruiseControl.elf.dir/Drivers/STM32L4xx_HAL_Driver/Src/stm32l4xx_hal_uart.c.obj
 .text.UART_TxISR_16BIT
                0x0000000008003b40       0x58 CMakeFiles/CruiseControl.elf.dir/Drivers/STM32L4xx_HAL_Driver/Src/stm32l4xx_hal_uart.c.obj
 .text.HAL_UART_Transmit_IT
                0x0000000008003b98       0x80 CMakeFiles/CruiseControl.elf.dir/Drivers/STM32L4xx_HAL_Driver/Src/stm32l4xx_hal_uart.c.obj
                0x0000000008003b98                HAL_UART_Transmit_IT
 .text.HAL_UART_TxCpltCallback
                0x0000000008003c18        0x2 CMakeFiles/CruiseControl.elf.dir/Drivers/STM32L4xx_HAL_Driver/Src/stm32l4xx_hal_uart.c.obj
                0x0000000008003c18                HAL_UART_TxCpltCallback
 .text.UART_EndTransmit_IT
                0x0000000008003c1a       0x22 CMakeFiles/CruiseControl.elf.dir/Drivers/STM32L4xx_HAL_Driver/Src/stm32l4xx_hal_uart.c.obj
 .text.HAL_UART_ErrorCallback
                0x0000000008003c3c        0x2 CMakeFiles/CruiseControl.elf.dir/Drivers/STM32L4xx_HAL_Driver/Src/stm32l4xx_hal_uart.c.obj
                0x0000000008003c3c                HAL_UART_ErrorCallback
 .text.UART_DMAAbortOnError
                0x0000000008003c3e       0x14 CMakeFiles/CruiseControl.elf.dir/Drivers/STM32L4xx_HAL_Driver/Src/stm32l4xx_hal_uart.c.obj
 .text.HAL_UARTEx_RxEventCallback
                0x0000000008003c52        0x2 CMakeFiles/CruiseControl.elf.dir/Drivers/STM32L4xx_HAL_Driver/Src/stm32l4xx_hal_uart.c.obj
                0x0000000008003c52                HAL_UARTEx_RxEventCallback
 .text.HAL_UART_IRQHandler
                0x0000000008003c54      0x2e0 CMakeFiles/CruiseControl.elf.dir/Drivers/STM32L4xx_HAL_Driver/Src/stm32l4xx_hal_uart.c.obj
                0x0000000008003c54                HAL_UART_IRQHandler
 .text.UART_RxISR_8BIT
                0x0000000008003f34       0xb0 CMakeFiles/CruiseControl.elf.dir/Drivers/STM32L4xx_HAL_Driver/Src/stm32l4xx_hal_uart.c.obj
 .text.UART_RxISR_16BIT
                0x0000000008003fe4       0xae CMakeFiles/CruiseControl.elf.dir/Drivers/STM32L4xx_HAL_Driver/Src/stm32l4xx_hal_uart.c.obj
 *fill*         0x0000000008004092        0x2 
 .text.UART_SetConfig
                0x0000000008004094      0x260 CMakeFiles/CruiseControl.elf.dir/Drivers/STM32L4xx_HAL_Driver/Src/stm32l4xx_hal_uart.c.obj
                0x0000000008004094                UART_SetConfig
 .text.UART_AdvFeatureConfig
                0x00000000080042f4       0xca CMakeFiles/CruiseControl.elf.dir/Drivers/STM32L4xx_HAL_Driver/Src/stm32l4xx_hal_uart.c.obj
                0x00000000080042f4                UART_AdvFeatureConfig
 .text.UART_WaitOnFlagUntilTimeout
                0x00000000080043be       0xd0 CMakeFiles/CruiseControl.elf.dir/Drivers/STM32L4xx_HAL_Driver/Src/stm32l4xx_hal_uart.c.obj
                0x00000000080043be                UART_WaitOnFlagUntilTimeout
 .text.HAL_UART_Transmit
                0x000000000800448e       0xd8 CMakeFiles/CruiseControl.elf.dir/Drivers/STM32L4xx_HAL_Driver/Src/stm32l4xx_hal_uart.c.obj
                0x000000000800448e                HAL_UART_Transmit
 .text.HAL_UART_Receive
                0x0000000008004566      0x124 CMakeFiles/CruiseControl.elf.dir/Drivers/STM32L4xx_HAL_Driver/Src/stm32l4xx_hal_uart.c.obj
                0x0000000008004566                HAL_UART_Receive
 .text.UART_CheckIdleState
                0x000000000800468a       0x70 CMakeFiles/CruiseControl.elf.dir/Drivers/STM32L4xx_HAL_Driver/Src/stm32l4xx_hal_uart.c.obj
                0x000000000800468a                UART_CheckIdleState
 .text.HAL_UART_Init
                0x00000000080046fa       0x62 CMakeFiles/CruiseControl.elf.dir/Drivers/STM32L4xx_HAL_Driver/Src/stm32l4xx_hal_uart.c.obj
                0x00000000080046fa                HAL_UART_Init
 .text.UART_Start_Receive_IT
                0x000000000800475c       0xd8 CMakeFiles/CruiseControl.elf.dir/Drivers/STM32L4xx_HAL_Driver/Src/stm32l4xx_hal_uart.c.obj
                0x000000000800475c                UART_Start_Receive_IT
 .text.HAL_UART_Receive_IT
                0x0000000008004834       0x5c CMakeFiles/CruiseControl.elf.dir/Drivers/STM32L4xx_HAL_Driver/Src/stm32l4xx_hal_uart.c.obj
                0x0000000008004834                HAL_UART_Receive_IT
 .text.HAL_UARTEx_WakeupCallback
                0x0000000008004890        0x2 CMakeFiles/CruiseControl.elf.dir/Drivers/STM32L4xx_HAL_Driver/Src/stm32l4xx_hal_uart_ex.c.obj
                0x0000000008004890                HAL_UARTEx_WakeupCallback
 .text.__udivmoddi4
                0x0000000008004892      0x2a0 /usr/lib/gcc/arm-none-eabi/12.1.0/thumb/v7e-m/nofp/libgcc.a(_udivmoddi4.o)
                0x0000000008004892                __udivmoddi4
 *fill*         0x0000000008004b32        0x2 
 .text.atexit   0x0000000008004b34        0xc /usr/lib/gcc/arm-none-eabi/12.1.0/../../../../arm-none-eabi/lib/thumb/v7e-m/nofp/libg.a(lib_a-atexit.o)
                0x0000000008004b34                atexit
 .text.__errno  0x0000000008004b40        0xc /usr/lib/gcc/arm-none-eabi/12.1.0/../../../../arm-none-eabi/lib/thumb/v7e-m/nofp/libg.a(lib_a-errno.o)
                0x0000000008004b40                __errno
 .text.__libc_fini_array
                0x0000000008004b4c       0x2c /usr/lib/gcc/arm-none-eabi/12.1.0/../../../../arm-none-eabi/lib/thumb/v7e-m/nofp/libg.a(lib_a-fini.o)
                0x0000000008004b4c                __libc_fini_array
 .text.__libc_init_array
                0x0000000008004b78       0x48 /usr/lib/gcc/arm-none-eabi/12.1.0/../../../../arm-none-eabi/lib/thumb/v7e-m/nofp/libg.a(lib_a-init.o)
                0x0000000008004b78                __libc_init_array
 .text.memset   0x0000000008004bc0       0xa4 /usr/lib/gcc/arm-none-eabi/12.1.0/../../../../arm-none-eabi/lib/thumb/v7e-m/nofp/libg.a(lib_a-memset.o)
                0x0000000008004bc0                memset
 .text.printf   0x0000000008004c64       0x28 /usr/lib/gcc/arm-none-eabi/12.1.0/../../../../arm-none-eabi/lib/thumb/v7e-m/nofp/libg.a(lib_a-printf.o)
                0x0000000008004c64                printf
 .text._strtol_l.constprop.0
                0x0000000008004c8c      0x140 /usr/lib/gcc/arm-none-eabi/12.1.0/../../../../arm-none-eabi/lib/thumb/v7e-m/nofp/libg.a(lib_a-strtol.o)
 .text.strtol   0x0000000008004dcc       0x18 /usr/lib/gcc/arm-none-eabi/12.1.0/../../../../arm-none-eabi/lib/thumb/v7e-m/nofp/libg.a(lib_a-strtol.o)
                0x0000000008004dcc                strtol
 .text._vfprintf_r
                0x0000000008004de4     0x1a64 /usr/lib/gcc/arm-none-eabi/12.1.0/../../../../arm-none-eabi/lib/thumb/v7e-m/nofp/libg.a(lib_a-vfprintf.o)
                0x0000000008004de4                _vfprintf_r
 .text.__sbprintf
                0x0000000008006848       0x80 /usr/lib/gcc/arm-none-eabi/12.1.0/../../../../arm-none-eabi/lib/thumb/v7e-m/nofp/libg.a(lib_a-vfprintf.o)
 .text.__swsetup_r
                0x00000000080068c8       0xd4 /usr/lib/gcc/arm-none-eabi/12.1.0/../../../../arm-none-eabi/lib/thumb/v7e-m/nofp/libg.a(lib_a-wsetup.o)
                0x00000000080068c8                __swsetup_r
 .text.__register_exitproc
                0x000000000800699c       0x84 /usr/lib/gcc/arm-none-eabi/12.1.0/../../../../arm-none-eabi/lib/thumb/v7e-m/nofp/libg.a(lib_a-__atexit.o)
                0x000000000800699c                __register_exitproc
 .text.startup.register_fini
                0x0000000008006a20       0x14 /usr/lib/gcc/arm-none-eabi/12.1.0/../../../../arm-none-eabi/lib/thumb/v7e-m/nofp/libg.a(lib_a-__call_atexit.o)
 .text.quorem   0x0000000008006a34      0x128 /usr/lib/gcc/arm-none-eabi/12.1.0/../../../../arm-none-eabi/lib/thumb/v7e-m/nofp/libg.a(lib_a-dtoa.o)
 *fill*         0x0000000008006b5c        0x4 
 .text._dtoa_r  0x0000000008006b60      0xe98 /usr/lib/gcc/arm-none-eabi/12.1.0/../../../../arm-none-eabi/lib/thumb/v7e-m/nofp/libg.a(lib_a-dtoa.o)
                0x0000000008006b60                _dtoa_r
 .text.__sflush_r
                0x00000000080079f8      0x134 /usr/lib/gcc/arm-none-eabi/12.1.0/../../../../arm-none-eabi/lib/thumb/v7e-m/nofp/libg.a(lib_a-fflush.o)
                0x00000000080079f8                __sflush_r
 .text._fflush_r
                0x0000000008007b2c       0x5c /usr/lib/gcc/arm-none-eabi/12.1.0/../../../../arm-none-eabi/lib/thumb/v7e-m/nofp/libg.a(lib_a-fflush.o)
                0x0000000008007b2c                _fflush_r
 .text._cleanup_r
                0x0000000008007b88        0xc /usr/lib/gcc/arm-none-eabi/12.1.0/../../../../arm-none-eabi/lib/thumb/v7e-m/nofp/libg.a(lib_a-findfp.o)
                0x0000000008007b88                _cleanup_r
 .text.__sinit  0x0000000008007b94      0x10c /usr/lib/gcc/arm-none-eabi/12.1.0/../../../../arm-none-eabi/lib/thumb/v7e-m/nofp/libg.a(lib_a-findfp.o)
                0x0000000008007b94                __sinit
 .text.__sfp_lock_acquire
                0x0000000008007ca0        0xc /usr/lib/gcc/arm-none-eabi/12.1.0/../../../../arm-none-eabi/lib/thumb/v7e-m/nofp/libg.a(lib_a-findfp.o)
                0x0000000008007ca0                __sfp_lock_acquire
 .text.__sfp_lock_release
                0x0000000008007cac        0xc /usr/lib/gcc/arm-none-eabi/12.1.0/../../../../arm-none-eabi/lib/thumb/v7e-m/nofp/libg.a(lib_a-findfp.o)
                0x0000000008007cac                __sfp_lock_release
 .text._malloc_trim_r
                0x0000000008007cb8       0xa0 /usr/lib/gcc/arm-none-eabi/12.1.0/../../../../arm-none-eabi/lib/thumb/v7e-m/nofp/libg.a(lib_a-freer.o)
                0x0000000008007cb8                _malloc_trim_r
 .text._free_r  0x0000000008007d58      0x1f8 /usr/lib/gcc/arm-none-eabi/12.1.0/../../../../arm-none-eabi/lib/thumb/v7e-m/nofp/libg.a(lib_a-freer.o)
                0x0000000008007d58                _free_r
 .text._fwalk_reent
                0x0000000008007f50       0x48 /usr/lib/gcc/arm-none-eabi/12.1.0/../../../../arm-none-eabi/lib/thumb/v7e-m/nofp/libg.a(lib_a-fwalk.o)
                0x0000000008007f50                _fwalk_reent
 .text._localeconv_r
                0x0000000008007f98        0x8 /usr/lib/gcc/arm-none-eabi/12.1.0/../../../../arm-none-eabi/lib/thumb/v7e-m/nofp/libg.a(lib_a-localeconv.o)
                0x0000000008007f98                _localeconv_r
 .text.__locale_mb_cur_max
                0x0000000008007fa0        0xc /usr/lib/gcc/arm-none-eabi/12.1.0/../../../../arm-none-eabi/lib/thumb/v7e-m/nofp/libg.a(lib_a-locale.o)
                0x0000000008007fa0                __locale_mb_cur_max
 .text.__retarget_lock_init_recursive
                0x0000000008007fac        0x4 /usr/lib/gcc/arm-none-eabi/12.1.0/../../../../arm-none-eabi/lib/thumb/v7e-m/nofp/libg.a(lib_a-lock.o)
                0x0000000008007fac                __retarget_lock_init_recursive
 .text.__retarget_lock_close_recursive
                0x0000000008007fb0        0x4 /usr/lib/gcc/arm-none-eabi/12.1.0/../../../../arm-none-eabi/lib/thumb/v7e-m/nofp/libg.a(lib_a-lock.o)
                0x0000000008007fb0                __retarget_lock_close_recursive
 .text.__retarget_lock_acquire_recursive
                0x0000000008007fb4        0x4 /usr/lib/gcc/arm-none-eabi/12.1.0/../../../../arm-none-eabi/lib/thumb/v7e-m/nofp/libg.a(lib_a-lock.o)
                0x0000000008007fb4                __retarget_lock_acquire_recursive
 .text.__retarget_lock_release_recursive
                0x0000000008007fb8        0x4 /usr/lib/gcc/arm-none-eabi/12.1.0/../../../../arm-none-eabi/lib/thumb/v7e-m/nofp/libg.a(lib_a-lock.o)
                0x0000000008007fb8                __retarget_lock_release_recursive
 .text.__smakebuf_r
                0x0000000008007fbc       0xe0 /usr/lib/gcc/arm-none-eabi/12.1.0/../../../../arm-none-eabi/lib/thumb/v7e-m/nofp/libg.a(lib_a-makebuf.o)
                0x0000000008007fbc                __smakebuf_r
 .text._malloc_r
                0x000000000800809c      0x560 /usr/lib/gcc/arm-none-eabi/12.1.0/../../../../arm-none-eabi/lib/thumb/v7e-m/nofp/libg.a(lib_a-mallocr.o)
                0x000000000800809c                _malloc_r
 .text.__ascii_mbtowc
                0x00000000080085fc       0x2c /usr/lib/gcc/arm-none-eabi/12.1.0/../../../../arm-none-eabi/lib/thumb/v7e-m/nofp/libg.a(lib_a-mbtowc_r.o)
                0x00000000080085fc                __ascii_mbtowc
 .text.__malloc_lock
                0x0000000008008628        0xc /usr/lib/gcc/arm-none-eabi/12.1.0/../../../../arm-none-eabi/lib/thumb/v7e-m/nofp/libg.a(lib_a-mlock.o)
                0x0000000008008628                __malloc_lock
 .text.__malloc_unlock
                0x0000000008008634        0xc /usr/lib/gcc/arm-none-eabi/12.1.0/../../../../arm-none-eabi/lib/thumb/v7e-m/nofp/libg.a(lib_a-mlock.o)
                0x0000000008008634                __malloc_unlock
 .text._Balloc  0x0000000008008640       0x4c /usr/lib/gcc/arm-none-eabi/12.1.0/../../../../arm-none-eabi/lib/thumb/v7e-m/nofp/libg.a(lib_a-mprec.o)
                0x0000000008008640                _Balloc
 .text._Bfree   0x000000000800868c       0x14 /usr/lib/gcc/arm-none-eabi/12.1.0/../../../../arm-none-eabi/lib/thumb/v7e-m/nofp/libg.a(lib_a-mprec.o)
                0x000000000800868c                _Bfree
 .text.__multadd
                0x00000000080086a0       0xa0 /usr/lib/gcc/arm-none-eabi/12.1.0/../../../../arm-none-eabi/lib/thumb/v7e-m/nofp/libg.a(lib_a-mprec.o)
                0x00000000080086a0                __multadd
 .text.__hi0bits
                0x0000000008008740       0x40 /usr/lib/gcc/arm-none-eabi/12.1.0/../../../../arm-none-eabi/lib/thumb/v7e-m/nofp/libg.a(lib_a-mprec.o)
                0x0000000008008740                __hi0bits
 .text.__lo0bits
                0x0000000008008780       0x60 /usr/lib/gcc/arm-none-eabi/12.1.0/../../../../arm-none-eabi/lib/thumb/v7e-m/nofp/libg.a(lib_a-mprec.o)
                0x0000000008008780                __lo0bits
 .text.__i2b    0x00000000080087e0       0x5c /usr/lib/gcc/arm-none-eabi/12.1.0/../../../../arm-none-eabi/lib/thumb/v7e-m/nofp/libg.a(lib_a-mprec.o)
                0x00000000080087e0                __i2b
 .text.__multiply
                0x000000000800883c      0x15c /usr/lib/gcc/arm-none-eabi/12.1.0/../../../../arm-none-eabi/lib/thumb/v7e-m/nofp/libg.a(lib_a-mprec.o)
                0x000000000800883c                __multiply
 .text.__pow5mult
                0x0000000008008998       0xc0 /usr/lib/gcc/arm-none-eabi/12.1.0/../../../../arm-none-eabi/lib/thumb/v7e-m/nofp/libg.a(lib_a-mprec.o)
                0x0000000008008998                __pow5mult
 .text.__lshift
                0x0000000008008a58       0xf0 /usr/lib/gcc/arm-none-eabi/12.1.0/../../../../arm-none-eabi/lib/thumb/v7e-m/nofp/libg.a(lib_a-mprec.o)
                0x0000000008008a58                __lshift
 .text.__mcmp   0x0000000008008b48       0x40 /usr/lib/gcc/arm-none-eabi/12.1.0/../../../../arm-none-eabi/lib/thumb/v7e-m/nofp/libg.a(lib_a-mprec.o)
                0x0000000008008b48                __mcmp
 .text.__mdiff  0x0000000008008b88      0x154 /usr/lib/gcc/arm-none-eabi/12.1.0/../../../../arm-none-eabi/lib/thumb/v7e-m/nofp/libg.a(lib_a-mprec.o)
                0x0000000008008b88                __mdiff
 .text.__d2b    0x0000000008008cdc       0xc0 /usr/lib/gcc/arm-none-eabi/12.1.0/../../../../arm-none-eabi/lib/thumb/v7e-m/nofp/libg.a(lib_a-mprec.o)
                0x0000000008008cdc                __d2b
 .text._sbrk_r  0x0000000008008d9c       0x24 /usr/lib/gcc/arm-none-eabi/12.1.0/../../../../arm-none-eabi/lib/thumb/v7e-m/nofp/libg.a(lib_a-sbrkr.o)
                0x0000000008008d9c                _sbrk_r
 .text.frexp    0x0000000008008dc0       0x70 /usr/lib/gcc/arm-none-eabi/12.1.0/../../../../arm-none-eabi/lib/thumb/v7e-m/nofp/libg.a(lib_a-s_frexp.o)
                0x0000000008008dc0                frexp
 .text.__sread  0x0000000008008e30       0x24 /usr/lib/gcc/arm-none-eabi/12.1.0/../../../../arm-none-eabi/lib/thumb/v7e-m/nofp/libg.a(lib_a-stdio.o)
                0x0000000008008e30                __sread
 .text.__swrite
                0x0000000008008e54       0x40 /usr/lib/gcc/arm-none-eabi/12.1.0/../../../../arm-none-eabi/lib/thumb/v7e-m/nofp/libg.a(lib_a-stdio.o)
                0x0000000008008e54                __swrite
 .text.__sseek  0x0000000008008e94       0x20 /usr/lib/gcc/arm-none-eabi/12.1.0/../../../../arm-none-eabi/lib/thumb/v7e-m/nofp/libg.a(lib_a-stdio.o)
                0x0000000008008e94                __sseek
 .text.__sclose
                0x0000000008008eb4        0x8 /usr/lib/gcc/arm-none-eabi/12.1.0/../../../../arm-none-eabi/lib/thumb/v7e-m/nofp/libg.a(lib_a-stdio.o)
                0x0000000008008eb4                __sclose
 .text.strncpy  0x0000000008008ebc       0x64 /usr/lib/gcc/arm-none-eabi/12.1.0/../../../../arm-none-eabi/lib/thumb/v7e-m/nofp/libg.a(lib_a-strncpy.o)
                0x0000000008008ebc                strncpy
 .text.__sprint_r.part.0
                0x0000000008008f20       0x78 /usr/lib/gcc/arm-none-eabi/12.1.0/../../../../arm-none-eabi/lib/thumb/v7e-m/nofp/libg.a(lib_a-vfiprintf.o)
 .text.__sprint_r
                0x0000000008008f98       0x14 /usr/lib/gcc/arm-none-eabi/12.1.0/../../../../arm-none-eabi/lib/thumb/v7e-m/nofp/libg.a(lib_a-vfiprintf.o)
                0x0000000008008f98                __sprint_r
 .text._vfiprintf_r
                0x0000000008008fac      0xd20 /usr/lib/gcc/arm-none-eabi/12.1.0/../../../../arm-none-eabi/lib/thumb/v7e-m/nofp/libg.a(lib_a-vfiprintf.o)
                0x0000000008008fac                _vfiprintf_r
 .text.__sbprintf
                0x0000000008009ccc       0x80 /usr/lib/gcc/arm-none-eabi/12.1.0/../../../../arm-none-eabi/lib/thumb/v7e-m/nofp/libg.a(lib_a-vfiprintf.o)
 .text.__ascii_wctomb
                0x0000000008009d4c       0x1c /usr/lib/gcc/arm-none-eabi/12.1.0/../../../../arm-none-eabi/lib/thumb/v7e-m/nofp/libg.a(lib_a-wctomb_r.o)
                0x0000000008009d4c                __ascii_wctomb
 .text._write_r
                0x0000000008009d68       0x2c /usr/lib/gcc/arm-none-eabi/12.1.0/../../../../arm-none-eabi/lib/thumb/v7e-m/nofp/libg.a(lib_a-writer.o)
                0x0000000008009d68                _write_r
 .text.__assert_func
                0x0000000008009d94       0x40 /usr/lib/gcc/arm-none-eabi/12.1.0/../../../../arm-none-eabi/lib/thumb/v7e-m/nofp/libg.a(lib_a-assert.o)
                0x0000000008009d94                __assert_func
 .text._calloc_r
                0x0000000008009dd4       0x78 /usr/lib/gcc/arm-none-eabi/12.1.0/../../../../arm-none-eabi/lib/thumb/v7e-m/nofp/libg.a(lib_a-callocr.o)
                0x0000000008009dd4                _calloc_r
 .text._close_r
                0x0000000008009e4c       0x24 /usr/lib/gcc/arm-none-eabi/12.1.0/../../../../arm-none-eabi/lib/thumb/v7e-m/nofp/libg.a(lib_a-closer.o)
                0x0000000008009e4c                _close_r
 .text._fclose_r
                0x0000000008009e70       0xd0 /usr/lib/gcc/arm-none-eabi/12.1.0/../../../../arm-none-eabi/lib/thumb/v7e-m/nofp/libg.a(lib_a-fclose.o)
                0x0000000008009e70                _fclose_r
 .text.fiprintf
                0x0000000008009f40       0x28 /usr/lib/gcc/arm-none-eabi/12.1.0/../../../../arm-none-eabi/lib/thumb/v7e-m/nofp/libg.a(lib_a-fiprintf.o)
                0x0000000008009f40                fiprintf
 .text.__fputwc
                0x0000000008009f68       0xa8 /usr/lib/gcc/arm-none-eabi/12.1.0/../../../../arm-none-eabi/lib/thumb/v7e-m/nofp/libg.a(lib_a-fputwc.o)
                0x0000000008009f68                __fputwc
 .text._fputwc_r
                0x000000000800a010       0x64 /usr/lib/gcc/arm-none-eabi/12.1.0/../../../../arm-none-eabi/lib/thumb/v7e-m/nofp/libg.a(lib_a-fputwc.o)
                0x000000000800a010                _fputwc_r
 .text._fstat_r
                0x000000000800a074       0x2c /usr/lib/gcc/arm-none-eabi/12.1.0/../../../../arm-none-eabi/lib/thumb/v7e-m/nofp/libg.a(lib_a-fstatr.o)
                0x000000000800a074                _fstat_r
 .text.__sfvwrite_r
                0x000000000800a0a0      0x308 /usr/lib/gcc/arm-none-eabi/12.1.0/../../../../arm-none-eabi/lib/thumb/v7e-m/nofp/libg.a(lib_a-fvwrite.o)
                0x000000000800a0a0                __sfvwrite_r
 .text._isatty_r
                0x000000000800a3a8       0x24 /usr/lib/gcc/arm-none-eabi/12.1.0/../../../../arm-none-eabi/lib/thumb/v7e-m/nofp/libg.a(lib_a-isattyr.o)
                0x000000000800a3a8                _isatty_r
 .text._lseek_r
                0x000000000800a3cc       0x2c /usr/lib/gcc/arm-none-eabi/12.1.0/../../../../arm-none-eabi/lib/thumb/v7e-m/nofp/libg.a(lib_a-lseekr.o)
                0x000000000800a3cc                _lseek_r
 .text.memmove  0x000000000800a3f8       0xf8 /usr/lib/gcc/arm-none-eabi/12.1.0/../../../../arm-none-eabi/lib/thumb/v7e-m/nofp/libg.a(lib_a-memmove.o)
                0x000000000800a3f8                memmove
 .text._read_r  0x000000000800a4f0       0x2c /usr/lib/gcc/arm-none-eabi/12.1.0/../../../../arm-none-eabi/lib/thumb/v7e-m/nofp/libg.a(lib_a-readr.o)
                0x000000000800a4f0                _read_r
 .text._realloc_r
                0x000000000800a51c      0x3d8 /usr/lib/gcc/arm-none-eabi/12.1.0/../../../../arm-none-eabi/lib/thumb/v7e-m/nofp/libg.a(lib_a-reallocr.o)
                0x000000000800a51c                _realloc_r
 .text.__swbuf_r
                0x000000000800a8f4       0xb0 /usr/lib/gcc/arm-none-eabi/12.1.0/../../../../arm-none-eabi/lib/thumb/v7e-m/nofp/libg.a(lib_a-wbuf.o)
                0x000000000800a8f4                __swbuf_r
 .text._wcrtomb_r
                0x000000000800a9a4       0x34 /usr/lib/gcc/arm-none-eabi/12.1.0/../../../../arm-none-eabi/lib/thumb/v7e-m/nofp/libg.a(lib_a-wcrtomb.o)
                0x000000000800a9a4                _wcrtomb_r
 .text.abort    0x000000000800a9d8       0x10 /usr/lib/gcc/arm-none-eabi/12.1.0/../../../../arm-none-eabi/lib/thumb/v7e-m/nofp/libg.a(lib_a-abort.o)
                0x000000000800a9d8                abort
 .text.raise    0x000000000800a9e8       0x5c /usr/lib/gcc/arm-none-eabi/12.1.0/../../../../arm-none-eabi/lib/thumb/v7e-m/nofp/libg.a(lib_a-signal.o)
                0x000000000800a9e8                raise
 .text._kill_r  0x000000000800aa44       0x2c /usr/lib/gcc/arm-none-eabi/12.1.0/../../../../arm-none-eabi/lib/thumb/v7e-m/nofp/libg.a(lib_a-signalr.o)
                0x000000000800aa44                _kill_r
 .text._getpid_r
                0x000000000800aa70        0x4 /usr/lib/gcc/arm-none-eabi/12.1.0/../../../../arm-none-eabi/lib/thumb/v7e-m/nofp/libg.a(lib_a-signalr.o)
                0x000000000800aa70                _getpid_r
 *(.glue_7)
 .glue_7        0x000000000800aa74        0x0 linker stubs
 *(.glue_7t)
 .glue_7t       0x000000000800aa74        0x0 linker stubs
 *(.eh_frame)
 .eh_frame      0x000000000800aa74        0x0 /usr/lib/gcc/arm-none-eabi/12.1.0/thumb/v7e-m/nofp/crtbegin.o
 *(.init)
 .init          0x000000000800aa74        0x4 /usr/lib/gcc/arm-none-eabi/12.1.0/thumb/v7e-m/nofp/crti.o
                0x000000000800aa74                _init
 .init          0x000000000800aa78        0x8 /usr/lib/gcc/arm-none-eabi/12.1.0/thumb/v7e-m/nofp/crtn.o
 *(.fini)
 .fini          0x000000000800aa80        0x4 /usr/lib/gcc/arm-none-eabi/12.1.0/thumb/v7e-m/nofp/crti.o
                0x000000000800aa80                _fini
 .fini          0x000000000800aa84        0x8 /usr/lib/gcc/arm-none-eabi/12.1.0/thumb/v7e-m/nofp/crtn.o
                0x000000000800aa8c                . = ALIGN (0x4)
                0x000000000800aa8c                _etext = .

.vfp11_veneer   0x000000000800aa8c        0x0
 .vfp11_veneer  0x000000000800aa8c        0x0 linker stubs

.v4_bx          0x000000000800aa8c        0x0
 .v4_bx         0x000000000800aa8c        0x0 linker stubs

.iplt           0x000000000800aa8c        0x0
 .iplt          0x000000000800aa8c        0x0 /usr/lib/gcc/arm-none-eabi/12.1.0/thumb/v7e-m/nofp/crtbegin.o

.rodata         0x000000000800aa90      0x41c
                0x000000000800aa90                . = ALIGN (0x4)
 *(.rodata)
 *(.rodata*)
 .rodata.elm_connect.str1.4
                0x000000000800aa90        0xf CMakeFiles/CruiseControl.elf.dir/Core/Src/elm327.c.obj
 *fill*         0x000000000800aa9f        0x1 
 .rodata.elm_parse_speed.str1.4
                0x000000000800aaa0        0x6 CMakeFiles/CruiseControl.elf.dir/Core/Src/elm327.c.obj
 *fill*         0x000000000800aaa6        0x2 
 .rodata.main.str1.4
                0x000000000800aaa8       0x26 CMakeFiles/CruiseControl.elf.dir/Core/Src/main.c.obj
 *fill*         0x000000000800aace        0x2 
 .rodata.MSIRangeTable
                0x000000000800aad0       0x30 CMakeFiles/CruiseControl.elf.dir/Core/Src/system_stm32l4xx.c.obj
                0x000000000800aad0                MSIRangeTable
 .rodata.APBPrescTable
                0x000000000800ab00        0x8 CMakeFiles/CruiseControl.elf.dir/Core/Src/system_stm32l4xx.c.obj
                0x000000000800ab00                APBPrescTable
 .rodata.AHBPrescTable
                0x000000000800ab08       0x10 CMakeFiles/CruiseControl.elf.dir/Core/Src/system_stm32l4xx.c.obj
                0x000000000800ab08                AHBPrescTable
 .rodata._global_impure_ptr
                0x000000000800ab18        0x4 /usr/lib/gcc/arm-none-eabi/12.1.0/../../../../arm-none-eabi/lib/thumb/v7e-m/nofp/libg.a(lib_a-impure.o)
                0x000000000800ab18                _global_impure_ptr
 .rodata._vfprintf_r.str1.4
                0x000000000800ab1c       0x42 /usr/lib/gcc/arm-none-eabi/12.1.0/../../../../arm-none-eabi/lib/thumb/v7e-m/nofp/libg.a(lib_a-vfprintf.o)
 *fill*         0x000000000800ab5e        0x2 
 .rodata.blanks.1
                0x000000000800ab60       0x10 /usr/lib/gcc/arm-none-eabi/12.1.0/../../../../arm-none-eabi/lib/thumb/v7e-m/nofp/libg.a(lib_a-vfprintf.o)
 .rodata.zeroes.0
                0x000000000800ab70       0x10 /usr/lib/gcc/arm-none-eabi/12.1.0/../../../../arm-none-eabi/lib/thumb/v7e-m/nofp/libg.a(lib_a-vfprintf.o)
 .rodata._ctype_
                0x000000000800ab80      0x101 /usr/lib/gcc/arm-none-eabi/12.1.0/../../../../arm-none-eabi/lib/thumb/v7e-m/nofp/libg.a(lib_a-ctype_.o)
                0x000000000800ab80                _ctype_
 *fill*         0x000000000800ac81        0x3 
 .rodata._dtoa_r.str1.4
                0x000000000800ac84       0x6c /usr/lib/gcc/arm-none-eabi/12.1.0/../../../../arm-none-eabi/lib/thumb/v7e-m/nofp/libg.a(lib_a-dtoa.o)
                                         0x70 (size before relaxing)
 .rodata._setlocale_r.str1.4
                0x000000000800acf0        0xa /usr/lib/gcc/arm-none-eabi/12.1.0/../../../../arm-none-eabi/lib/thumb/v7e-m/nofp/libg.a(lib_a-locale.o)
                                          0xd (size before relaxing)
 *fill*         0x000000000800acfa        0x2 
 .rodata.str1.4
                0x000000000800acfc        0x2 /usr/lib/gcc/arm-none-eabi/12.1.0/../../../../arm-none-eabi/lib/thumb/v7e-m/nofp/libg.a(lib_a-locale.o)
 *fill*         0x000000000800acfe        0x2 
 .rodata.__multadd.str1.4
                0x000000000800ad00       0x49 /usr/lib/gcc/arm-none-eabi/12.1.0/../../../../arm-none-eabi/lib/thumb/v7e-m/nofp/libg.a(lib_a-mprec.o)
                                         0x5d (size before relaxing)
 *fill*         0x000000000800ad49        0x7 
 .rodata.__mprec_bigtens
                0x000000000800ad50       0x28 /usr/lib/gcc/arm-none-eabi/12.1.0/../../../../arm-none-eabi/lib/thumb/v7e-m/nofp/libg.a(lib_a-mprec.o)
                0x000000000800ad50                __mprec_bigtens
 .rodata.__mprec_tens
                0x000000000800ad78       0xc8 /usr/lib/gcc/arm-none-eabi/12.1.0/../../../../arm-none-eabi/lib/thumb/v7e-m/nofp/libg.a(lib_a-mprec.o)
                0x000000000800ad78                __mprec_tens
 .rodata.p05.0  0x000000000800ae40        0xc /usr/lib/gcc/arm-none-eabi/12.1.0/../../../../arm-none-eabi/lib/thumb/v7e-m/nofp/libg.a(lib_a-mprec.o)
 .rodata._vfiprintf_r.str1.4
                0x000000000800ae4c       0x2f /usr/lib/gcc/arm-none-eabi/12.1.0/../../../../arm-none-eabi/lib/thumb/v7e-m/nofp/libg.a(lib_a-vfiprintf.o)
 .rodata.blanks.1
                0x000000000800ae4c       0x10 /usr/lib/gcc/arm-none-eabi/12.1.0/../../../../arm-none-eabi/lib/thumb/v7e-m/nofp/libg.a(lib_a-vfiprintf.o)
 .rodata.zeroes.0
                0x000000000800ae5c       0x10 /usr/lib/gcc/arm-none-eabi/12.1.0/../../../../arm-none-eabi/lib/thumb/v7e-m/nofp/libg.a(lib_a-vfiprintf.o)
 .rodata.__assert_func.str1.4
                0x000000000800ae6c       0x3f /usr/lib/gcc/arm-none-eabi/12.1.0/../../../../arm-none-eabi/lib/thumb/v7e-m/nofp/libg.a(lib_a-assert.o)
                                         0x43 (size before relaxing)
                0x000000000800aeac                . = ALIGN (0x4)
 *fill*         0x000000000800aeab        0x1 

.ARM.extab      0x000000000800aeac        0x0
                0x000000000800aeac                . = ALIGN (0x4)
 *(.ARM.extab* .gnu.linkonce.armextab.*)
                0x000000000800aeac                . = ALIGN (0x4)

.ARM            0x000000000800aeac        0x8
                0x000000000800aeac                . = ALIGN (0x4)
                0x000000000800aeac                __exidx_start = .
 *(.ARM.exidx*)
 .ARM.exidx.text.__udivmoddi4
                0x000000000800aeac        0x8 /usr/lib/gcc/arm-none-eabi/12.1.0/thumb/v7e-m/nofp/libgcc.a(_udivmoddi4.o)
                0x000000000800aeb4                __exidx_end = .
                0x000000000800aeb4                . = ALIGN (0x4)

.rel.dyn        0x000000000800aeb4        0x0
 .rel.iplt      0x000000000800aeb4        0x0 /usr/lib/gcc/arm-none-eabi/12.1.0/thumb/v7e-m/nofp/crtbegin.o

.preinit_array  0x000000000800aeb4        0x0
                0x000000000800aeb4                . = ALIGN (0x4)
                0x000000000800aeb4                PROVIDE (__preinit_array_start = .)
 *(.preinit_array*)
                0x000000000800aeb4                PROVIDE (__preinit_array_end = .)
                0x000000000800aeb4                . = ALIGN (0x4)

.init_array     0x000000000800aeb4        0x8
                0x000000000800aeb4                . = ALIGN (0x4)
                0x000000000800aeb4                PROVIDE (__init_array_start = .)
 *(SORT_BY_NAME(.init_array.*))
 .init_array.00000
                0x000000000800aeb4        0x4 /usr/lib/gcc/arm-none-eabi/12.1.0/../../../../arm-none-eabi/lib/thumb/v7e-m/nofp/libg.a(lib_a-__call_atexit.o)
 *(.init_array*)
 .init_array    0x000000000800aeb8        0x4 /usr/lib/gcc/arm-none-eabi/12.1.0/thumb/v7e-m/nofp/crtbegin.o
                0x000000000800aebc                PROVIDE (__init_array_end = .)
                0x000000000800aebc                . = ALIGN (0x4)

.fini_array     0x000000000800aebc        0x4
                0x000000000800aebc                . = ALIGN (0x4)
                0x000000000800aebc                PROVIDE (__fini_array_start = .)
 *(SORT_BY_NAME(.fini_array.*))
 *(.fini_array*)
 .fini_array    0x000000000800aebc        0x4 /usr/lib/gcc/arm-none-eabi/12.1.0/thumb/v7e-m/nofp/crtbegin.o
                0x000000000800aec0                PROVIDE (__fini_array_end = .)
                0x000000000800aec0                . = ALIGN (0x4)
                0x000000000800aec0                _sidata = LOADADDR (.data)

.data           0x0000000020000000      0x9b8 load address 0x000000000800aec0
                0x0000000020000000                . = ALIGN (0x4)
                0x0000000020000000                _sdata = .
 *(.data)
 *(.data*)
 .data.SystemCoreClock
                0x0000000020000000        0x4 CMakeFiles/CruiseControl.elf.dir/Core/Src/system_stm32l4xx.c.obj
                0x0000000020000000                SystemCoreClock
 .data.uwTickFreq
                0x0000000020000004        0x1 CMakeFiles/CruiseControl.elf.dir/Drivers/STM32L4xx_HAL_Driver/Src/stm32l4xx_hal.c.obj
                0x0000000020000004                uwTickFreq
 *fill*         0x0000000020000005        0x3 
 .data.uwTickPrio
                0x0000000020000008        0x4 CMakeFiles/CruiseControl.elf.dir/Drivers/STM32L4xx_HAL_Driver/Src/stm32l4xx_hal.c.obj
                0x0000000020000008                uwTickPrio
 .data._impure_ptr
                0x000000002000000c        0x4 /usr/lib/gcc/arm-none-eabi/12.1.0/../../../../arm-none-eabi/lib/thumb/v7e-m/nofp/libg.a(lib_a-impure.o)
                0x000000002000000c                _impure_ptr
 .data.impure_data
                0x0000000020000010      0x428 /usr/lib/gcc/arm-none-eabi/12.1.0/../../../../arm-none-eabi/lib/thumb/v7e-m/nofp/libg.a(lib_a-impure.o)
 .data.__atexit_recursive_mutex
                0x0000000020000438        0x4 /usr/lib/gcc/arm-none-eabi/12.1.0/../../../../arm-none-eabi/lib/thumb/v7e-m/nofp/libg.a(lib_a-__call_atexit.o)
                0x0000000020000438                __atexit_recursive_mutex
 .data.__global_locale
                0x000000002000043c      0x16c /usr/lib/gcc/arm-none-eabi/12.1.0/../../../../arm-none-eabi/lib/thumb/v7e-m/nofp/libg.a(lib_a-locale.o)
                0x000000002000043c                __global_locale
 .data.__malloc_av_
                0x00000000200005a8      0x408 /usr/lib/gcc/arm-none-eabi/12.1.0/../../../../arm-none-eabi/lib/thumb/v7e-m/nofp/libg.a(lib_a-mallocr.o)
                0x00000000200005a8                __malloc_av_
 .data.__malloc_sbrk_base
                0x00000000200009b0        0x4 /usr/lib/gcc/arm-none-eabi/12.1.0/../../../../arm-none-eabi/lib/thumb/v7e-m/nofp/libg.a(lib_a-mallocr.o)
                0x00000000200009b0                __malloc_sbrk_base
 .data.__malloc_trim_threshold
                0x00000000200009b4        0x4 /usr/lib/gcc/arm-none-eabi/12.1.0/../../../../arm-none-eabi/lib/thumb/v7e-m/nofp/libg.a(lib_a-mallocr.o)
                0x00000000200009b4                __malloc_trim_threshold
 *(.RamFunc)
 *(.RamFunc*)
                0x00000000200009b8                . = ALIGN (0x4)
                0x00000000200009b8                _edata = .

.igot.plt       0x00000000200009b8        0x0 load address 0x000000000800b878
 .igot.plt      0x00000000200009b8        0x0 /usr/lib/gcc/arm-none-eabi/12.1.0/thumb/v7e-m/nofp/crtbegin.o
                0x00000000200009b8                . = ALIGN (0x4)

.bss            0x00000000200009b8      0x260 load address 0x000000000800b878
                0x00000000200009b8                _sbss = .
                0x00000000200009b8                __bss_start__ = _sbss
 *(.bss)
 *(.bss*)
 .bss.completed.1
                0x00000000200009b8        0x1 /usr/lib/gcc/arm-none-eabi/12.1.0/thumb/v7e-m/nofp/crtbegin.o
 *fill*         0x00000000200009b9        0x3 
 .bss.object.0  0x00000000200009bc       0x18 /usr/lib/gcc/arm-none-eabi/12.1.0/thumb/v7e-m/nofp/crtbegin.o
 .bss.receive_buffer
                0x00000000200009d4       0x40 CMakeFiles/CruiseControl.elf.dir/Core/Src/main.c.obj
                0x00000000200009d4                receive_buffer
 .bss.dongle    0x0000000020000a14       0x14 CMakeFiles/CruiseControl.elf.dir/Core/Src/main.c.obj
                0x0000000020000a14                dongle
 .bss.car_controller
                0x0000000020000a28       0x20 CMakeFiles/CruiseControl.elf.dir/Core/Src/main.c.obj
                0x0000000020000a28                car_controller
 .bss.huart2    0x0000000020000a48       0x84 CMakeFiles/CruiseControl.elf.dir/Core/Src/main.c.obj
                0x0000000020000a48                huart2
 .bss.huart1    0x0000000020000acc       0x84 CMakeFiles/CruiseControl.elf.dir/Core/Src/main.c.obj
                0x0000000020000acc                huart1
 .bss.hdac1     0x0000000020000b50       0x14 CMakeFiles/CruiseControl.elf.dir/Core/Src/main.c.obj
                0x0000000020000b50                hdac1
 .bss.hadc1     0x0000000020000b64       0x64 CMakeFiles/CruiseControl.elf.dir/Core/Src/main.c.obj
                0x0000000020000b64                hadc1
 .bss.__sbrk_heap_end
                0x0000000020000bc8        0x4 CMakeFiles/CruiseControl.elf.dir/Core/Src/sysmem.c.obj
 .bss.uwTick    0x0000000020000bcc        0x4 CMakeFiles/CruiseControl.elf.dir/Drivers/STM32L4xx_HAL_Driver/Src/stm32l4xx_hal.c.obj
                0x0000000020000bcc                uwTick
 .bss.__lock___atexit_recursive_mutex
                0x0000000020000bd0        0x1 /usr/lib/gcc/arm-none-eabi/12.1.0/../../../../arm-none-eabi/lib/thumb/v7e-m/nofp/libg.a(lib_a-lock.o)
                0x0000000020000bd0                __lock___atexit_recursive_mutex
 *fill*         0x0000000020000bd1        0x3 
 .bss.__lock___malloc_recursive_mutex
                0x0000000020000bd4        0x1 /usr/lib/gcc/arm-none-eabi/12.1.0/../../../../arm-none-eabi/lib/thumb/v7e-m/nofp/libg.a(lib_a-lock.o)
                0x0000000020000bd4                __lock___malloc_recursive_mutex
 *fill*         0x0000000020000bd5        0x3 
 .bss.__lock___sfp_recursive_mutex
                0x0000000020000bd8        0x1 /usr/lib/gcc/arm-none-eabi/12.1.0/../../../../arm-none-eabi/lib/thumb/v7e-m/nofp/libg.a(lib_a-lock.o)
                0x0000000020000bd8                __lock___sfp_recursive_mutex
 *fill*         0x0000000020000bd9        0x3 
 .bss.__lock___sinit_recursive_mutex
                0x0000000020000bdc        0x1 /usr/lib/gcc/arm-none-eabi/12.1.0/../../../../arm-none-eabi/lib/thumb/v7e-m/nofp/libg.a(lib_a-lock.o)
                0x0000000020000bdc                __lock___sinit_recursive_mutex
 *fill*         0x0000000020000bdd        0x3 
 .bss.__malloc_current_mallinfo
                0x0000000020000be0       0x28 /usr/lib/gcc/arm-none-eabi/12.1.0/../../../../arm-none-eabi/lib/thumb/v7e-m/nofp/libg.a(lib_a-mallocr.o)
                0x0000000020000be0                __malloc_current_mallinfo
 .bss.__malloc_max_sbrked_mem
                0x0000000020000c08        0x4 /usr/lib/gcc/arm-none-eabi/12.1.0/../../../../arm-none-eabi/lib/thumb/v7e-m/nofp/libg.a(lib_a-mallocr.o)
                0x0000000020000c08                __malloc_max_sbrked_mem
 .bss.__malloc_max_total_mem
                0x0000000020000c0c        0x4 /usr/lib/gcc/arm-none-eabi/12.1.0/../../../../arm-none-eabi/lib/thumb/v7e-m/nofp/libg.a(lib_a-mallocr.o)
                0x0000000020000c0c                __malloc_max_total_mem
 .bss.__malloc_top_pad
                0x0000000020000c10        0x4 /usr/lib/gcc/arm-none-eabi/12.1.0/../../../../arm-none-eabi/lib/thumb/v7e-m/nofp/libg.a(lib_a-mallocr.o)
                0x0000000020000c10                __malloc_top_pad
 .bss.errno     0x0000000020000c14        0x4 /usr/lib/gcc/arm-none-eabi/12.1.0/../../../../arm-none-eabi/lib/thumb/v7e-m/nofp/libg.a(lib_a-reent.o)
                0x0000000020000c14                errno
 *(COMMON)
                0x0000000020000c18                . = ALIGN (0x4)
                0x0000000020000c18                _ebss = .
                0x0000000020000c18                __bss_end__ = _ebss

._user_heap_stack
                0x0000000020000c18      0x600 load address 0x000000000800b878
                0x0000000020000c18                . = ALIGN (0x8)
                [!provide]                        PROVIDE (end = .)
                0x0000000020000c18                PROVIDE (_end = .)
                0x0000000020000e18                . = (. + _Min_Heap_Size)
 *fill*         0x0000000020000c18      0x200 
                0x0000000020001218                . = (. + _Min_Stack_Size)
 *fill*         0x0000000020000e18      0x400 
                0x0000000020001218                . = ALIGN (0x8)

/DISCARD/
 libc.a(*)
 libm.a(*)
 libgcc.a(*)

.ARM.attributes
                0x0000000000000000       0x2a
 *(.ARM.attributes)
 .ARM.attributes
                0x0000000000000000       0x1e /usr/lib/gcc/arm-none-eabi/12.1.0/thumb/v7e-m/nofp/crti.o
 .ARM.attributes
                0x000000000000001e       0x2e /usr/lib/gcc/arm-none-eabi/12.1.0/thumb/v7e-m/nofp/crtbegin.o
 .ARM.attributes
                0x000000000000004c       0x2e CMakeFiles/CruiseControl.elf.dir/Core/Src/elm327.c.obj
 .ARM.attributes
                0x000000000000007a       0x2e CMakeFiles/CruiseControl.elf.dir/Core/Src/main.c.obj
 .ARM.attributes
                0x00000000000000a8       0x2e CMakeFiles/CruiseControl.elf.dir/Core/Src/stm32l4xx_hal_msp.c.obj
 .ARM.attributes
                0x00000000000000d6       0x2e CMakeFiles/CruiseControl.elf.dir/Core/Src/stm32l4xx_it.c.obj
 .ARM.attributes
                0x0000000000000104       0x2e CMakeFiles/CruiseControl.elf.dir/Core/Src/syscalls.c.obj
 .ARM.attributes
                0x0000000000000132       0x2e CMakeFiles/CruiseControl.elf.dir/Core/Src/sysmem.c.obj
 .ARM.attributes
                0x0000000000000160       0x2e CMakeFiles/CruiseControl.elf.dir/Core/Src/system_stm32l4xx.c.obj
 .ARM.attributes
                0x000000000000018e       0x2e CMakeFiles/CruiseControl.elf.dir/Core/Src/throttle.c.obj
 .ARM.attributes
                0x00000000000001bc       0x21 CMakeFiles/CruiseControl.elf.dir/Core/Startup/startup_stm32l432kcux.s.obj
 .ARM.attributes
                0x00000000000001dd       0x2e CMakeFiles/CruiseControl.elf.dir/Drivers/STM32L4xx_HAL_Driver/Src/stm32l4xx_hal.c.obj
 .ARM.attributes
                0x000000000000020b       0x2e CMakeFiles/CruiseControl.elf.dir/Drivers/STM32L4xx_HAL_Driver/Src/stm32l4xx_hal_adc.c.obj
 .ARM.attributes
                0x0000000000000239       0x2e CMakeFiles/CruiseControl.elf.dir/Drivers/STM32L4xx_HAL_Driver/Src/stm32l4xx_hal_cortex.c.obj
 .ARM.attributes
                0x0000000000000267       0x2e CMakeFiles/CruiseControl.elf.dir/Drivers/STM32L4xx_HAL_Driver/Src/stm32l4xx_hal_dac.c.obj
 .ARM.attributes
                0x0000000000000295       0x2e CMakeFiles/CruiseControl.elf.dir/Drivers/STM32L4xx_HAL_Driver/Src/stm32l4xx_hal_dma.c.obj
 .ARM.attributes
                0x00000000000002c3       0x2e CMakeFiles/CruiseControl.elf.dir/Drivers/STM32L4xx_HAL_Driver/Src/stm32l4xx_hal_gpio.c.obj
 .ARM.attributes
                0x00000000000002f1       0x2e CMakeFiles/CruiseControl.elf.dir/Drivers/STM32L4xx_HAL_Driver/Src/stm32l4xx_hal_pwr.c.obj
 .ARM.attributes
                0x000000000000031f       0x2e CMakeFiles/CruiseControl.elf.dir/Drivers/STM32L4xx_HAL_Driver/Src/stm32l4xx_hal_pwr_ex.c.obj
 .ARM.attributes
                0x000000000000034d       0x2e CMakeFiles/CruiseControl.elf.dir/Drivers/STM32L4xx_HAL_Driver/Src/stm32l4xx_hal_rcc.c.obj
 .ARM.attributes
                0x000000000000037b       0x2e CMakeFiles/CruiseControl.elf.dir/Drivers/STM32L4xx_HAL_Driver/Src/stm32l4xx_hal_rcc_ex.c.obj
 .ARM.attributes
                0x00000000000003a9       0x2e CMakeFiles/CruiseControl.elf.dir/Drivers/STM32L4xx_HAL_Driver/Src/stm32l4xx_hal_uart.c.obj
 .ARM.attributes
                0x00000000000003d7       0x2e CMakeFiles/CruiseControl.elf.dir/Drivers/STM32L4xx_HAL_Driver/Src/stm32l4xx_hal_uart_ex.c.obj
 .ARM.attributes
                0x0000000000000405       0x1e /usr/lib/gcc/arm-none-eabi/12.1.0/thumb/v7e-m/nofp/libgcc.a(_arm_addsubsf3.o)
 .ARM.attributes
                0x0000000000000423       0x1e /usr/lib/gcc/arm-none-eabi/12.1.0/thumb/v7e-m/nofp/libgcc.a(_arm_muldivsf3.o)
 .ARM.attributes
                0x0000000000000441       0x1e /usr/lib/gcc/arm-none-eabi/12.1.0/thumb/v7e-m/nofp/libgcc.a(_arm_cmpsf2.o)
 .ARM.attributes
                0x000000000000045f       0x1e /usr/lib/gcc/arm-none-eabi/12.1.0/thumb/v7e-m/nofp/libgcc.a(_arm_fixsfsi.o)
 .ARM.attributes
                0x000000000000047d       0x1e /usr/lib/gcc/arm-none-eabi/12.1.0/thumb/v7e-m/nofp/libgcc.a(_aeabi_uldivmod.o)
 .ARM.attributes
                0x000000000000049b       0x2e /usr/lib/gcc/arm-none-eabi/12.1.0/thumb/v7e-m/nofp/libgcc.a(_udivmoddi4.o)
 .ARM.attributes
                0x00000000000004c9       0x1e /usr/lib/gcc/arm-none-eabi/12.1.0/thumb/v7e-m/nofp/libgcc.a(_dvmd_tls.o)
 .ARM.attributes
                0x00000000000004e7       0x2e /usr/lib/gcc/arm-none-eabi/12.1.0/../../../../arm-none-eabi/lib/thumb/v7e-m/nofp/libg.a(lib_a-atexit.o)
 .ARM.attributes
                0x0000000000000515       0x2e /usr/lib/gcc/arm-none-eabi/12.1.0/../../../../arm-none-eabi/lib/thumb/v7e-m/nofp/libg.a(lib_a-errno.o)
 .ARM.attributes
                0x0000000000000543       0x2e /usr/lib/gcc/arm-none-eabi/12.1.0/../../../../arm-none-eabi/lib/thumb/v7e-m/nofp/libg.a(lib_a-fini.o)
 .ARM.attributes
                0x0000000000000571       0x2e /usr/lib/gcc/arm-none-eabi/12.1.0/../../../../arm-none-eabi/lib/thumb/v7e-m/nofp/libg.a(lib_a-impure.o)
 .ARM.attributes
                0x000000000000059f       0x2e /usr/lib/gcc/arm-none-eabi/12.1.0/../../../../arm-none-eabi/lib/thumb/v7e-m/nofp/libg.a(lib_a-init.o)
 .ARM.attributes
                0x00000000000005cd       0x2e /usr/lib/gcc/arm-none-eabi/12.1.0/../../../../arm-none-eabi/lib/thumb/v7e-m/nofp/libg.a(lib_a-memset.o)
 .ARM.attributes
                0x00000000000005fb       0x2e /usr/lib/gcc/arm-none-eabi/12.1.0/../../../../arm-none-eabi/lib/thumb/v7e-m/nofp/libg.a(lib_a-printf.o)
 .ARM.attributes
                0x0000000000000629       0x2e /usr/lib/gcc/arm-none-eabi/12.1.0/../../../../arm-none-eabi/lib/thumb/v7e-m/nofp/libg.a(lib_a-strtol.o)
 .ARM.attributes
                0x0000000000000657       0x2e /usr/lib/gcc/arm-none-eabi/12.1.0/../../../../arm-none-eabi/lib/thumb/v7e-m/nofp/libg.a(lib_a-vfprintf.o)
 .ARM.attributes
                0x0000000000000685       0x2e /usr/lib/gcc/arm-none-eabi/12.1.0/../../../../arm-none-eabi/lib/thumb/v7e-m/nofp/libg.a(lib_a-wsetup.o)
 .ARM.attributes
                0x00000000000006b3       0x2e /usr/lib/gcc/arm-none-eabi/12.1.0/../../../../arm-none-eabi/lib/thumb/v7e-m/nofp/libg.a(lib_a-__atexit.o)
 .ARM.attributes
                0x00000000000006e1       0x2e /usr/lib/gcc/arm-none-eabi/12.1.0/../../../../arm-none-eabi/lib/thumb/v7e-m/nofp/libg.a(lib_a-__call_atexit.o)
 .ARM.attributes
                0x000000000000070f       0x2e /usr/lib/gcc/arm-none-eabi/12.1.0/../../../../arm-none-eabi/lib/thumb/v7e-m/nofp/libg.a(lib_a-ctype_.o)
 .ARM.attributes
                0x000000000000073d       0x2e /usr/lib/gcc/arm-none-eabi/12.1.0/../../../../arm-none-eabi/lib/thumb/v7e-m/nofp/libg.a(lib_a-dtoa.o)
 .ARM.attributes
                0x000000000000076b       0x2e /usr/lib/gcc/arm-none-eabi/12.1.0/../../../../arm-none-eabi/lib/thumb/v7e-m/nofp/libg.a(lib_a-fflush.o)
 .ARM.attributes
                0x0000000000000799       0x2e /usr/lib/gcc/arm-none-eabi/12.1.0/../../../../arm-none-eabi/lib/thumb/v7e-m/nofp/libg.a(lib_a-findfp.o)
 .ARM.attributes
                0x00000000000007c7       0x2e /usr/lib/gcc/arm-none-eabi/12.1.0/../../../../arm-none-eabi/lib/thumb/v7e-m/nofp/libg.a(lib_a-freer.o)
 .ARM.attributes
                0x00000000000007f5       0x2e /usr/lib/gcc/arm-none-eabi/12.1.0/../../../../arm-none-eabi/lib/thumb/v7e-m/nofp/libg.a(lib_a-fwalk.o)
 .ARM.attributes
                0x0000000000000823       0x2e /usr/lib/gcc/arm-none-eabi/12.1.0/../../../../arm-none-eabi/lib/thumb/v7e-m/nofp/libg.a(lib_a-localeconv.o)
 .ARM.attributes
                0x0000000000000851       0x2e /usr/lib/gcc/arm-none-eabi/12.1.0/../../../../arm-none-eabi/lib/thumb/v7e-m/nofp/libg.a(lib_a-locale.o)
 .ARM.attributes
                0x000000000000087f       0x2e /usr/lib/gcc/arm-none-eabi/12.1.0/../../../../arm-none-eabi/lib/thumb/v7e-m/nofp/libg.a(lib_a-lock.o)
 .ARM.attributes
                0x00000000000008ad       0x2e /usr/lib/gcc/arm-none-eabi/12.1.0/../../../../arm-none-eabi/lib/thumb/v7e-m/nofp/libg.a(lib_a-makebuf.o)
 .ARM.attributes
                0x00000000000008db       0x2e /usr/lib/gcc/arm-none-eabi/12.1.0/../../../../arm-none-eabi/lib/thumb/v7e-m/nofp/libg.a(lib_a-mallocr.o)
 .ARM.attributes
                0x0000000000000909       0x2e /usr/lib/gcc/arm-none-eabi/12.1.0/../../../../arm-none-eabi/lib/thumb/v7e-m/nofp/libg.a(lib_a-mbtowc_r.o)
 .ARM.attributes
                0x0000000000000937       0x1c /usr/lib/gcc/arm-none-eabi/12.1.0/../../../../arm-none-eabi/lib/thumb/v7e-m/nofp/libg.a(lib_a-memchr.o)
 .ARM.attributes
                0x0000000000000953       0x1c /usr/lib/gcc/arm-none-eabi/12.1.0/../../../../arm-none-eabi/lib/thumb/v7e-m/nofp/libg.a(lib_a-memcpy.o)
 .ARM.attributes
                0x000000000000096f       0x2e /usr/lib/gcc/arm-none-eabi/12.1.0/../../../../arm-none-eabi/lib/thumb/v7e-m/nofp/libg.a(lib_a-mlock.o)
 .ARM.attributes
                0x000000000000099d       0x2e /usr/lib/gcc/arm-none-eabi/12.1.0/../../../../arm-none-eabi/lib/thumb/v7e-m/nofp/libg.a(lib_a-mprec.o)
 .ARM.attributes
                0x00000000000009cb       0x2e /usr/lib/gcc/arm-none-eabi/12.1.0/../../../../arm-none-eabi/lib/thumb/v7e-m/nofp/libg.a(lib_a-sbrkr.o)
 .ARM.attributes
                0x00000000000009f9       0x2e /usr/lib/gcc/arm-none-eabi/12.1.0/../../../../arm-none-eabi/lib/thumb/v7e-m/nofp/libg.a(lib_a-s_frexp.o)
 .ARM.attributes
                0x0000000000000a27       0x2e /usr/lib/gcc/arm-none-eabi/12.1.0/../../../../arm-none-eabi/lib/thumb/v7e-m/nofp/libg.a(lib_a-stdio.o)
 .ARM.attributes
                0x0000000000000a55       0x1c /usr/lib/gcc/arm-none-eabi/12.1.0/../../../../arm-none-eabi/lib/thumb/v7e-m/nofp/libg.a(lib_a-strlen.o)
 .ARM.attributes
                0x0000000000000a71       0x2e /usr/lib/gcc/arm-none-eabi/12.1.0/../../../../arm-none-eabi/lib/thumb/v7e-m/nofp/libg.a(lib_a-strncpy.o)
 .ARM.attributes
                0x0000000000000a9f       0x2e /usr/lib/gcc/arm-none-eabi/12.1.0/../../../../arm-none-eabi/lib/thumb/v7e-m/nofp/libg.a(lib_a-vfiprintf.o)
 .ARM.attributes
                0x0000000000000acd       0x2e /usr/lib/gcc/arm-none-eabi/12.1.0/../../../../arm-none-eabi/lib/thumb/v7e-m/nofp/libg.a(lib_a-wctomb_r.o)
 .ARM.attributes
                0x0000000000000afb       0x2e /usr/lib/gcc/arm-none-eabi/12.1.0/../../../../arm-none-eabi/lib/thumb/v7e-m/nofp/libg.a(lib_a-writer.o)
 .ARM.attributes
                0x0000000000000b29       0x2e /usr/lib/gcc/arm-none-eabi/12.1.0/../../../../arm-none-eabi/lib/thumb/v7e-m/nofp/libg.a(lib_a-assert.o)
 .ARM.attributes
                0x0000000000000b57       0x2e /usr/lib/gcc/arm-none-eabi/12.1.0/../../../../arm-none-eabi/lib/thumb/v7e-m/nofp/libg.a(lib_a-callocr.o)
 .ARM.attributes
                0x0000000000000b85       0x2e /usr/lib/gcc/arm-none-eabi/12.1.0/../../../../arm-none-eabi/lib/thumb/v7e-m/nofp/libg.a(lib_a-closer.o)
 .ARM.attributes
                0x0000000000000bb3       0x2e /usr/lib/gcc/arm-none-eabi/12.1.0/../../../../arm-none-eabi/lib/thumb/v7e-m/nofp/libg.a(lib_a-fclose.o)
 .ARM.attributes
                0x0000000000000be1       0x2e /usr/lib/gcc/arm-none-eabi/12.1.0/../../../../arm-none-eabi/lib/thumb/v7e-m/nofp/libg.a(lib_a-fiprintf.o)
 .ARM.attributes
                0x0000000000000c0f       0x2e /usr/lib/gcc/arm-none-eabi/12.1.0/../../../../arm-none-eabi/lib/thumb/v7e-m/nofp/libg.a(lib_a-fputwc.o)
 .ARM.attributes
                0x0000000000000c3d       0x2e /usr/lib/gcc/arm-none-eabi/12.1.0/../../../../arm-none-eabi/lib/thumb/v7e-m/nofp/libg.a(lib_a-fstatr.o)
 .ARM.attributes
                0x0000000000000c6b       0x2e /usr/lib/gcc/arm-none-eabi/12.1.0/../../../../arm-none-eabi/lib/thumb/v7e-m/nofp/libg.a(lib_a-fvwrite.o)
 .ARM.attributes
                0x0000000000000c99       0x2e /usr/lib/gcc/arm-none-eabi/12.1.0/../../../../arm-none-eabi/lib/thumb/v7e-m/nofp/libg.a(lib_a-isattyr.o)
 .ARM.attributes
                0x0000000000000cc7       0x2e /usr/lib/gcc/arm-none-eabi/12.1.0/../../../../arm-none-eabi/lib/thumb/v7e-m/nofp/libg.a(lib_a-lseekr.o)
 .ARM.attributes
                0x0000000000000cf5       0x2e /usr/lib/gcc/arm-none-eabi/12.1.0/../../../../arm-none-eabi/lib/thumb/v7e-m/nofp/libg.a(lib_a-memmove.o)
 .ARM.attributes
                0x0000000000000d23       0x2e /usr/lib/gcc/arm-none-eabi/12.1.0/../../../../arm-none-eabi/lib/thumb/v7e-m/nofp/libg.a(lib_a-readr.o)
 .ARM.attributes
                0x0000000000000d51       0x2e /usr/lib/gcc/arm-none-eabi/12.1.0/../../../../arm-none-eabi/lib/thumb/v7e-m/nofp/libg.a(lib_a-reallocr.o)
 .ARM.attributes
                0x0000000000000d7f       0x2e /usr/lib/gcc/arm-none-eabi/12.1.0/../../../../arm-none-eabi/lib/thumb/v7e-m/nofp/libg.a(lib_a-reent.o)
 .ARM.attributes
                0x0000000000000dad       0x2e /usr/lib/gcc/arm-none-eabi/12.1.0/../../../../arm-none-eabi/lib/thumb/v7e-m/nofp/libg.a(lib_a-wbuf.o)
 .ARM.attributes
                0x0000000000000ddb       0x2e /usr/lib/gcc/arm-none-eabi/12.1.0/../../../../arm-none-eabi/lib/thumb/v7e-m/nofp/libg.a(lib_a-wcrtomb.o)
 .ARM.attributes
                0x0000000000000e09       0x2e /usr/lib/gcc/arm-none-eabi/12.1.0/../../../../arm-none-eabi/lib/thumb/v7e-m/nofp/libg.a(lib_a-abort.o)
 .ARM.attributes
                0x0000000000000e37       0x2e /usr/lib/gcc/arm-none-eabi/12.1.0/../../../../arm-none-eabi/lib/thumb/v7e-m/nofp/libg.a(lib_a-signal.o)
 .ARM.attributes
                0x0000000000000e65       0x2e /usr/lib/gcc/arm-none-eabi/12.1.0/../../../../arm-none-eabi/lib/thumb/v7e-m/nofp/libg.a(lib_a-signalr.o)
 .ARM.attributes
                0x0000000000000e93       0x1e /usr/lib/gcc/arm-none-eabi/12.1.0/thumb/v7e-m/nofp/libgcc.a(_arm_addsubdf3.o)
 .ARM.attributes
                0x0000000000000eb1       0x1e /usr/lib/gcc/arm-none-eabi/12.1.0/thumb/v7e-m/nofp/libgcc.a(_arm_muldivdf3.o)
 .ARM.attributes
                0x0000000000000ecf       0x1e /usr/lib/gcc/arm-none-eabi/12.1.0/thumb/v7e-m/nofp/libgcc.a(_arm_cmpdf2.o)
 .ARM.attributes
                0x0000000000000eed       0x1e /usr/lib/gcc/arm-none-eabi/12.1.0/thumb/v7e-m/nofp/libgcc.a(_arm_unorddf2.o)
 .ARM.attributes
                0x0000000000000f0b       0x1e /usr/lib/gcc/arm-none-eabi/12.1.0/thumb/v7e-m/nofp/libgcc.a(_arm_fixdfsi.o)
 .ARM.attributes
                0x0000000000000f29       0x1e /usr/lib/gcc/arm-none-eabi/12.1.0/thumb/v7e-m/nofp/crtn.o
OUTPUT(CruiseControl.elf elf32-littlearm)
LOAD linker stubs
LOAD /usr/lib/gcc/arm-none-eabi/12.1.0/../../../../arm-none-eabi/lib/thumb/v7e-m/nofp/libc.a
LOAD /usr/lib/gcc/arm-none-eabi/12.1.0/../../../../arm-none-eabi/lib/thumb/v7e-m/nofp/libm.a
LOAD /usr/lib/gcc/arm-none-eabi/12.1.0/thumb/v7e-m/nofp/libgcc.a

.debug_info     0x0000000000000000    0x390f7
 .debug_info    0x0000000000000000      0x9f9 CMakeFiles/CruiseControl.elf.dir/Core/Src/elm327.c.obj
 .debug_info    0x00000000000009f9     0x2039 CMakeFiles/CruiseControl.elf.dir/Core/Src/main.c.obj
 .debug_info    0x0000000000002a32     0x151f CMakeFiles/CruiseControl.elf.dir/Core/Src/stm32l4xx_hal_msp.c.obj
 .debug_info    0x0000000000003f51      0x8ef CMakeFiles/CruiseControl.elf.dir/Core/Src/stm32l4xx_it.c.obj
 .debug_info    0x0000000000004840      0x783 CMakeFiles/CruiseControl.elf.dir/Core/Src/syscalls.c.obj
 .debug_info    0x0000000000004fc3      0x171 CMakeFiles/CruiseControl.elf.dir/Core/Src/sysmem.c.obj
 .debug_info    0x0000000000005134      0x3d4 CMakeFiles/CruiseControl.elf.dir/Core/Src/system_stm32l4xx.c.obj
 .debug_info    0x0000000000005508      0xe6c CMakeFiles/CruiseControl.elf.dir/Core/Src/throttle.c.obj
 .debug_info    0x0000000000006374       0x23 CMakeFiles/CruiseControl.elf.dir/Core/Startup/startup_stm32l432kcux.s.obj
 .debug_info    0x0000000000006397      0xa43 CMakeFiles/CruiseControl.elf.dir/Drivers/STM32L4xx_HAL_Driver/Src/stm32l4xx_hal.c.obj
 .debug_info    0x0000000000006dda     0x2f74 CMakeFiles/CruiseControl.elf.dir/Drivers/STM32L4xx_HAL_Driver/Src/stm32l4xx_hal_adc.c.obj
 .debug_info    0x0000000000009d4e      0xeff CMakeFiles/CruiseControl.elf.dir/Drivers/STM32L4xx_HAL_Driver/Src/stm32l4xx_hal_cortex.c.obj
 .debug_info    0x000000000000ac4d      0xbe9 CMakeFiles/CruiseControl.elf.dir/Drivers/STM32L4xx_HAL_Driver/Src/stm32l4xx_hal_dac.c.obj
 .debug_info    0x000000000000b836      0x7fc CMakeFiles/CruiseControl.elf.dir/Drivers/STM32L4xx_HAL_Driver/Src/stm32l4xx_hal_dma.c.obj
 .debug_info    0x000000000000c032      0x789 CMakeFiles/CruiseControl.elf.dir/Drivers/STM32L4xx_HAL_Driver/Src/stm32l4xx_hal_gpio.c.obj
 .debug_info    0x000000000000c7bb      0x96f CMakeFiles/CruiseControl.elf.dir/Drivers/STM32L4xx_HAL_Driver/Src/stm32l4xx_hal_pwr.c.obj
 .debug_info    0x000000000000d12a      0x9c5 CMakeFiles/CruiseControl.elf.dir/Drivers/STM32L4xx_HAL_Driver/Src/stm32l4xx_hal_pwr_ex.c.obj
 .debug_info    0x000000000000daef      0xe58 CMakeFiles/CruiseControl.elf.dir/Drivers/STM32L4xx_HAL_Driver/Src/stm32l4xx_hal_rcc.c.obj
 .debug_info    0x000000000000e947     0x119d CMakeFiles/CruiseControl.elf.dir/Drivers/STM32L4xx_HAL_Driver/Src/stm32l4xx_hal_rcc_ex.c.obj
 .debug_info    0x000000000000fae4     0x4fd6 CMakeFiles/CruiseControl.elf.dir/Drivers/STM32L4xx_HAL_Driver/Src/stm32l4xx_hal_uart.c.obj
 .debug_info    0x0000000000014aba     0x1008 CMakeFiles/CruiseControl.elf.dir/Drivers/STM32L4xx_HAL_Driver/Src/stm32l4xx_hal_uart_ex.c.obj
 .debug_info    0x0000000000015ac2       0x25 /usr/lib/gcc/arm-none-eabi/12.1.0/thumb/v7e-m/nofp/libgcc.a(_arm_addsubsf3.o)
 .debug_info    0x0000000000015ae7       0x25 /usr/lib/gcc/arm-none-eabi/12.1.0/thumb/v7e-m/nofp/libgcc.a(_arm_muldivsf3.o)
 .debug_info    0x0000000000015b0c       0x25 /usr/lib/gcc/arm-none-eabi/12.1.0/thumb/v7e-m/nofp/libgcc.a(_arm_cmpsf2.o)
 .debug_info    0x0000000000015b31       0x24 /usr/lib/gcc/arm-none-eabi/12.1.0/thumb/v7e-m/nofp/libgcc.a(_arm_fixsfsi.o)
 .debug_info    0x0000000000015b55       0x24 /usr/lib/gcc/arm-none-eabi/12.1.0/thumb/v7e-m/nofp/libgcc.a(_aeabi_uldivmod.o)
 .debug_info    0x0000000000015b79      0x6fd /usr/lib/gcc/arm-none-eabi/12.1.0/thumb/v7e-m/nofp/libgcc.a(_udivmoddi4.o)
 .debug_info    0x0000000000016276       0x24 /usr/lib/gcc/arm-none-eabi/12.1.0/thumb/v7e-m/nofp/libgcc.a(_dvmd_tls.o)
 .debug_info    0x000000000001629a      0x118 /usr/lib/gcc/arm-none-eabi/12.1.0/../../../../arm-none-eabi/lib/thumb/v7e-m/nofp/libg.a(lib_a-atexit.o)
 .debug_info    0x00000000000163b2      0x8b3 /usr/lib/gcc/arm-none-eabi/12.1.0/../../../../arm-none-eabi/lib/thumb/v7e-m/nofp/libg.a(lib_a-errno.o)
 .debug_info    0x0000000000016c65       0xf7 /usr/lib/gcc/arm-none-eabi/12.1.0/../../../../arm-none-eabi/lib/thumb/v7e-m/nofp/libg.a(lib_a-fini.o)
 .debug_info    0x0000000000016d5c      0x8c8 /usr/lib/gcc/arm-none-eabi/12.1.0/../../../../arm-none-eabi/lib/thumb/v7e-m/nofp/libg.a(lib_a-impure.o)
 .debug_info    0x0000000000017624      0x10b /usr/lib/gcc/arm-none-eabi/12.1.0/../../../../arm-none-eabi/lib/thumb/v7e-m/nofp/libg.a(lib_a-init.o)
 .debug_info    0x000000000001772f      0x135 /usr/lib/gcc/arm-none-eabi/12.1.0/../../../../arm-none-eabi/lib/thumb/v7e-m/nofp/libg.a(lib_a-memset.o)
 .debug_info    0x0000000000017864      0x9f3 /usr/lib/gcc/arm-none-eabi/12.1.0/../../../../arm-none-eabi/lib/thumb/v7e-m/nofp/libg.a(lib_a-printf.o)
 .debug_info    0x0000000000018257      0xf02 /usr/lib/gcc/arm-none-eabi/12.1.0/../../../../arm-none-eabi/lib/thumb/v7e-m/nofp/libg.a(lib_a-strtol.o)
 .debug_info    0x0000000000019159     0x1e3b /usr/lib/gcc/arm-none-eabi/12.1.0/../../../../arm-none-eabi/lib/thumb/v7e-m/nofp/libg.a(lib_a-vfprintf.o)
 .debug_info    0x000000000001af94      0x973 /usr/lib/gcc/arm-none-eabi/12.1.0/../../../../arm-none-eabi/lib/thumb/v7e-m/nofp/libg.a(lib_a-wsetup.o)
 .debug_info    0x000000000001b907      0x999 /usr/lib/gcc/arm-none-eabi/12.1.0/../../../../arm-none-eabi/lib/thumb/v7e-m/nofp/libg.a(lib_a-__atexit.o)
 .debug_info    0x000000000001c2a0      0xa21 /usr/lib/gcc/arm-none-eabi/12.1.0/../../../../arm-none-eabi/lib/thumb/v7e-m/nofp/libg.a(lib_a-__call_atexit.o)
 .debug_info    0x000000000001ccc1       0xb9 /usr/lib/gcc/arm-none-eabi/12.1.0/../../../../arm-none-eabi/lib/thumb/v7e-m/nofp/libg.a(lib_a-ctype_.o)
 .debug_info    0x000000000001cd7a     0x1a85 /usr/lib/gcc/arm-none-eabi/12.1.0/../../../../arm-none-eabi/lib/thumb/v7e-m/nofp/libg.a(lib_a-dtoa.o)
 .debug_info    0x000000000001e7ff      0xc0a /usr/lib/gcc/arm-none-eabi/12.1.0/../../../../arm-none-eabi/lib/thumb/v7e-m/nofp/libg.a(lib_a-fflush.o)
 .debug_info    0x000000000001f409     0x12b7 /usr/lib/gcc/arm-none-eabi/12.1.0/../../../../arm-none-eabi/lib/thumb/v7e-m/nofp/libg.a(lib_a-findfp.o)
 .debug_info    0x00000000000206c0      0xcdf /usr/lib/gcc/arm-none-eabi/12.1.0/../../../../arm-none-eabi/lib/thumb/v7e-m/nofp/libg.a(lib_a-freer.o)
 .debug_info    0x000000000002139f      0x9f1 /usr/lib/gcc/arm-none-eabi/12.1.0/../../../../arm-none-eabi/lib/thumb/v7e-m/nofp/libg.a(lib_a-fwalk.o)
 .debug_info    0x0000000000021d90      0xbdb /usr/lib/gcc/arm-none-eabi/12.1.0/../../../../arm-none-eabi/lib/thumb/v7e-m/nofp/libg.a(lib_a-localeconv.o)
 .debug_info    0x000000000002296b      0xdfc /usr/lib/gcc/arm-none-eabi/12.1.0/../../../../arm-none-eabi/lib/thumb/v7e-m/nofp/libg.a(lib_a-locale.o)
 .debug_info    0x0000000000023767      0x21a /usr/lib/gcc/arm-none-eabi/12.1.0/../../../../arm-none-eabi/lib/thumb/v7e-m/nofp/libg.a(lib_a-lock.o)