Archive member included to satisfy reference by file (symbol)

/usr/lib/gcc/arm-none-eabi/12.1.0/thumb/v7e-m/nofp/libgcc.a(_aeabi_uldivmod.o)
                              CMakeFiles/CruiseControl.elf.dir/Drivers/STM32L4xx_HAL_Driver/Src/stm32l4xx_hal_uart.c.obj (__aeabi_uldivmod)
/usr/lib/gcc/arm-none-eabi/12.1.0/thumb/v7e-m/nofp/libgcc.a(_udivmoddi4.o)
                              /usr/lib/gcc/arm-none-eabi/12.1.0/thumb/v7e-m/nofp/libgcc.a(_aeabi_uldivmod.o) (__udivmoddi4)
/usr/lib/gcc/arm-none-eabi/12.1.0/thumb/v7e-m/nofp/libgcc.a(_dvmd_tls.o)
                              /usr/lib/gcc/arm-none-eabi/12.1.0/thumb/v7e-m/nofp/libgcc.a(_aeabi_uldivmod.o) (__aeabi_ldiv0)
/usr/lib/gcc/arm-none-eabi/12.1.0/../../../../arm-none-eabi/lib/thumb/v7e-m/nofp/libg.a(lib_a-atexit.o)
                              /usr/lib/gcc/arm-none-eabi/12.1.0/../../../../arm-none-eabi/lib/thumb/v7e-m/nofp/crt0.o (atexit)
/usr/lib/gcc/arm-none-eabi/12.1.0/../../../../arm-none-eabi/lib/thumb/v7e-m/nofp/libg.a(lib_a-errno.o)
                              CMakeFiles/CruiseControl.elf.dir/Core/Src/syscalls.c.obj (__errno)
/usr/lib/gcc/arm-none-eabi/12.1.0/../../../../arm-none-eabi/lib/thumb/v7e-m/nofp/libg.a(lib_a-exit.o)
                              /usr/lib/gcc/arm-none-eabi/12.1.0/../../../../arm-none-eabi/lib/thumb/v7e-m/nofp/crt0.o (exit)
/usr/lib/gcc/arm-none-eabi/12.1.0/../../../../arm-none-eabi/lib/thumb/v7e-m/nofp/libg.a(lib_a-fini.o)
                              /usr/lib/gcc/arm-none-eabi/12.1.0/../../../../arm-none-eabi/lib/thumb/v7e-m/nofp/crt0.o (__libc_fini_array)
/usr/lib/gcc/arm-none-eabi/12.1.0/../../../../arm-none-eabi/lib/thumb/v7e-m/nofp/libg.a(lib_a-impure.o)
                              /usr/lib/gcc/arm-none-eabi/12.1.0/../../../../arm-none-eabi/lib/thumb/v7e-m/nofp/libg.a(lib_a-exit.o) (_global_impure_ptr)
/usr/lib/gcc/arm-none-eabi/12.1.0/../../../../arm-none-eabi/lib/thumb/v7e-m/nofp/libg.a(lib_a-init.o)
                              /usr/lib/gcc/arm-none-eabi/12.1.0/../../../../arm-none-eabi/lib/thumb/v7e-m/nofp/crt0.o (__libc_init_array)
/usr/lib/gcc/arm-none-eabi/12.1.0/../../../../arm-none-eabi/lib/thumb/v7e-m/nofp/libg.a(lib_a-memset.o)
                              /usr/lib/gcc/arm-none-eabi/12.1.0/../../../../arm-none-eabi/lib/thumb/v7e-m/nofp/crt0.o (memset)
/usr/lib/gcc/arm-none-eabi/12.1.0/../../../../arm-none-eabi/lib/thumb/v7e-m/nofp/libg.a(lib_a-printf.o)
                              CMakeFiles/CruiseControl.elf.dir/Core/Src/main.c.obj (printf)
/usr/lib/gcc/arm-none-eabi/12.1.0/../../../../arm-none-eabi/lib/thumb/v7e-m/nofp/libg.a(lib_a-vfprintf.o)
                              /usr/lib/gcc/arm-none-eabi/12.1.0/../../../../arm-none-eabi/lib/thumb/v7e-m/nofp/libg.a(lib_a-printf.o) (_vfprintf_r)
/usr/lib/gcc/arm-none-eabi/12.1.0/../../../../arm-none-eabi/lib/thumb/v7e-m/nofp/libg.a(lib_a-wsetup.o)
                              /usr/lib/gcc/arm-none-eabi/12.1.0/../../../../arm-none-eabi/lib/thumb/v7e-m/nofp/libg.a(lib_a-vfprintf.o) (__swsetup_r)
/usr/lib/gcc/arm-none-eabi/12.1.0/../../../../arm-none-eabi/lib/thumb/v7e-m/nofp/libg.a(lib_a-__atexit.o)
                              /usr/lib/gcc/arm-none-eabi/12.1.0/../../../../arm-none-eabi/lib/thumb/v7e-m/nofp/libg.a(lib_a-atexit.o) (__register_exitproc)
/usr/lib/gcc/arm-none-eabi/12.1.0/../../../../arm-none-eabi/lib/thumb/v7e-m/nofp/libg.a(lib_a-__call_atexit.o)
                              /usr/lib/gcc/arm-none-eabi/12.1.0/../../../../arm-none-eabi/lib/thumb/v7e-m/nofp/libg.a(lib_a-exit.o) (__call_exitprocs)
/usr/lib/gcc/arm-none-eabi/12.1.0/../../../../arm-none-eabi/lib/thumb/v7e-m/nofp/libg.a(lib_a-dtoa.o)
                              /usr/lib/gcc/arm-none-eabi/12.1.0/../../../../arm-none-eabi/lib/thumb/v7e-m/nofp/libg.a(lib_a-vfprintf.o) (_dtoa_r)
/usr/lib/gcc/arm-none-eabi/12.1.0/../../../../arm-none-eabi/lib/thumb/v7e-m/nofp/libg.a(lib_a-fflush.o)
                              /usr/lib/gcc/arm-none-eabi/12.1.0/../../../../arm-none-eabi/lib/thumb/v7e-m/nofp/libg.a(lib_a-vfprintf.o) (_fflush_r)
/usr/lib/gcc/arm-none-eabi/12.1.0/../../../../arm-none-eabi/lib/thumb/v7e-m/nofp/libg.a(lib_a-findfp.o)
                              /usr/lib/gcc/arm-none-eabi/12.1.0/../../../../arm-none-eabi/lib/thumb/v7e-m/nofp/libg.a(lib_a-vfprintf.o) (__sinit)
/usr/lib/gcc/arm-none-eabi/12.1.0/../../../../arm-none-eabi/lib/thumb/v7e-m/nofp/libg.a(lib_a-freer.o)
                              /usr/lib/gcc/arm-none-eabi/12.1.0/../../../../arm-none-eabi/lib/thumb/v7e-m/nofp/libg.a(lib_a-vfprintf.o) (_free_r)
/usr/lib/gcc/arm-none-eabi/12.1.0/../../../../arm-none-eabi/lib/thumb/v7e-m/nofp/libg.a(lib_a-fwalk.o)
                              /usr/lib/gcc/arm-none-eabi/12.1.0/../../../../arm-none-eabi/lib/thumb/v7e-m/nofp/libg.a(lib_a-findfp.o) (_fwalk)
/usr/lib/gcc/arm-none-eabi/12.1.0/../../../../arm-none-eabi/lib/thumb/v7e-m/nofp/libg.a(lib_a-localeconv.o)
[...]
Memory Configuration

Name             Origin             Length             Attributes
RAM              0x0000000020000000 0x0000000000010000 xrw
RAM2             0x0000000010000000 0x0000000000004000 xrw
FLASH            0x0000000008000000 0x0000000000040000 xr
*default*        0x0000000000000000 0xffffffffffffffff

Linker script and memory map

LOAD /usr/lib/gcc/arm-none-eabi/12.1.0/thumb/v7e-m/nofp/crti.o
LOAD /usr/lib/gcc/arm-none-eabi/12.1.0/thumb/v7e-m/nofp/crtbegin.o
LOAD /usr/lib/gcc/arm-none-eabi/12.1.0/../../../../arm-none-eabi/lib/thumb/v7e-m/nofp/crt0.o
LOAD CMakeFiles/CruiseControl.elf.dir/Core/Src/main.c.obj
LOAD CMakeFiles/CruiseControl.elf.dir/Core/Src/stm32l4xx_hal_msp.c.obj
LOAD CMakeFiles/CruiseControl.elf.dir/Core/Src/stm32l4xx_it.c.obj
LOAD CMakeFiles/CruiseControl.elf.dir/Core/Src/syscalls.c.obj
LOAD CMakeFiles/CruiseControl.elf.dir/Core/Src/sysmem.c.obj
LOAD CMakeFiles/CruiseControl.elf.dir/Core/Src/system_stm32l4xx.c.obj
LOAD CMakeFiles/CruiseControl.elf.dir/Core/Src/throttle.c.obj
LOAD CMakeFiles/CruiseControl.elf.dir/Core/Startup/startup_stm32l432kcux.s.obj
LOAD CMakeFiles/CruiseControl.elf.dir/Drivers/STM32L4xx_HAL_Driver/Src/stm32l4xx_hal.c.obj
LOAD CMakeFiles/CruiseControl.elf.dir/Drivers/STM32L4xx_HAL_Driver/Src/stm32l4xx_hal_adc.c.obj
LOAD CMakeFiles/CruiseControl.elf.dir/Drivers/STM32L4xx_HAL_Driver/Src/stm32l4xx_hal_adc_ex.c.obj
LOAD CMakeFiles/CruiseControl.elf.dir/Drivers/STM32L4xx_HAL_Driver/Src/stm32l4xx_hal_cortex.c.obj
LOAD CMakeFiles/CruiseControl.elf.dir/Drivers/STM32L4xx_HAL_Driver/Src/stm32l4xx_hal_dac.c.obj
LOAD CMakeFiles/CruiseControl.elf.dir/Drivers/STM32L4xx_HAL_Driver/Src/stm32l4xx_hal_dac_ex.c.obj
LOAD CMakeFiles/CruiseControl.elf.dir/Drivers/STM32L4xx_HAL_Driver/Src/stm32l4xx_hal_dma.c.obj
LOAD CMakeFiles/CruiseControl.elf.dir/Drivers/STM32L4xx_HAL_Driver/Src/stm32l4xx_hal_dma_ex.c.obj
LOAD CMakeFiles/CruiseControl.elf.dir/Drivers/STM32L4xx_HAL_Driver/Src/stm32l4xx_hal_exti.c.obj
LOAD CMakeFiles/CruiseControl.elf.dir/Drivers/STM32L4xx_HAL_Driver/Src/stm32l4xx_hal_flash.c.obj
LOAD CMakeFiles/CruiseControl.elf.dir/Drivers/STM32L4xx_HAL_Driver/Src/stm32l4xx_hal_flash_ex.c.obj
LOAD CMakeFiles/CruiseControl.elf.dir/Drivers/STM32L4xx_HAL_Driver/Src/stm32l4xx_hal_flash_ramfunc.c.obj
LOAD CMakeFiles/CruiseControl.elf.dir/Drivers/STM32L4xx_HAL_Driver/Src/stm32l4xx_hal_gpio.c.obj
LOAD CMakeFiles/CruiseControl.elf.dir/Drivers/STM32L4xx_HAL_Driver/Src/stm32l4xx_hal_i2c.c.obj
LOAD CMakeFiles/CruiseControl.elf.dir/Drivers/STM32L4xx_HAL_Driver/Src/stm32l4xx_hal_i2c_ex.c.obj
LOAD CMakeFiles/CruiseControl.elf.dir/Drivers/STM32L4xx_HAL_Driver/Src/stm32l4xx_hal_pwr.c.obj
LOAD CMakeFiles/CruiseControl.elf.dir/Drivers/STM32L4xx_HAL_Driver/Src/stm32l4xx_hal_pwr_ex.c.obj
LOAD CMakeFiles/CruiseControl.elf.dir/Drivers/STM32L4xx_HAL_Driver/Src/stm32l4xx_hal_rcc.c.obj
LOAD CMakeFiles/CruiseControl.elf.dir/Drivers/STM32L4xx_HAL_Driver/Src/stm32l4xx_hal_rcc_ex.c.obj
LOAD CMakeFiles/CruiseControl.elf.dir/Drivers/STM32L4xx_HAL_Driver/Src/stm32l4xx_hal_tim.c.obj
LOAD CMakeFiles/CruiseControl.elf.dir/Drivers/STM32L4xx_HAL_Driver/Src/stm32l4xx_hal_tim_ex.c.obj
LOAD CMakeFiles/CruiseControl.elf.dir/Drivers/STM32L4xx_HAL_Driver/Src/stm32l4xx_hal_uart.c.obj
LOAD CMakeFiles/CruiseControl.elf.dir/Drivers/STM32L4xx_HAL_Driver/Src/stm32l4xx_hal_uart_ex.c.obj
START GROUP
LOAD /usr/lib/gcc/arm-none-eabi/12.1.0/thumb/v7e-m/nofp/libgcc.a
LOAD /usr/lib/gcc/arm-none-eabi/12.1.0/../../../../arm-none-eabi/lib/thumb/v7e-m/nofp/libg.a
LOAD /usr/lib/gcc/arm-none-eabi/12.1.0/../../../../arm-none-eabi/lib/thumb/v7e-m/nofp/libc.a
END GROUP
LOAD /usr/lib/gcc/arm-none-eabi/12.1.0/thumb/v7e-m/nofp/crtend.o
LOAD /usr/lib/gcc/arm-none-eabi/12.1.0/thumb/v7e-m/nofp/crtn.o
                0x0000000020010000                _estack = (ORIGIN (RAM) + LENGTH (RAM))
                0x0000000000000200                _Min_Heap_Size = 0x200
                0x0000000000000400                _Min_Stack_Size = 0x400

.isr_vector     0x0000000008000000      0x18c
                0x0000000008000000                . = ALIGN (0x4)
 *(.isr_vector)
 .isr_vector    0x0000000008000000      0x18c CMakeFiles/CruiseControl.elf.dir/Core/Startup/startup_stm32l432kcux.s.obj
                0x0000000008000000                g_pfnVectors
                0x000000000800018c                . = ALIGN (0x4)

.text           0x00000000080001c0     0x955c
                0x00000000080001c0                . = ALIGN (0x4)
 *(.text)
 .text          0x00000000080001c0       0x30 /usr/lib/gcc/arm-none-eabi/12.1.0/thumb/v7e-m/nofp/libgcc.a(_aeabi_uldivmod.o)
                0x00000000080001c0                __aeabi_uldivmod
 .text          0x00000000080001f0        0x4 /usr/lib/gcc/arm-none-eabi/12.1.0/thumb/v7e-m/nofp/libgcc.a(_dvmd_tls.o)
                0x00000000080001f0                __aeabi_ldiv0
                0x00000000080001f0                __aeabi_idiv0
 *fill*         0x00000000080001f4        0xc 
 .text          0x0000000008000200       0xa0 /usr/lib/gcc/arm-none-eabi/12.1.0/../../../../arm-none-eabi/lib/thumb/v7e-m/nofp/libg.a(lib_a-memchr.o)
                0x0000000008000200                memchr
 .text          0x00000000080002a0      0x134 /usr/lib/gcc/arm-none-eabi/12.1.0/../../../../arm-none-eabi/lib/thumb/v7e-m/nofp/libg.a(lib_a-memcpy.o)
                0x00000000080002a0                memcpy
 *fill*         0x00000000080003d4       0x2c 
 .text          0x0000000008000400       0xdc /usr/lib/gcc/arm-none-eabi/12.1.0/../../../../arm-none-eabi/lib/thumb/v7e-m/nofp/libg.a(lib_a-strlen.o)
                0x0000000008000400                strlen
 .text          0x00000000080004dc      0x378 /usr/lib/gcc/arm-none-eabi/12.1.0/thumb/v7e-m/nofp/libgcc.a(_arm_addsubdf3.o)
                0x00000000080004dc                __aeabi_drsub
                0x00000000080004e4                __aeabi_dsub
                0x00000000080004e4                __subdf3
                0x00000000080004e8                __adddf3
                0x00000000080004e8                __aeabi_dadd
                0x0000000008000760                __aeabi_ui2d
                0x0000000008000760                __floatunsidf
                0x0000000008000780                __floatsidf
                0x0000000008000780                __aeabi_i2d
                0x00000000080007a4                __extendsfdf2
                0x00000000080007a4                __aeabi_f2d
                0x00000000080007e8                __aeabi_ul2d
                0x00000000080007e8                __floatundidf
                0x00000000080007f8                __floatdidf
                0x00000000080007f8                __aeabi_l2d
 .text          0x0000000008000854      0x424 /usr/lib/gcc/arm-none-eabi/12.1.0/thumb/v7e-m/nofp/libgcc.a(_arm_muldivdf3.o)
                0x0000000008000854                __aeabi_dmul
                0x0000000008000854                __muldf3
                0x0000000008000aa8                __aeabi_ddiv
                0x0000000008000aa8                __divdf3
 .text          0x0000000008000c78      0x110 /usr/lib/gcc/arm-none-eabi/12.1.0/thumb/v7e-m/nofp/libgcc.a(_arm_cmpdf2.o)
                0x0000000008000c78                __gtdf2
                0x0000000008000c78                __gedf2
                0x0000000008000c80                __ltdf2
                0x0000000008000c80                __ledf2
                0x0000000008000c88                __cmpdf2
                0x0000000008000c88                __eqdf2
                0x0000000008000c88                __nedf2
                0x0000000008000d04                __aeabi_cdrcmple
                0x0000000008000d14                __aeabi_cdcmple
                0x0000000008000d14                __aeabi_cdcmpeq
                0x0000000008000d24                __aeabi_dcmpeq
                0x0000000008000d38                __aeabi_dcmplt
                0x0000000008000d4c                __aeabi_dcmple
                0x0000000008000d60                __aeabi_dcmpge
                0x0000000008000d74                __aeabi_dcmpgt
 .text          0x0000000008000d88       0x2c /usr/lib/gcc/arm-none-eabi/12.1.0/thumb/v7e-m/nofp/libgcc.a(_arm_unorddf2.o)
                0x0000000008000d88                __aeabi_dcmpun
                0x0000000008000d88                __unorddf2
 .text          0x0000000008000db4       0x50 /usr/lib/gcc/arm-none-eabi/12.1.0/thumb/v7e-m/nofp/libgcc.a(_arm_fixdfsi.o)
                0x0000000008000db4                __fixdfsi
                0x0000000008000db4                __aeabi_d2iz
 *(.text*)
 .text.__do_global_dtors_aux
                0x0000000008000e04       0x24 /usr/lib/gcc/arm-none-eabi/12.1.0/thumb/v7e-m/nofp/crtbegin.o
 .text.frame_dummy
                0x0000000008000e28       0x1c /usr/lib/gcc/arm-none-eabi/12.1.0/thumb/v7e-m/nofp/crtbegin.o
 .text.MX_GPIO_Init
                0x0000000008000e44       0xb0 CMakeFiles/CruiseControl.elf.dir/Core/Src/main.c.obj
 .text.__io_putchar
                0x0000000008000ef4       0x24 CMakeFiles/CruiseControl.elf.dir/Core/Src/main.c.obj
                0x0000000008000ef4                __io_putchar
 .text.Error_Handler
                0x0000000008000f18        0x4 CMakeFiles/CruiseControl.elf.dir/Core/Src/main.c.obj
                0x0000000008000f18                Error_Handler
 .text.MX_USART2_UART_Init
                0x0000000008000f1c       0x38 CMakeFiles/CruiseControl.elf.dir/Core/Src/main.c.obj
 .text.MX_ADC1_Init
                0x0000000008000f54       0x80 CMakeFiles/CruiseControl.elf.dir/Core/Src/main.c.obj
 .text.MX_DAC1_Init
                0x0000000008000fd4       0x48 CMakeFiles/CruiseControl.elf.dir/Core/Src/main.c.obj
 .text.MX_USART1_UART_Init
                0x000000000800101c       0x38 CMakeFiles/CruiseControl.elf.dir/Core/Src/main.c.obj
 .text.SystemClock_Config
                0x0000000008001054       0x98 CMakeFiles/CruiseControl.elf.dir/Core/Src/main.c.obj
                0x0000000008001054                SystemClock_Config
 .text.main     0x00000000080010ec       0x7c CMakeFiles/CruiseControl.elf.dir/Core/Src/main.c.obj
                0x00000000080010ec                main
 .text.HAL_MspInit
                0x0000000008001168       0x30 CMakeFiles/CruiseControl.elf.dir/Core/Src/stm32l4xx_hal_msp.c.obj
                0x0000000008001168                HAL_MspInit
 .text.HAL_ADC_MspInit
                0x0000000008001198       0xa0 CMakeFiles/CruiseControl.elf.dir/Core/Src/stm32l4xx_hal_msp.c.obj
                0x0000000008001198                HAL_ADC_MspInit
 .text.HAL_DAC_MspInit
                0x0000000008001238       0x60 CMakeFiles/CruiseControl.elf.dir/Core/Src/stm32l4xx_hal_msp.c.obj
                0x0000000008001238                HAL_DAC_MspInit
 .text.HAL_UART_MspInit
                0x0000000008001298      0x104 CMakeFiles/CruiseControl.elf.dir/Core/Src/stm32l4xx_hal_msp.c.obj
                0x0000000008001298                HAL_UART_MspInit
 .text.NMI_Handler
                0x000000000800139c        0x2 CMakeFiles/CruiseControl.elf.dir/Core/Src/stm32l4xx_it.c.obj
                0x000000000800139c                NMI_Handler
 .text.HardFault_Handler
                0x000000000800139e        0x2 CMakeFiles/CruiseControl.elf.dir/Core/Src/stm32l4xx_it.c.obj
                0x000000000800139e                HardFault_Handler
 .text.MemManage_Handler
                0x00000000080013a0        0x2 CMakeFiles/CruiseControl.elf.dir/Core/Src/stm32l4xx_it.c.obj
                0x00000000080013a0                MemManage_Handler
 .text.BusFault_Handler
                0x00000000080013a2        0x2 CMakeFiles/CruiseControl.elf.dir/Core/Src/stm32l4xx_it.c.obj
                0x00000000080013a2                BusFault_Handler
 .text.UsageFault_Handler
                0x00000000080013a4        0x2 CMakeFiles/CruiseControl.elf.dir/Core/Src/stm32l4xx_it.c.obj
                0x00000000080013a4                UsageFault_Handler
 .text.SVC_Handler
                0x00000000080013a6        0x2 CMakeFiles/CruiseControl.elf.dir/Core/Src/stm32l4xx_it.c.obj
                0x00000000080013a6                SVC_Handler
 .text.DebugMon_Handler
                0x00000000080013a8        0x2 CMakeFiles/CruiseControl.elf.dir/Core/Src/stm32l4xx_it.c.obj
                0x00000000080013a8                DebugMon_Handler
 .text.PendSV_Handler
                0x00000000080013aa        0x2 CMakeFiles/CruiseControl.elf.dir/Core/Src/stm32l4xx_it.c.obj
                0x00000000080013aa                PendSV_Handler
 .text.SysTick_Handler
                0x00000000080013ac        0x8 CMakeFiles/CruiseControl.elf.dir/Core/Src/stm32l4xx_it.c.obj
                0x00000000080013ac                SysTick_Handler
 .text._getpid  0x00000000080013b4        0x4 CMakeFiles/CruiseControl.elf.dir/Core/Src/syscalls.c.obj
                0x00000000080013b4                _getpid
 .text._kill    0x00000000080013b8       0x10 CMakeFiles/CruiseControl.elf.dir/Core/Src/syscalls.c.obj
                0x00000000080013b8                _kill
 .text._exit    0x00000000080013c8        0xc CMakeFiles/CruiseControl.elf.dir/Core/Src/syscalls.c.obj
                0x00000000080013c8                _exit
 .text._read    0x00000000080013d4       0x20 CMakeFiles/CruiseControl.elf.dir/Core/Src/syscalls.c.obj
                0x00000000080013d4                _read
 .text._write   0x00000000080013f4       0x1c CMakeFiles/CruiseControl.elf.dir/Core/Src/syscalls.c.obj
                0x00000000080013f4                _write
 .text._close   0x0000000008001410        0x6 CMakeFiles/CruiseControl.elf.dir/Core/Src/syscalls.c.obj
                0x0000000008001410                _close
 .text._fstat   0x0000000008001416        0xa CMakeFiles/CruiseControl.elf.dir/Core/Src/syscalls.c.obj
                0x0000000008001416                _fstat
 .text._isatty  0x0000000008001420        0x4 CMakeFiles/CruiseControl.elf.dir/Core/Src/syscalls.c.obj
                0x0000000008001420                _isatty
 .text._lseek   0x0000000008001424        0x4 CMakeFiles/CruiseControl.elf.dir/Core/Src/syscalls.c.obj
                0x0000000008001424                _lseek
 .text._sbrk    0x0000000008001428       0x48 CMakeFiles/CruiseControl.elf.dir/Core/Src/sysmem.c.obj
                0x0000000008001428                _sbrk
 .text.SystemInit
                0x0000000008001470        0x2 CMakeFiles/CruiseControl.elf.dir/Core/Src/system_stm32l4xx.c.obj
                0x0000000008001470                SystemInit
 .text.car_controller_get_accelerator
                0x0000000008001472       0x14 CMakeFiles/CruiseControl.elf.dir/Core/Src/throttle.c.obj
                0x0000000008001472                car_controller_get_accelerator
 .text.car_controller_flush_throttle
                0x0000000008001486       0x30 CMakeFiles/CruiseControl.elf.dir/Core/Src/throttle.c.obj
                0x0000000008001486                car_controller_flush_throttle
 .text.car_throttle_handler
                0x00000000080014b6       0x14 CMakeFiles/CruiseControl.elf.dir/Core/Src/throttle.c.obj
                0x00000000080014b6                car_throttle_handler
 *fill*         0x00000000080014ca        0x2 
 .text.Reset_Handler
                0x00000000080014cc       0x50 CMakeFiles/CruiseControl.elf.dir/Core/Startup/startup_stm32l432kcux.s.obj
                0x00000000080014cc                Reset_Handler
 .text.Default_Handler
                0x000000000800151c        0x2 CMakeFiles/CruiseControl.elf.dir/Core/Startup/startup_stm32l432kcux.s.obj
                0x000000000800151c                RTC_Alarm_IRQHandler
                0x000000000800151c                EXTI2_IRQHandler
                0x000000000800151c                TIM1_CC_IRQHandler
                0x000000000800151c                TSC_IRQHandler
                0x000000000800151c                TAMP_STAMP_IRQHandler
                0x000000000800151c                EXTI3_IRQHandler
                0x000000000800151c                LPTIM2_IRQHandler
                0x000000000800151c                I2C3_ER_IRQHandler
                0x000000000800151c                EXTI0_IRQHandler
                0x000000000800151c                CAN1_RX0_IRQHandler
                0x000000000800151c                FPU_IRQHandler
                0x000000000800151c                TIM1_UP_TIM16_IRQHandler
                0x000000000800151c                SPI1_IRQHandler
                0x000000000800151c                TIM6_DAC_IRQHandler
                0x000000000800151c                DMA2_Channel2_IRQHandler
                0x000000000800151c                DMA1_Channel4_IRQHandler
                0x000000000800151c                ADC1_IRQHandler
                0x000000000800151c                DMA1_Channel7_IRQHandler
                0x000000000800151c                CAN1_RX1_IRQHandler
                0x000000000800151c                DMA2_Channel1_IRQHandler
                0x000000000800151c                QUADSPI_IRQHandler
                0x000000000800151c                I2C1_EV_IRQHandler
                0x000000000800151c                DMA1_Channel6_IRQHandler
                0x000000000800151c                DMA2_Channel4_IRQHandler
                0x000000000800151c                RCC_IRQHandler
                0x000000000800151c                TIM1_TRG_COM_IRQHandler
                0x000000000800151c                DMA1_Channel1_IRQHandler
                0x000000000800151c                Default_Handler
                0x000000000800151c                DMA2_Channel7_IRQHandler
                0x000000000800151c                EXTI15_10_IRQHandler
                0x000000000800151c                TIM7_IRQHandler
                0x000000000800151c                I2C3_EV_IRQHandler
                0x000000000800151c                USB_IRQHandler
                0x000000000800151c                EXTI9_5_IRQHandler
                0x000000000800151c                RTC_WKUP_IRQHandler
                0x000000000800151c                PVD_PVM_IRQHandler
                0x000000000800151c                CAN1_TX_IRQHandler
                0x000000000800151c                DMA2_Channel5_IRQHandler
                0x000000000800151c                CRS_IRQHandler
                0x000000000800151c                DMA1_Channel5_IRQHandler
                0x000000000800151c                EXTI4_IRQHandler
                0x000000000800151c                RNG_IRQHandler
                0x000000000800151c                DMA1_Channel3_IRQHandler
                0x000000000800151c                COMP_IRQHandler
                0x000000000800151c                WWDG_IRQHandler
                0x000000000800151c                LPUART1_IRQHandler
                0x000000000800151c                DMA2_Channel6_IRQHandler
                0x000000000800151c                TIM2_IRQHandler
                0x000000000800151c                EXTI1_IRQHandler
                0x000000000800151c                USART2_IRQHandler
                0x000000000800151c                DMA1_Channel2_IRQHandler
                0x000000000800151c                CAN1_SCE_IRQHandler
                0x000000000800151c                FLASH_IRQHandler
                0x000000000800151c                USART1_IRQHandler
                0x000000000800151c                SPI3_IRQHandler
                0x000000000800151c                I2C1_ER_IRQHandler
                0x000000000800151c                SWPMI1_IRQHandler
                0x000000000800151c                LPTIM1_IRQHandler
                0x000000000800151c                SAI1_IRQHandler
                0x000000000800151c                DMA2_Channel3_IRQHandler
                0x000000000800151c                TIM1_BRK_TIM15_IRQHandler
 *fill*         0x000000000800151e        0x2 
 .text.HAL_InitTick
                0x0000000008001520       0x50 CMakeFiles/CruiseControl.elf.dir/Drivers/STM32L4xx_HAL_Driver/Src/stm32l4xx_hal.c.obj
                0x0000000008001520                HAL_InitTick
 .text.HAL_Init
                0x0000000008001570       0x1e CMakeFiles/CruiseControl.elf.dir/Drivers/STM32L4xx_HAL_Driver/Src/stm32l4xx_hal.c.obj
                0x0000000008001570                HAL_Init
 *fill*         0x000000000800158e        0x2 
 .text.HAL_IncTick
                0x0000000008001590       0x18 CMakeFiles/CruiseControl.elf.dir/Drivers/STM32L4xx_HAL_Driver/Src/stm32l4xx_hal.c.obj
                0x0000000008001590                HAL_IncTick
 .text.HAL_GetTick
                0x00000000080015a8        0xc CMakeFiles/CruiseControl.elf.dir/Drivers/STM32L4xx_HAL_Driver/Src/stm32l4xx_hal.c.obj
                0x00000000080015a8                HAL_GetTick
 .text.HAL_Delay
                0x00000000080015b4       0x28 CMakeFiles/CruiseControl.elf.dir/Drivers/STM32L4xx_HAL_Driver/Src/stm32l4xx_hal.c.obj
                0x00000000080015b4                HAL_Delay
 .text.LL_ADC_REG_SetSequencerRanks
                0x00000000080015dc       0x2e CMakeFiles/CruiseControl.elf.dir/Drivers/STM32L4xx_HAL_Driver/Src/stm32l4xx_hal_adc.c.obj
 .text.LL_ADC_SetChannelSamplingTime
                0x000000000800160a       0x2a CMakeFiles/CruiseControl.elf.dir/Drivers/STM32L4xx_HAL_Driver/Src/stm32l4xx_hal_adc.c.obj
 .text.HAL_ADC_Init
                0x0000000008001634      0x1dc CMakeFiles/CruiseControl.elf.dir/Drivers/STM32L4xx_HAL_Driver/Src/stm32l4xx_hal_adc.c.obj
                0x0000000008001634                HAL_ADC_Init
 .text.HAL_ADC_GetValue
                0x0000000008001810        0x6 CMakeFiles/CruiseControl.elf.dir/Drivers/STM32L4xx_HAL_Driver/Src/stm32l4xx_hal_adc.c.obj
                0x0000000008001810                HAL_ADC_GetValue
 *fill*         0x0000000008001816        0x2 
 .text.HAL_ADC_ConfigChannel
                0x0000000008001818      0x43c CMakeFiles/CruiseControl.elf.dir/Drivers/STM32L4xx_HAL_Driver/Src/stm32l4xx_hal_adc.c.obj
                0x0000000008001818                HAL_ADC_ConfigChannel
 .text.ADC_Enable
                0x0000000008001c54       0xdc CMakeFiles/CruiseControl.elf.dir/Drivers/STM32L4xx_HAL_Driver/Src/stm32l4xx_hal_adc.c.obj
                0x0000000008001c54                ADC_Enable
 .text.HAL_ADC_Start
                0x0000000008001d30       0x8c CMakeFiles/CruiseControl.elf.dir/Drivers/STM32L4xx_HAL_Driver/Src/stm32l4xx_hal_adc.c.obj
                0x0000000008001d30                HAL_ADC_Start
 .text.__NVIC_SetPriority
                0x0000000008001dbc       0x28 CMakeFiles/CruiseControl.elf.dir/Drivers/STM32L4xx_HAL_Driver/Src/stm32l4xx_hal_cortex.c.obj
 .text.NVIC_EncodePriority
                0x0000000008001de4       0x3e CMakeFiles/CruiseControl.elf.dir/Drivers/STM32L4xx_HAL_Driver/Src/stm32l4xx_hal_cortex.c.obj
 *fill*         0x0000000008001e22        0x2 
 .text.HAL_NVIC_SetPriorityGrouping
                0x0000000008001e24       0x24 CMakeFiles/CruiseControl.elf.dir/Drivers/STM32L4xx_HAL_Driver/Src/stm32l4xx_hal_cortex.c.obj
                0x0000000008001e24                HAL_NVIC_SetPriorityGrouping
 .text.HAL_NVIC_SetPriority
                0x0000000008001e48       0x20 CMakeFiles/CruiseControl.elf.dir/Drivers/STM32L4xx_HAL_Driver/Src/stm32l4xx_hal_cortex.c.obj
                0x0000000008001e48                HAL_NVIC_SetPriority
 .text.HAL_SYSTICK_Config
                0x0000000008001e68       0x28 CMakeFiles/CruiseControl.elf.dir/Drivers/STM32L4xx_HAL_Driver/Src/stm32l4xx_hal_cortex.c.obj
                0x0000000008001e68                HAL_SYSTICK_Config
 .text.HAL_DAC_Init
                0x0000000008001e90       0x24 CMakeFiles/CruiseControl.elf.dir/Drivers/STM32L4xx_HAL_Driver/Src/stm32l4xx_hal_dac.c.obj
                0x0000000008001e90                HAL_DAC_Init
 .text.HAL_DAC_Start
                0x0000000008001eb4       0x62 CMakeFiles/CruiseControl.elf.dir/Drivers/STM32L4xx_HAL_Driver/Src/stm32l4xx_hal_dac.c.obj
                0x0000000008001eb4                HAL_DAC_Start
 .text.HAL_DAC_SetValue
                0x0000000008001f16       0x2c CMakeFiles/CruiseControl.elf.dir/Drivers/STM32L4xx_HAL_Driver/Src/stm32l4xx_hal_dac.c.obj
                0x0000000008001f16                HAL_DAC_SetValue
 .text.HAL_DAC_ConfigChannel
                0x0000000008001f42      0x136 CMakeFiles/CruiseControl.elf.dir/Drivers/STM32L4xx_HAL_Driver/Src/stm32l4xx_hal_dac.c.obj
                0x0000000008001f42                HAL_DAC_ConfigChannel
 .text.HAL_GPIO_Init
                0x0000000008002078      0x1b8 CMakeFiles/CruiseControl.elf.dir/Drivers/STM32L4xx_HAL_Driver/Src/stm32l4xx_hal_gpio.c.obj
                0x0000000008002078                HAL_GPIO_Init
 .text.HAL_GPIO_WritePin
                0x0000000008002230        0xa CMakeFiles/CruiseControl.elf.dir/Drivers/STM32L4xx_HAL_Driver/Src/stm32l4xx_hal_gpio.c.obj
                0x0000000008002230                HAL_GPIO_WritePin
 *fill*         0x000000000800223a        0x2 
 .text.HAL_PWR_EnableBkUpAccess
                0x000000000800223c       0x10 CMakeFiles/CruiseControl.elf.dir/Drivers/STM32L4xx_HAL_Driver/Src/stm32l4xx_hal_pwr.c.obj
                0x000000000800223c                HAL_PWR_EnableBkUpAccess
 .text.HAL_PWREx_GetVoltageRange
                0x000000000800224c       0x10 CMakeFiles/CruiseControl.elf.dir/Drivers/STM32L4xx_HAL_Driver/Src/stm32l4xx_hal_pwr_ex.c.obj
                0x000000000800224c                HAL_PWREx_GetVoltageRange
 .text.HAL_PWREx_ControlVoltageScaling
                0x000000000800225c       0x90 CMakeFiles/CruiseControl.elf.dir/Drivers/STM32L4xx_HAL_Driver/Src/stm32l4xx_hal_pwr_ex.c.obj
                0x000000000800225c                HAL_PWREx_ControlVoltageScaling
 .text.RCC_SetFlashLatencyFromMSIRange
                0x00000000080022ec       0x90 CMakeFiles/CruiseControl.elf.dir/Drivers/STM32L4xx_HAL_Driver/Src/stm32l4xx_hal_rcc.c.obj
 .text.HAL_RCC_GetSysClockFreq
                0x000000000800237c       0xb4 CMakeFiles/CruiseControl.elf.dir/Drivers/STM32L4xx_HAL_Driver/Src/stm32l4xx_hal_rcc.c.obj
                0x000000000800237c                HAL_RCC_GetSysClockFreq
 .text.HAL_RCC_OscConfig
                0x0000000008002430      0x66c CMakeFiles/CruiseControl.elf.dir/Drivers/STM32L4xx_HAL_Driver/Src/stm32l4xx_hal_rcc.c.obj
                0x0000000008002430                HAL_RCC_OscConfig
 .text.HAL_RCC_ClockConfig
                0x0000000008002a9c      0x188 CMakeFiles/CruiseControl.elf.dir/Drivers/STM32L4xx_HAL_Driver/Src/stm32l4xx_hal_rcc.c.obj
                0x0000000008002a9c                HAL_RCC_ClockConfig
 .text.HAL_RCC_GetHCLKFreq
                0x0000000008002c24        0xc CMakeFiles/CruiseControl.elf.dir/Drivers/STM32L4xx_HAL_Driver/Src/stm32l4xx_hal_rcc.c.obj
                0x0000000008002c24                HAL_RCC_GetHCLKFreq
 .text.HAL_RCC_GetPCLK1Freq
                0x0000000008002c30       0x24 CMakeFiles/CruiseControl.elf.dir/Drivers/STM32L4xx_HAL_Driver/Src/stm32l4xx_hal_rcc.c.obj
                0x0000000008002c30                HAL_RCC_GetPCLK1Freq
 .text.HAL_RCC_GetPCLK2Freq
                0x0000000008002c54       0x24 CMakeFiles/CruiseControl.elf.dir/Drivers/STM32L4xx_HAL_Driver/Src/stm32l4xx_hal_rcc.c.obj
                0x0000000008002c54                HAL_RCC_GetPCLK2Freq
 .text.RCCEx_PLLSAI1_Config
                0x0000000008002c78      0x16c CMakeFiles/CruiseControl.elf.dir/Drivers/STM32L4xx_HAL_Driver/Src/stm32l4xx_hal_rcc_ex.c.obj
 .text.HAL_RCCEx_PeriphCLKConfig
                0x0000000008002de4      0x2e8 CMakeFiles/CruiseControl.elf.dir/Drivers/STM32L4xx_HAL_Driver/Src/stm32l4xx_hal_rcc_ex.c.obj
                0x0000000008002de4                HAL_RCCEx_PeriphCLKConfig
 .text.HAL_RCCEx_EnableMSIPLLMode
                0x00000000080030cc       0x10 CMakeFiles/CruiseControl.elf.dir/Drivers/STM32L4xx_HAL_Driver/Src/stm32l4xx_hal_rcc_ex.c.obj
                0x00000000080030cc                HAL_RCCEx_EnableMSIPLLMode
 .text.UART_SetConfig
                0x00000000080030dc      0x260 CMakeFiles/CruiseControl.elf.dir/Drivers/STM32L4xx_HAL_Driver/Src/stm32l4xx_hal_uart.c.obj
                0x00000000080030dc                UART_SetConfig
 .text.UART_AdvFeatureConfig
                0x000000000800333c       0xca CMakeFiles/CruiseControl.elf.dir/Drivers/STM32L4xx_HAL_Driver/Src/stm32l4xx_hal_uart.c.obj
                0x000000000800333c                UART_AdvFeatureConfig
 .text.UART_WaitOnFlagUntilTimeout
                0x0000000008003406       0xd0 CMakeFiles/CruiseControl.elf.dir/Drivers/STM32L4xx_HAL_Driver/Src/stm32l4xx_hal_uart.c.obj
                0x0000000008003406                UART_WaitOnFlagUntilTimeout
 .text.HAL_UART_Transmit
                0x00000000080034d6       0xd8 CMakeFiles/CruiseControl.elf.dir/Drivers/STM32L4xx_HAL_Driver/Src/stm32l4xx_hal_uart.c.obj
                0x00000000080034d6                HAL_UART_Transmit
 .text.UART_CheckIdleState
                0x00000000080035ae       0x70 CMakeFiles/CruiseControl.elf.dir/Drivers/STM32L4xx_HAL_Driver/Src/stm32l4xx_hal_uart.c.obj
                0x00000000080035ae                UART_CheckIdleState
 .text.HAL_UART_Init
                0x000000000800361e       0x62 CMakeFiles/CruiseControl.elf.dir/Drivers/STM32L4xx_HAL_Driver/Src/stm32l4xx_hal_uart.c.obj
                0x000000000800361e                HAL_UART_Init
 .text.__udivmoddi4
                0x0000000008003680      0x2a0 /usr/lib/gcc/arm-none-eabi/12.1.0/thumb/v7e-m/nofp/libgcc.a(_udivmoddi4.o)
                0x0000000008003680                __udivmoddi4
 .text.atexit   0x0000000008003920        0xc /usr/lib/gcc/arm-none-eabi/12.1.0/../../../../arm-none-eabi/lib/thumb/v7e-m/nofp/libg.a(lib_a-atexit.o)
                0x0000000008003920                atexit
 .text.__errno  0x000000000800392c        0xc /usr/lib/gcc/arm-none-eabi/12.1.0/../../../../arm-none-eabi/lib/thumb/v7e-m/nofp/libg.a(lib_a-errno.o)
                0x000000000800392c                __errno
 .text.__libc_fini_array
                0x0000000008003938       0x2c /usr/lib/gcc/arm-none-eabi/12.1.0/../../../../arm-none-eabi/lib/thumb/v7e-m/nofp/libg.a(lib_a-fini.o)
                0x0000000008003938                __libc_fini_array
 .text.__libc_init_array
                0x0000000008003964       0x48 /usr/lib/gcc/arm-none-eabi/12.1.0/../../../../arm-none-eabi/lib/thumb/v7e-m/nofp/libg.a(lib_a-init.o)
                0x0000000008003964                __libc_init_array
 .text.memset   0x00000000080039ac       0xa4 /usr/lib/gcc/arm-none-eabi/12.1.0/../../../../arm-none-eabi/lib/thumb/v7e-m/nofp/libg.a(lib_a-memset.o)
                0x00000000080039ac                memset
 .text.printf   0x0000000008003a50       0x28 /usr/lib/gcc/arm-none-eabi/12.1.0/../../../../arm-none-eabi/lib/thumb/v7e-m/nofp/libg.a(lib_a-printf.o)
                0x0000000008003a50                printf
 .text._vfprintf_r
                0x0000000008003a78     0x1a64 /usr/lib/gcc/arm-none-eabi/12.1.0/../../../../arm-none-eabi/lib/thumb/v7e-m/nofp/libg.a(lib_a-vfprintf.o)
                0x0000000008003a78                _vfprintf_r
 .text.__sbprintf
                0x00000000080054dc       0x80 /usr/lib/gcc/arm-none-eabi/12.1.0/../../../../arm-none-eabi/lib/thumb/v7e-m/nofp/libg.a(lib_a-vfprintf.o)
 .text.__swsetup_r
                0x000000000800555c       0xd4 /usr/lib/gcc/arm-none-eabi/12.1.0/../../../../arm-none-eabi/lib/thumb/v7e-m/nofp/libg.a(lib_a-wsetup.o)
                0x000000000800555c                __swsetup_r
 .text.__register_exitproc
                0x0000000008005630       0x84 /usr/lib/gcc/arm-none-eabi/12.1.0/../../../../arm-none-eabi/lib/thumb/v7e-m/nofp/libg.a(lib_a-__atexit.o)
                0x0000000008005630                __register_exitproc
 .text.startup.register_fini
                0x00000000080056b4       0x14 /usr/lib/gcc/arm-none-eabi/12.1.0/../../../../arm-none-eabi/lib/thumb/v7e-m/nofp/libg.a(lib_a-__call_atexit.o)
 .text.quorem   0x00000000080056c8      0x128 /usr/lib/gcc/arm-none-eabi/12.1.0/../../../../arm-none-eabi/lib/thumb/v7e-m/nofp/libg.a(lib_a-dtoa.o)
 .text._dtoa_r  0x00000000080057f0      0xe98 /usr/lib/gcc/arm-none-eabi/12.1.0/../../../../arm-none-eabi/lib/thumb/v7e-m/nofp/libg.a(lib_a-dtoa.o)
                0x00000000080057f0                _dtoa_r
 .text.__sflush_r
                0x0000000008006688      0x134 /usr/lib/gcc/arm-none-eabi/12.1.0/../../../../arm-none-eabi/lib/thumb/v7e-m/nofp/libg.a(lib_a-fflush.o)
                0x0000000008006688                __sflush_r
 .text._fflush_r
                0x00000000080067bc       0x5c /usr/lib/gcc/arm-none-eabi/12.1.0/../../../../arm-none-eabi/lib/thumb/v7e-m/nofp/libg.a(lib_a-fflush.o)
                0x00000000080067bc                _fflush_r
 .text._cleanup_r
                0x0000000008006818        0xc /usr/lib/gcc/arm-none-eabi/12.1.0/../../../../arm-none-eabi/lib/thumb/v7e-m/nofp/libg.a(lib_a-findfp.o)
                0x0000000008006818                _cleanup_r
 .text.__sinit  0x0000000008006824      0x10c /usr/lib/gcc/arm-none-eabi/12.1.0/../../../../arm-none-eabi/lib/thumb/v7e-m/nofp/libg.a(lib_a-findfp.o)
                0x0000000008006824                __sinit
 .text.__sfp_lock_acquire
                0x0000000008006930        0xc /usr/lib/gcc/arm-none-eabi/12.1.0/../../../../arm-none-eabi/lib/thumb/v7e-m/nofp/libg.a(lib_a-findfp.o)
                0x0000000008006930                __sfp_lock_acquire
 .text.__sfp_lock_release
                0x000000000800693c        0xc /usr/lib/gcc/arm-none-eabi/12.1.0/../../../../arm-none-eabi/lib/thumb/v7e-m/nofp/libg.a(lib_a-findfp.o)
                0x000000000800693c                __sfp_lock_release
 .text._malloc_trim_r
                0x0000000008006948       0xa0 /usr/lib/gcc/arm-none-eabi/12.1.0/../../../../arm-none-eabi/lib/thumb/v7e-m/nofp/libg.a(lib_a-freer.o)
                0x0000000008006948                _malloc_trim_r
 .text._free_r  0x00000000080069e8      0x1f8 /usr/lib/gcc/arm-none-eabi/12.1.0/../../../../arm-none-eabi/lib/thumb/v7e-m/nofp/libg.a(lib_a-freer.o)
                0x00000000080069e8                _free_r
 .text._fwalk_reent
                0x0000000008006be0       0x48 /usr/lib/gcc/arm-none-eabi/12.1.0/../../../../arm-none-eabi/lib/thumb/v7e-m/nofp/libg.a(lib_a-fwalk.o)
                0x0000000008006be0                _fwalk_reent
 .text._localeconv_r
                0x0000000008006c28        0x8 /usr/lib/gcc/arm-none-eabi/12.1.0/../../../../arm-none-eabi/lib/thumb/v7e-m/nofp/libg.a(lib_a-localeconv.o)
                0x0000000008006c28                _localeconv_r
 .text.__locale_mb_cur_max
                0x0000000008006c30        0xc /usr/lib/gcc/arm-none-eabi/12.1.0/../../../../arm-none-eabi/lib/thumb/v7e-m/nofp/libg.a(lib_a-locale.o)
                0x0000000008006c30                __locale_mb_cur_max
 .text.__retarget_lock_init_recursive
                0x0000000008006c3c        0x4 /usr/lib/gcc/arm-none-eabi/12.1.0/../../../../arm-none-eabi/lib/thumb/v7e-m/nofp/libg.a(lib_a-lock.o)
                0x0000000008006c3c                __retarget_lock_init_recursive
 .text.__retarget_lock_close_recursive
                0x0000000008006c40        0x4 /usr/lib/gcc/arm-none-eabi/12.1.0/../../../../arm-none-eabi/lib/thumb/v7e-m/nofp/libg.a(lib_a-lock.o)
                0x0000000008006c40                __retarget_lock_close_recursive
 .text.__retarget_lock_acquire_recursive
                0x0000000008006c44        0x4 /usr/lib/gcc/arm-none-eabi/12.1.0/../../../../arm-none-eabi/lib/thumb/v7e-m/nofp/libg.a(lib_a-lock.o)
                0x0000000008006c44                __retarget_lock_acquire_recursive
 .text.__retarget_lock_release_recursive
                0x0000000008006c48        0x4 /usr/lib/gcc/arm-none-eabi/12.1.0/../../../../arm-none-eabi/lib/thumb/v7e-m/nofp/libg.a(lib_a-lock.o)
                0x0000000008006c48                __retarget_lock_release_recursive
 .text.__smakebuf_r
                0x0000000008006c4c       0xe0 /usr/lib/gcc/arm-none-eabi/12.1.0/../../../../arm-none-eabi/lib/thumb/v7e-m/nofp/libg.a(lib_a-makebuf.o)
                0x0000000008006c4c                __smakebuf_r
 .text._malloc_r
                0x0000000008006d2c      0x560 /usr/lib/gcc/arm-none-eabi/12.1.0/../../../../arm-none-eabi/lib/thumb/v7e-m/nofp/libg.a(lib_a-mallocr.o)
                0x0000000008006d2c                _malloc_r
 .text.__ascii_mbtowc
                0x000000000800728c       0x2c /usr/lib/gcc/arm-none-eabi/12.1.0/../../../../arm-none-eabi/lib/thumb/v7e-m/nofp/libg.a(lib_a-mbtowc_r.o)
                0x000000000800728c                __ascii_mbtowc
 .text.__malloc_lock
                0x00000000080072b8        0xc /usr/lib/gcc/arm-none-eabi/12.1.0/../../../../arm-none-eabi/lib/thumb/v7e-m/nofp/libg.a(lib_a-mlock.o)
                0x00000000080072b8                __malloc_lock
 .text.__malloc_unlock
                0x00000000080072c4        0xc /usr/lib/gcc/arm-none-eabi/12.1.0/../../../../arm-none-eabi/lib/thumb/v7e-m/nofp/libg.a(lib_a-mlock.o)
                0x00000000080072c4                __malloc_unlock
 .text._Balloc  0x00000000080072d0       0x4c /usr/lib/gcc/arm-none-eabi/12.1.0/../../../../arm-none-eabi/lib/thumb/v7e-m/nofp/libg.a(lib_a-mprec.o)
                0x00000000080072d0                _Balloc
 .text._Bfree   0x000000000800731c       0x14 /usr/lib/gcc/arm-none-eabi/12.1.0/../../../../arm-none-eabi/lib/thumb/v7e-m/nofp/libg.a(lib_a-mprec.o)
                0x000000000800731c                _Bfree
 .text.__multadd
                0x0000000008007330       0xa0 /usr/lib/gcc/arm-none-eabi/12.1.0/../../../../arm-none-eabi/lib/thumb/v7e-m/nofp/libg.a(lib_a-mprec.o)
                0x0000000008007330                __multadd
 .text.__hi0bits
                0x00000000080073d0       0x40 /usr/lib/gcc/arm-none-eabi/12.1.0/../../../../arm-none-eabi/lib/thumb/v7e-m/nofp/libg.a(lib_a-mprec.o)
                0x00000000080073d0                __hi0bits
 .text.__lo0bits
                0x0000000008007410       0x60 /usr/lib/gcc/arm-none-eabi/12.1.0/../../../../arm-none-eabi/lib/thumb/v7e-m/nofp/libg.a(lib_a-mprec.o)
                0x0000000008007410                __lo0bits
 .text.__i2b    0x0000000008007470       0x5c /usr/lib/gcc/arm-none-eabi/12.1.0/../../../../arm-none-eabi/lib/thumb/v7e-m/nofp/libg.a(lib_a-mprec.o)
                0x0000000008007470                __i2b
 .text.__multiply
                0x00000000080074cc      0x15c /usr/lib/gcc/arm-none-eabi/12.1.0/../../../../arm-none-eabi/lib/thumb/v7e-m/nofp/libg.a(lib_a-mprec.o)
                0x00000000080074cc                __multiply
 .text.__pow5mult
                0x0000000008007628       0xc0 /usr/lib/gcc/arm-none-eabi/12.1.0/../../../../arm-none-eabi/lib/thumb/v7e-m/nofp/libg.a(lib_a-mprec.o)
                0x0000000008007628                __pow5mult
 .text.__lshift
                0x00000000080076e8       0xf0 /usr/lib/gcc/arm-none-eabi/12.1.0/../../../../arm-none-eabi/lib/thumb/v7e-m/nofp/libg.a(lib_a-mprec.o)
                0x00000000080076e8                __lshift
 .text.__mcmp   0x00000000080077d8       0x40 /usr/lib/gcc/arm-none-eabi/12.1.0/../../../../arm-none-eabi/lib/thumb/v7e-m/nofp/libg.a(lib_a-mprec.o)
                0x00000000080077d8                __mcmp
 .text.__mdiff  0x0000000008007818      0x154 /usr/lib/gcc/arm-none-eabi/12.1.0/../../../../arm-none-eabi/lib/thumb/v7e-m/nofp/libg.a(lib_a-mprec.o)
                0x0000000008007818                __mdiff
 .text.__d2b    0x000000000800796c       0xc0 /usr/lib/gcc/arm-none-eabi/12.1.0/../../../../arm-none-eabi/lib/thumb/v7e-m/nofp/libg.a(lib_a-mprec.o)
                0x000000000800796c                __d2b
 .text._sbrk_r  0x0000000008007a2c       0x24 /usr/lib/gcc/arm-none-eabi/12.1.0/../../../../arm-none-eabi/lib/thumb/v7e-m/nofp/libg.a(lib_a-sbrkr.o)
                0x0000000008007a2c                _sbrk_r
 .text.frexp    0x0000000008007a50       0x70 /usr/lib/gcc/arm-none-eabi/12.1.0/../../../../arm-none-eabi/lib/thumb/v7e-m/nofp/libg.a(lib_a-s_frexp.o)
                0x0000000008007a50                frexp
 .text.__sread  0x0000000008007ac0       0x24 /usr/lib/gcc/arm-none-eabi/12.1.0/../../../../arm-none-eabi/lib/thumb/v7e-m/nofp/libg.a(lib_a-stdio.o)
                0x0000000008007ac0                __sread
 .text.__swrite
                0x0000000008007ae4       0x40 /usr/lib/gcc/arm-none-eabi/12.1.0/../../../../arm-none-eabi/lib/thumb/v7e-m/nofp/libg.a(lib_a-stdio.o)
                0x0000000008007ae4                __swrite
 .text.__sseek  0x0000000008007b24       0x20 /usr/lib/gcc/arm-none-eabi/12.1.0/../../../../arm-none-eabi/lib/thumb/v7e-m/nofp/libg.a(lib_a-stdio.o)
                0x0000000008007b24                __sseek
 .text.__sclose
                0x0000000008007b44        0x8 /usr/lib/gcc/arm-none-eabi/12.1.0/../../../../arm-none-eabi/lib/thumb/v7e-m/nofp/libg.a(lib_a-stdio.o)
                0x0000000008007b44                __sclose
 .text.strncpy  0x0000000008007b4c       0x64 /usr/lib/gcc/arm-none-eabi/12.1.0/../../../../arm-none-eabi/lib/thumb/v7e-m/nofp/libg.a(lib_a-strncpy.o)
                0x0000000008007b4c                strncpy
 .text.__sprint_r.part.0
                0x0000000008007bb0       0x78 /usr/lib/gcc/arm-none-eabi/12.1.0/../../../../arm-none-eabi/lib/thumb/v7e-m/nofp/libg.a(lib_a-vfiprintf.o)
 .text.__sprint_r
                0x0000000008007c28       0x14 /usr/lib/gcc/arm-none-eabi/12.1.0/../../../../arm-none-eabi/lib/thumb/v7e-m/nofp/libg.a(lib_a-vfiprintf.o)
                0x0000000008007c28                __sprint_r
 .text._vfiprintf_r
                0x0000000008007c3c      0xd20 /usr/lib/gcc/arm-none-eabi/12.1.0/../../../../arm-none-eabi/lib/thumb/v7e-m/nofp/libg.a(lib_a-vfiprintf.o)
                0x0000000008007c3c                _vfiprintf_r
 .text.__sbprintf
                0x000000000800895c       0x80 /usr/lib/gcc/arm-none-eabi/12.1.0/../../../../arm-none-eabi/lib/thumb/v7e-m/nofp/libg.a(lib_a-vfiprintf.o)
 .text.__ascii_wctomb
                0x00000000080089dc       0x1c /usr/lib/gcc/arm-none-eabi/12.1.0/../../../../arm-none-eabi/lib/thumb/v7e-m/nofp/libg.a(lib_a-wctomb_r.o)
                0x00000000080089dc                __ascii_wctomb
 .text._write_r
                0x00000000080089f8       0x2c /usr/lib/gcc/arm-none-eabi/12.1.0/../../../../arm-none-eabi/lib/thumb/v7e-m/nofp/libg.a(lib_a-writer.o)
                0x00000000080089f8                _write_r
 .text.__assert_func
                0x0000000008008a24       0x40 /usr/lib/gcc/arm-none-eabi/12.1.0/../../../../arm-none-eabi/lib/thumb/v7e-m/nofp/libg.a(lib_a-assert.o)
                0x0000000008008a24                __assert_func
 .text._calloc_r
                0x0000000008008a64       0x78 /usr/lib/gcc/arm-none-eabi/12.1.0/../../../../arm-none-eabi/lib/thumb/v7e-m/nofp/libg.a(lib_a-callocr.o)
                0x0000000008008a64                _calloc_r
 .text._close_r
                0x0000000008008adc       0x24 /usr/lib/gcc/arm-none-eabi/12.1.0/../../../../arm-none-eabi/lib/thumb/v7e-m/nofp/libg.a(lib_a-closer.o)
                0x0000000008008adc                _close_r
 .text._fclose_r
                0x0000000008008b00       0xd0 /usr/lib/gcc/arm-none-eabi/12.1.0/../../../../arm-none-eabi/lib/thumb/v7e-m/nofp/libg.a(lib_a-fclose.o)
                0x0000000008008b00                _fclose_r
 .text.fiprintf
                0x0000000008008bd0       0x28 /usr/lib/gcc/arm-none-eabi/12.1.0/../../../../arm-none-eabi/lib/thumb/v7e-m/nofp/libg.a(lib_a-fiprintf.o)
                0x0000000008008bd0                fiprintf
 .text.__fputwc
                0x0000000008008bf8       0xa8 /usr/lib/gcc/arm-none-eabi/12.1.0/../../../../arm-none-eabi/lib/thumb/v7e-m/nofp/libg.a(lib_a-fputwc.o)
                0x0000000008008bf8                __fputwc
 .text._fputwc_r
                0x0000000008008ca0       0x64 /usr/lib/gcc/arm-none-eabi/12.1.0/../../../../arm-none-eabi/lib/thumb/v7e-m/nofp/libg.a(lib_a-fputwc.o)
                0x0000000008008ca0                _fputwc_r
 .text._fstat_r
                0x0000000008008d04       0x2c /usr/lib/gcc/arm-none-eabi/12.1.0/../../../../arm-none-eabi/lib/thumb/v7e-m/nofp/libg.a(lib_a-fstatr.o)
                0x0000000008008d04                _fstat_r
 .text.__sfvwrite_r
                0x0000000008008d30      0x308 /usr/lib/gcc/arm-none-eabi/12.1.0/../../../../arm-none-eabi/lib/thumb/v7e-m/nofp/libg.a(lib_a-fvwrite.o)
                0x0000000008008d30                __sfvwrite_r
 .text._isatty_r
                0x0000000008009038       0x24 /usr/lib/gcc/arm-none-eabi/12.1.0/../../../../arm-none-eabi/lib/thumb/v7e-m/nofp/libg.a(lib_a-isattyr.o)
                0x0000000008009038                _isatty_r
 .text._lseek_r
                0x000000000800905c       0x2c /usr/lib/gcc/arm-none-eabi/12.1.0/../../../../arm-none-eabi/lib/thumb/v7e-m/nofp/libg.a(lib_a-lseekr.o)
                0x000000000800905c                _lseek_r
 .text.memmove  0x0000000008009088       0xf8 /usr/lib/gcc/arm-none-eabi/12.1.0/../../../../arm-none-eabi/lib/thumb/v7e-m/nofp/libg.a(lib_a-memmove.o)
                0x0000000008009088                memmove
 .text._read_r  0x0000000008009180       0x2c /usr/lib/gcc/arm-none-eabi/12.1.0/../../../../arm-none-eabi/lib/thumb/v7e-m/nofp/libg.a(lib_a-readr.o)
                0x0000000008009180                _read_r
 .text._realloc_r
                0x00000000080091ac      0x3d8 /usr/lib/gcc/arm-none-eabi/12.1.0/../../../../arm-none-eabi/lib/thumb/v7e-m/nofp/libg.a(lib_a-reallocr.o)
                0x00000000080091ac                _realloc_r
 .text.__swbuf_r
                0x0000000008009584       0xb0 /usr/lib/gcc/arm-none-eabi/12.1.0/../../../../arm-none-eabi/lib/thumb/v7e-m/nofp/libg.a(lib_a-wbuf.o)
                0x0000000008009584                __swbuf_r
 .text._wcrtomb_r
                0x0000000008009634       0x34 /usr/lib/gcc/arm-none-eabi/12.1.0/../../../../arm-none-eabi/lib/thumb/v7e-m/nofp/libg.a(lib_a-wcrtomb.o)
                0x0000000008009634                _wcrtomb_r
 .text.abort    0x0000000008009668       0x10 /usr/lib/gcc/arm-none-eabi/12.1.0/../../../../arm-none-eabi/lib/thumb/v7e-m/nofp/libg.a(lib_a-abort.o)
                0x0000000008009668                abort
 .text.raise    0x0000000008009678       0x5c /usr/lib/gcc/arm-none-eabi/12.1.0/../../../../arm-none-eabi/lib/thumb/v7e-m/nofp/libg.a(lib_a-signal.o)
                0x0000000008009678                raise
 .text._kill_r  0x00000000080096d4       0x2c /usr/lib/gcc/arm-none-eabi/12.1.0/../../../../arm-none-eabi/lib/thumb/v7e-m/nofp/libg.a(lib_a-signalr.o)
                0x00000000080096d4                _kill_r
 .text._getpid_r
                0x0000000008009700        0x4 /usr/lib/gcc/arm-none-eabi/12.1.0/../../../../arm-none-eabi/lib/thumb/v7e-m/nofp/libg.a(lib_a-signalr.o)
                0x0000000008009700                _getpid_r
 *(.glue_7)
 .glue_7        0x0000000008009704        0x0 linker stubs
 *(.glue_7t)
 .glue_7t       0x0000000008009704        0x0 linker stubs
 *(.eh_frame)
 .eh_frame      0x0000000008009704        0x0 /usr/lib/gcc/arm-none-eabi/12.1.0/thumb/v7e-m/nofp/crtbegin.o
 *(.init)
 .init          0x0000000008009704        0x4 /usr/lib/gcc/arm-none-eabi/12.1.0/thumb/v7e-m/nofp/crti.o
                0x0000000008009704                _init
 .init          0x0000000008009708        0x8 /usr/lib/gcc/arm-none-eabi/12.1.0/thumb/v7e-m/nofp/crtn.o
 *(.fini)
 .fini          0x0000000008009710        0x4 /usr/lib/gcc/arm-none-eabi/12.1.0/thumb/v7e-m/nofp/crti.o
                0x0000000008009710                _fini
 .fini          0x0000000008009714        0x8 /usr/lib/gcc/arm-none-eabi/12.1.0/thumb/v7e-m/nofp/crtn.o
                0x000000000800971c                . = ALIGN (0x4)
                0x000000000800971c                _etext = .

.vfp11_veneer   0x000000000800971c        0x0
 .vfp11_veneer  0x000000000800971c        0x0 linker stubs

.v4_bx          0x000000000800971c        0x0
 .v4_bx         0x000000000800971c        0x0 linker stubs

.iplt           0x000000000800971c        0x0
 .iplt          0x000000000800971c        0x0 /usr/lib/gcc/arm-none-eabi/12.1.0/thumb/v7e-m/nofp/crtbegin.o

.rodata         0x0000000008009720      0x3f0
                0x0000000008009720                . = ALIGN (0x4)
 *(.rodata)
 *(.rodata*)
 .rodata.main.str1.4
                0x0000000008009720       0x15 CMakeFiles/CruiseControl.elf.dir/Core/Src/main.c.obj
 *fill*         0x0000000008009735        0x3 
 .rodata.MSIRangeTable
                0x0000000008009738       0x30 CMakeFiles/CruiseControl.elf.dir/Core/Src/system_stm32l4xx.c.obj
                0x0000000008009738                MSIRangeTable
 .rodata.APBPrescTable
                0x0000000008009768        0x8 CMakeFiles/CruiseControl.elf.dir/Core/Src/system_stm32l4xx.c.obj
                0x0000000008009768                APBPrescTable
 .rodata.AHBPrescTable
                0x0000000008009770       0x10 CMakeFiles/CruiseControl.elf.dir/Core/Src/system_stm32l4xx.c.obj
                0x0000000008009770                AHBPrescTable
 .rodata._global_impure_ptr
                0x0000000008009780        0x4 /usr/lib/gcc/arm-none-eabi/12.1.0/../../../../arm-none-eabi/lib/thumb/v7e-m/nofp/libg.a(lib_a-impure.o)
                0x0000000008009780                _global_impure_ptr
 .rodata._vfprintf_r.str1.4
                0x0000000008009784       0x42 /usr/lib/gcc/arm-none-eabi/12.1.0/../../../../arm-none-eabi/lib/thumb/v7e-m/nofp/libg.a(lib_a-vfprintf.o)
 *fill*         0x00000000080097c6        0x2 
 .rodata.blanks.1
                0x00000000080097c8       0x10 /usr/lib/gcc/arm-none-eabi/12.1.0/../../../../arm-none-eabi/lib/thumb/v7e-m/nofp/libg.a(lib_a-vfprintf.o)
 .rodata.zeroes.0
                0x00000000080097d8       0x10 /usr/lib/gcc/arm-none-eabi/12.1.0/../../../../arm-none-eabi/lib/thumb/v7e-m/nofp/libg.a(lib_a-vfprintf.o)
 .rodata._dtoa_r.str1.4
                0x00000000080097e8       0x6c /usr/lib/gcc/arm-none-eabi/12.1.0/../../../../arm-none-eabi/lib/thumb/v7e-m/nofp/libg.a(lib_a-dtoa.o)
                                         0x70 (size before relaxing)
 .rodata._setlocale_r.str1.4
                0x0000000008009854        0xa /usr/lib/gcc/arm-none-eabi/12.1.0/../../../../arm-none-eabi/lib/thumb/v7e-m/nofp/libg.a(lib_a-locale.o)
                                          0xd (size before relaxing)
 *fill*         0x000000000800985e        0x2 
 .rodata.str1.4
                0x0000000008009860        0x2 /usr/lib/gcc/arm-none-eabi/12.1.0/../../../../arm-none-eabi/lib/thumb/v7e-m/nofp/libg.a(lib_a-locale.o)
 *fill*         0x0000000008009862        0x2 
 .rodata.__multadd.str1.4
                0x0000000008009864       0x49 /usr/lib/gcc/arm-none-eabi/12.1.0/../../../../arm-none-eabi/lib/thumb/v7e-m/nofp/libg.a(lib_a-mprec.o)
                                         0x5d (size before relaxing)
 *fill*         0x00000000080098ad        0x3 
 .rodata.__mprec_bigtens
                0x00000000080098b0       0x28 /usr/lib/gcc/arm-none-eabi/12.1.0/../../../../arm-none-eabi/lib/thumb/v7e-m/nofp/libg.a(lib_a-mprec.o)
                0x00000000080098b0                __mprec_bigtens
 .rodata.__mprec_tens
                0x00000000080098d8       0xc8 /usr/lib/gcc/arm-none-eabi/12.1.0/../../../../arm-none-eabi/lib/thumb/v7e-m/nofp/libg.a(lib_a-mprec.o)
                0x00000000080098d8                __mprec_tens
 .rodata.p05.0  0x00000000080099a0        0xc /usr/lib/gcc/arm-none-eabi/12.1.0/../../../../arm-none-eabi/lib/thumb/v7e-m/nofp/libg.a(lib_a-mprec.o)
 .rodata._vfiprintf_r.str1.4
                0x00000000080099ac       0x2f /usr/lib/gcc/arm-none-eabi/12.1.0/../../../../arm-none-eabi/lib/thumb/v7e-m/nofp/libg.a(lib_a-vfiprintf.o)
 .rodata.blanks.1
                0x00000000080099ac       0x10 /usr/lib/gcc/arm-none-eabi/12.1.0/../../../../arm-none-eabi/lib/thumb/v7e-m/nofp/libg.a(lib_a-vfiprintf.o)
 .rodata.zeroes.0
                0x00000000080099bc       0x10 /usr/lib/gcc/arm-none-eabi/12.1.0/../../../../arm-none-eabi/lib/thumb/v7e-m/nofp/libg.a(lib_a-vfiprintf.o)
 .rodata.__assert_func.str1.4
                0x00000000080099cc       0x3f /usr/lib/gcc/arm-none-eabi/12.1.0/../../../../arm-none-eabi/lib/thumb/v7e-m/nofp/libg.a(lib_a-assert.o)
                                         0x43 (size before relaxing)
 *fill*         0x0000000008009a0b        0x1 
 .rodata._ctype_
                0x0000000008009a0c      0x101 /usr/lib/gcc/arm-none-eabi/12.1.0/../../../../arm-none-eabi/lib/thumb/v7e-m/nofp/libg.a(lib_a-ctype_.o)
                0x0000000008009a0c                _ctype_
                0x0000000008009b10                . = ALIGN (0x4)
 *fill*         0x0000000008009b0d        0x3 

.ARM.extab      0x0000000008009b10        0x0
                0x0000000008009b10                . = ALIGN (0x4)
 *(.ARM.extab* .gnu.linkonce.armextab.*)
                0x0000000008009b10                . = ALIGN (0x4)

.ARM            0x0000000008009b10        0x8
                0x0000000008009b10                . = ALIGN (0x4)
                0x0000000008009b10                __exidx_start = .
 *(.ARM.exidx*)
 .ARM.exidx.text.__udivmoddi4
                0x0000000008009b10        0x8 /usr/lib/gcc/arm-none-eabi/12.1.0/thumb/v7e-m/nofp/libgcc.a(_udivmoddi4.o)
                0x0000000008009b18                __exidx_end = .
                0x0000000008009b18                . = ALIGN (0x4)

.rel.dyn        0x0000000008009b18        0x0
 .rel.iplt      0x0000000008009b18        0x0 /usr/lib/gcc/arm-none-eabi/12.1.0/thumb/v7e-m/nofp/crtbegin.o

.preinit_array  0x0000000008009b18        0x0
                0x0000000008009b18                . = ALIGN (0x4)
                0x0000000008009b18                PROVIDE (__preinit_array_start = .)
 *(.preinit_array*)
                0x0000000008009b18                PROVIDE (__preinit_array_end = .)
                0x0000000008009b18                . = ALIGN (0x4)

.init_array     0x0000000008009b18        0x8
                0x0000000008009b18                . = ALIGN (0x4)
                0x0000000008009b18                PROVIDE (__init_array_start = .)
 *(SORT_BY_NAME(.init_array.*))
 .init_array.00000
                0x0000000008009b18        0x4 /usr/lib/gcc/arm-none-eabi/12.1.0/../../../../arm-none-eabi/lib/thumb/v7e-m/nofp/libg.a(lib_a-__call_atexit.o)
 *(.init_array*)
 .init_array    0x0000000008009b1c        0x4 /usr/lib/gcc/arm-none-eabi/12.1.0/thumb/v7e-m/nofp/crtbegin.o
                0x0000000008009b20                PROVIDE (__init_array_end = .)
                0x0000000008009b20                . = ALIGN (0x4)

.fini_array     0x0000000008009b20        0x4
                0x0000000008009b20                . = ALIGN (0x4)
                0x0000000008009b20                PROVIDE (__fini_array_start = .)
 *(SORT_BY_NAME(.fini_array.*))
 *(.fini_array*)
 .fini_array    0x0000000008009b20        0x4 /usr/lib/gcc/arm-none-eabi/12.1.0/thumb/v7e-m/nofp/crtbegin.o
                0x0000000008009b24                PROVIDE (__fini_array_end = .)
                0x0000000008009b24                . = ALIGN (0x4)
                0x0000000008009b24                _sidata = LOADADDR (.data)

.data           0x0000000020000000      0x9b8 load address 0x0000000008009b24
                0x0000000020000000                . = ALIGN (0x4)
                0x0000000020000000                _sdata = .
 *(.data)
 *(.data*)
 .data.SystemCoreClock
                0x0000000020000000        0x4 CMakeFiles/CruiseControl.elf.dir/Core/Src/system_stm32l4xx.c.obj
                0x0000000020000000                SystemCoreClock
 .data.uwTickFreq
                0x0000000020000004        0x1 CMakeFiles/CruiseControl.elf.dir/Drivers/STM32L4xx_HAL_Driver/Src/stm32l4xx_hal.c.obj
                0x0000000020000004                uwTickFreq
 *fill*         0x0000000020000005        0x3 
 .data.uwTickPrio
                0x0000000020000008        0x4 CMakeFiles/CruiseControl.elf.dir/Drivers/STM32L4xx_HAL_Driver/Src/stm32l4xx_hal.c.obj
                0x0000000020000008                uwTickPrio
 .data._impure_ptr
                0x000000002000000c        0x4 /usr/lib/gcc/arm-none-eabi/12.1.0/../../../../arm-none-eabi/lib/thumb/v7e-m/nofp/libg.a(lib_a-impure.o)
                0x000000002000000c                _impure_ptr
 .data.impure_data
                0x0000000020000010      0x428 /usr/lib/gcc/arm-none-eabi/12.1.0/../../../../arm-none-eabi/lib/thumb/v7e-m/nofp/libg.a(lib_a-impure.o)
 .data.__atexit_recursive_mutex
                0x0000000020000438        0x4 /usr/lib/gcc/arm-none-eabi/12.1.0/../../../../arm-none-eabi/lib/thumb/v7e-m/nofp/libg.a(lib_a-__call_atexit.o)
                0x0000000020000438                __atexit_recursive_mutex
 .data.__global_locale
                0x000000002000043c      0x16c /usr/lib/gcc/arm-none-eabi/12.1.0/../../../../arm-none-eabi/lib/thumb/v7e-m/nofp/libg.a(lib_a-locale.o)
                0x000000002000043c                __global_locale
 .data.__malloc_av_
                0x00000000200005a8      0x408 /usr/lib/gcc/arm-none-eabi/12.1.0/../../../../arm-none-eabi/lib/thumb/v7e-m/nofp/libg.a(lib_a-mallocr.o)
                0x00000000200005a8                __malloc_av_
 .data.__malloc_sbrk_base
                0x00000000200009b0        0x4 /usr/lib/gcc/arm-none-eabi/12.1.0/../../../../arm-none-eabi/lib/thumb/v7e-m/nofp/libg.a(lib_a-mallocr.o)
                0x00000000200009b0                __malloc_sbrk_base
 .data.__malloc_trim_threshold
                0x00000000200009b4        0x4 /usr/lib/gcc/arm-none-eabi/12.1.0/../../../../arm-none-eabi/lib/thumb/v7e-m/nofp/libg.a(lib_a-mallocr.o)
                0x00000000200009b4                __malloc_trim_threshold
 *(.RamFunc)
 *(.RamFunc*)
                0x00000000200009b8                . = ALIGN (0x4)
                0x00000000200009b8                _edata = .

.igot.plt       0x00000000200009b8        0x0 load address 0x000000000800a4dc
 .igot.plt      0x00000000200009b8        0x0 /usr/lib/gcc/arm-none-eabi/12.1.0/thumb/v7e-m/nofp/crtbegin.o
                0x00000000200009b8                . = ALIGN (0x4)

.bss            0x00000000200009b8      0x1ec load address 0x000000000800a4dc
                0x00000000200009b8                _sbss = .
                0x00000000200009b8                __bss_start__ = _sbss
 *(.bss)
 *(.bss*)
 .bss.completed.1
                0x00000000200009b8        0x1 /usr/lib/gcc/arm-none-eabi/12.1.0/thumb/v7e-m/nofp/crtbegin.o
 *fill*         0x00000000200009b9        0x3 
 .bss.object.0  0x00000000200009bc       0x18 /usr/lib/gcc/arm-none-eabi/12.1.0/thumb/v7e-m/nofp/crtbegin.o
 .bss.huart2    0x00000000200009d4       0x84 CMakeFiles/CruiseControl.elf.dir/Core/Src/main.c.obj
                0x00000000200009d4                huart2
 .bss.huart1    0x0000000020000a58       0x84 CMakeFiles/CruiseControl.elf.dir/Core/Src/main.c.obj
                0x0000000020000a58                huart1
 .bss.hdac1     0x0000000020000adc       0x14 CMakeFiles/CruiseControl.elf.dir/Core/Src/main.c.obj
                0x0000000020000adc                hdac1
 .bss.hadc1     0x0000000020000af0       0x64 CMakeFiles/CruiseControl.elf.dir/Core/Src/main.c.obj
                0x0000000020000af0                hadc1
 .bss.__sbrk_heap_end
                0x0000000020000b54        0x4 CMakeFiles/CruiseControl.elf.dir/Core/Src/sysmem.c.obj
 .bss.uwTick    0x0000000020000b58        0x4 CMakeFiles/CruiseControl.elf.dir/Drivers/STM32L4xx_HAL_Driver/Src/stm32l4xx_hal.c.obj
                0x0000000020000b58                uwTick
 .bss.__lock___atexit_recursive_mutex
                0x0000000020000b5c        0x1 /usr/lib/gcc/arm-none-eabi/12.1.0/../../../../arm-none-eabi/lib/thumb/v7e-m/nofp/libg.a(lib_a-lock.o)
                0x0000000020000b5c                __lock___atexit_recursive_mutex
 *fill*         0x0000000020000b5d        0x3 
 .bss.__lock___malloc_recursive_mutex
                0x0000000020000b60        0x1 /usr/lib/gcc/arm-none-eabi/12.1.0/../../../../arm-none-eabi/lib/thumb/v7e-m/nofp/libg.a(lib_a-lock.o)
                0x0000000020000b60                __lock___malloc_recursive_mutex
 *fill*         0x0000000020000b61        0x3 
 .bss.__lock___sfp_recursive_mutex
                0x0000000020000b64        0x1 /usr/lib/gcc/arm-none-eabi/12.1.0/../../../../arm-none-eabi/lib/thumb/v7e-m/nofp/libg.a(lib_a-lock.o)
                0x0000000020000b64                __lock___sfp_recursive_mutex
 *fill*         0x0000000020000b65        0x3 
 .bss.__lock___sinit_recursive_mutex
                0x0000000020000b68        0x1 /usr/lib/gcc/arm-none-eabi/12.1.0/../../../../arm-none-eabi/lib/thumb/v7e-m/nofp/libg.a(lib_a-lock.o)
                0x0000000020000b68                __lock___sinit_recursive_mutex
 *fill*         0x0000000020000b69        0x3 
 .bss.__malloc_current_mallinfo
                0x0000000020000b6c       0x28 /usr/lib/gcc/arm-none-eabi/12.1.0/../../../../arm-none-eabi/lib/thumb/v7e-m/nofp/libg.a(lib_a-mallocr.o)
                0x0000000020000b6c                __malloc_current_mallinfo
 .bss.__malloc_max_sbrked_mem
                0x0000000020000b94        0x4 /usr/lib/gcc/arm-none-eabi/12.1.0/../../../../arm-none-eabi/lib/thumb/v7e-m/nofp/libg.a(lib_a-mallocr.o)
                0x0000000020000b94                __malloc_max_sbrked_mem
 .bss.__malloc_max_total_mem
                0x0000000020000b98        0x4 /usr/lib/gcc/arm-none-eabi/12.1.0/../../../../arm-none-eabi/lib/thumb/v7e-m/nofp/libg.a(lib_a-mallocr.o)
                0x0000000020000b98                __malloc_max_total_mem
 .bss.__malloc_top_pad
                0x0000000020000b9c        0x4 /usr/lib/gcc/arm-none-eabi/12.1.0/../../../../arm-none-eabi/lib/thumb/v7e-m/nofp/libg.a(lib_a-mallocr.o)
                0x0000000020000b9c                __malloc_top_pad
 .bss.errno     0x0000000020000ba0        0x4 /usr/lib/gcc/arm-none-eabi/12.1.0/../../../../arm-none-eabi/lib/thumb/v7e-m/nofp/libg.a(lib_a-reent.o)
                0x0000000020000ba0                errno
 *(COMMON)
                0x0000000020000ba4                . = ALIGN (0x4)
                0x0000000020000ba4                _ebss = .
                0x0000000020000ba4                __bss_end__ = _ebss

._user_heap_stack
                0x0000000020000ba4      0x604 load address 0x000000000800a4dc
                0x0000000020000ba8                . = ALIGN (0x8)
 *fill*         0x0000000020000ba4        0x4 
                [!provide]                        PROVIDE (end = .)
                0x0000000020000ba8                PROVIDE (_end = .)
                0x0000000020000da8                . = (. + _Min_Heap_Size)
 *fill*         0x0000000020000ba8      0x200 
                0x00000000200011a8                . = (. + _Min_Stack_Size)
 *fill*         0x0000000020000da8      0x400 
                0x00000000200011a8                . = ALIGN (0x8)

/DISCARD/
 libc.a(*)
 libm.a(*)
 libgcc.a(*)

.ARM.attributes
                0x0000000000000000       0x2a
 *(.ARM.attributes)
 .ARM.attributes
                0x0000000000000000       0x1e /usr/lib/gcc/arm-none-eabi/12.1.0/thumb/v7e-m/nofp/crti.o
 .ARM.attributes
                0x000000000000001e       0x2e /usr/lib/gcc/arm-none-eabi/12.1.0/thumb/v7e-m/nofp/crtbegin.o
 .ARM.attributes
                0x000000000000004c       0x2e CMakeFiles/CruiseControl.elf.dir/Core/Src/main.c.obj
 .ARM.attributes
                0x000000000000007a       0x2e CMakeFiles/CruiseControl.elf.dir/Core/Src/stm32l4xx_hal_msp.c.obj
 .ARM.attributes
                0x00000000000000a8       0x2e CMakeFiles/CruiseControl.elf.dir/Core/Src/stm32l4xx_it.c.obj
 .ARM.attributes
                0x00000000000000d6       0x2e CMakeFiles/CruiseControl.elf.dir/Core/Src/syscalls.c.obj
 .ARM.attributes
                0x0000000000000104       0x2e CMakeFiles/CruiseControl.elf.dir/Core/Src/sysmem.c.obj
 .ARM.attributes
                0x0000000000000132       0x2e CMakeFiles/CruiseControl.elf.dir/Core/Src/system_stm32l4xx.c.obj
 .ARM.attributes
                0x0000000000000160       0x2e CMakeFiles/CruiseControl.elf.dir/Core/Src/throttle.c.obj
 .ARM.attributes
                0x000000000000018e       0x21 CMakeFiles/CruiseControl.elf.dir/Core/Startup/startup_stm32l432kcux.s.obj
 .ARM.attributes
                0x00000000000001af       0x2e CMakeFiles/CruiseControl.elf.dir/Drivers/STM32L4xx_HAL_Driver/Src/stm32l4xx_hal.c.obj
 .ARM.attributes
                0x00000000000001dd       0x2e CMakeFiles/CruiseControl.elf.dir/Drivers/STM32L4xx_HAL_Driver/Src/stm32l4xx_hal_adc.c.obj
 .ARM.attributes
                0x000000000000020b       0x2e CMakeFiles/CruiseControl.elf.dir/Drivers/STM32L4xx_HAL_Driver/Src/stm32l4xx_hal_cortex.c.obj
 .ARM.attributes
                0x0000000000000239       0x2e CMakeFiles/CruiseControl.elf.dir/Drivers/STM32L4xx_HAL_Driver/Src/stm32l4xx_hal_dac.c.obj
 .ARM.attributes
                0x0000000000000267       0x2e CMakeFiles/CruiseControl.elf.dir/Drivers/STM32L4xx_HAL_Driver/Src/stm32l4xx_hal_gpio.c.obj
 .ARM.attributes
                0x0000000000000295       0x2e CMakeFiles/CruiseControl.elf.dir/Drivers/STM32L4xx_HAL_Driver/Src/stm32l4xx_hal_pwr.c.obj
 .ARM.attributes
                0x00000000000002c3       0x2e CMakeFiles/CruiseControl.elf.dir/Drivers/STM32L4xx_HAL_Driver/Src/stm32l4xx_hal_pwr_ex.c.obj
 .ARM.attributes
                0x00000000000002f1       0x2e CMakeFiles/CruiseControl.elf.dir/Drivers/STM32L4xx_HAL_Driver/Src/stm32l4xx_hal_rcc.c.obj
 .ARM.attributes
                0x000000000000031f       0x2e CMakeFiles/CruiseControl.elf.dir/Drivers/STM32L4xx_HAL_Driver/Src/stm32l4xx_hal_rcc_ex.c.obj
 .ARM.attributes
                0x000000000000034d       0x2e CMakeFiles/CruiseControl.elf.dir/Drivers/STM32L4xx_HAL_Driver/Src/stm32l4xx_hal_uart.c.obj
 .ARM.attributes
                0x000000000000037b       0x1e /usr/lib/gcc/arm-none-eabi/12.1.0/thumb/v7e-m/nofp/libgcc.a(_aeabi_uldivmod.o)
 .ARM.attributes
                0x0000000000000399       0x2e /usr/lib/gcc/arm-none-eabi/12.1.0/thumb/v7e-m/nofp/libgcc.a(_udivmoddi4.o)
 .ARM.attributes
                0x00000000000003c7       0x1e /usr/lib/gcc/arm-none-eabi/12.1.0/thumb/v7e-m/nofp/libgcc.a(_dvmd_tls.o)
 .ARM.attributes
                0x00000000000003e5       0x2e /usr/lib/gcc/arm-none-eabi/12.1.0/../../../../arm-none-eabi/lib/thumb/v7e-m/nofp/libg.a(lib_a-atexit.o)
 .ARM.attributes
                0x0000000000000413       0x2e /usr/lib/gcc/arm-none-eabi/12.1.0/../../../../arm-none-eabi/lib/thumb/v7e-m/nofp/libg.a(lib_a-errno.o)
 .ARM.attributes
                0x0000000000000441       0x2e /usr/lib/gcc/arm-none-eabi/12.1.0/../../../../arm-none-eabi/lib/thumb/v7e-m/nofp/libg.a(lib_a-fini.o)
 .ARM.attributes
                0x000000000000046f       0x2e /usr/lib/gcc/arm-none-eabi/12.1.0/../../../../arm-none-eabi/lib/thumb/v7e-m/nofp/libg.a(lib_a-impure.o)
 .ARM.attributes
                0x000000000000049d       0x2e /usr/lib/gcc/arm-none-eabi/12.1.0/../../../../arm-none-eabi/lib/thumb/v7e-m/nofp/libg.a(lib_a-init.o)
 .ARM.attributes
                0x00000000000004cb       0x2e /usr/lib/gcc/arm-none-eabi/12.1.0/../../../../arm-none-eabi/lib/thumb/v7e-m/nofp/libg.a(lib_a-memset.o)
 .ARM.attributes
                0x00000000000004f9       0x2e /usr/lib/gcc/arm-none-eabi/12.1.0/../../../../arm-none-eabi/lib/thumb/v7e-m/nofp/libg.a(lib_a-printf.o)
 .ARM.attributes
                0x0000000000000527       0x2e /usr/lib/gcc/arm-none-eabi/12.1.0/../../../../arm-none-eabi/lib/thumb/v7e-m/nofp/libg.a(lib_a-vfprintf.o)
 .ARM.attributes
                0x0000000000000555       0x2e /usr/lib/gcc/arm-none-eabi/12.1.0/../../../../arm-none-eabi/lib/thumb/v7e-m/nofp/libg.a(lib_a-wsetup.o)
 .ARM.attributes
                0x0000000000000583       0x2e /usr/lib/gcc/arm-none-eabi/12.1.0/../../../../arm-none-eabi/lib/thumb/v7e-m/nofp/libg.a(lib_a-__atexit.o)
 .ARM.attributes
                0x00000000000005b1       0x2e /usr/lib/gcc/arm-none-eabi/12.1.0/../../../../arm-none-eabi/lib/thumb/v7e-m/nofp/libg.a(lib_a-__call_atexit.o)
 .ARM.attributes
                0x00000000000005df       0x2e /usr/lib/gcc/arm-none-eabi/12.1.0/../../../../arm-none-eabi/lib/thumb/v7e-m/nofp/libg.a(lib_a-dtoa.o)
 .ARM.attributes
                0x000000000000060d       0x2e /usr/lib/gcc/arm-none-eabi/12.1.0/../../../../arm-none-eabi/lib/thumb/v7e-m/nofp/libg.a(lib_a-fflush.o)
 .ARM.attributes
                0x000000000000063b       0x2e /usr/lib/gcc/arm-none-eabi/12.1.0/../../../../arm-none-eabi/lib/thumb/v7e-m/nofp/libg.a(lib_a-findfp.o)
 .ARM.attributes
                0x0000000000000669       0x2e /usr/lib/gcc/arm-none-eabi/12.1.0/../../../../arm-none-eabi/lib/thumb/v7e-m/nofp/libg.a(lib_a-freer.o)
 .ARM.attributes
                0x0000000000000697       0x2e /usr/lib/gcc/arm-none-eabi/12.1.0/../../../../arm-none-eabi/lib/thumb/v7e-m/nofp/libg.a(lib_a-fwalk.o)
 .ARM.attributes
                0x00000000000006c5       0x2e /usr/lib/gcc/arm-none-eabi/12.1.0/../../../../arm-none-eabi/lib/thumb/v7e-m/nofp/libg.a(lib_a-localeconv.o)
 .ARM.attributes
                0x00000000000006f3       0x2e /usr/lib/gcc/arm-none-eabi/12.1.0/../../../../arm-none-eabi/lib/thumb/v7e-m/nofp/libg.a(lib_a-locale.o)
 .ARM.attributes
                0x0000000000000721       0x2e /usr/lib/gcc/arm-none-eabi/12.1.0/../../../../arm-none-eabi/lib/thumb/v7e-m/nofp/libg.a(lib_a-lock.o)
 .ARM.attributes
                0x000000000000074f       0x2e /usr/lib/gcc/arm-none-eabi/12.1.0/../../../../arm-none-eabi/lib/thumb/v7e-m/nofp/libg.a(lib_a-makebuf.o)
 .ARM.attributes
                0x000000000000077d       0x2e /usr/lib/gcc/arm-none-eabi/12.1.0/../../../../arm-none-eabi/lib/thumb/v7e-m/nofp/libg.a(lib_a-mallocr.o)
 .ARM.attributes
                0x00000000000007ab       0x2e /usr/lib/gcc/arm-none-eabi/12.1.0/../../../../arm-none-eabi/lib/thumb/v7e-m/nofp/libg.a(lib_a-mbtowc_r.o)
 .ARM.attributes
                0x00000000000007d9       0x1c /usr/lib/gcc/arm-none-eabi/12.1.0/../../../../arm-none-eabi/lib/thumb/v7e-m/nofp/libg.a(lib_a-memchr.o)
 .ARM.attributes
                0x00000000000007f5       0x1c /usr/lib/gcc/arm-none-eabi/12.1.0/../../../../arm-none-eabi/lib/thumb/v7e-m/nofp/libg.a(lib_a-memcpy.o)
 .ARM.attributes
                0x0000000000000811       0x2e /usr/lib/gcc/arm-none-eabi/12.1.0/../../../../arm-none-eabi/lib/thumb/v7e-m/nofp/libg.a(lib_a-mlock.o)
 .ARM.attributes
                0x000000000000083f       0x2e /usr/lib/gcc/arm-none-eabi/12.1.0/../../../../arm-none-eabi/lib/thumb/v7e-m/nofp/libg.a(lib_a-mprec.o)
 .ARM.attributes
                0x000000000000086d       0x2e /usr/lib/gcc/arm-none-eabi/12.1.0/../../../../arm-none-eabi/lib/thumb/v7e-m/nofp/libg.a(lib_a-sbrkr.o)
 .ARM.attributes
                0x000000000000089b       0x2e /usr/lib/gcc/arm-none-eabi/12.1.0/../../../../arm-none-eabi/lib/thumb/v7e-m/nofp/libg.a(lib_a-s_frexp.o)
 .ARM.attributes
                0x00000000000008c9       0x2e /usr/lib/gcc/arm-none-eabi/12.1.0/../../../../arm-none-eabi/lib/thumb/v7e-m/nofp/libg.a(lib_a-stdio.o)
 .ARM.attributes
                0x00000000000008f7       0x1c /usr/lib/gcc/arm-none-eabi/12.1.0/../../../../arm-none-eabi/lib/thumb/v7e-m/nofp/libg.a(lib_a-strlen.o)
 .ARM.attributes
                0x0000000000000913       0x2e /usr/lib/gcc/arm-none-eabi/12.1.0/../../../../arm-none-eabi/lib/thumb/v7e-m/nofp/libg.a(lib_a-strncpy.o)
 .ARM.attributes
                0x0000000000000941       0x2e /usr/lib/gcc/arm-none-eabi/12.1.0/../../../../arm-none-eabi/lib/thumb/v7e-m/nofp/libg.a(lib_a-vfiprintf.o)
 .ARM.attributes
                0x000000000000096f       0x2e /usr/lib/gcc/arm-none-eabi/12.1.0/../../../../arm-none-eabi/lib/thumb/v7e-m/nofp/libg.a(lib_a-wctomb_r.o)
 .ARM.attributes
                0x000000000000099d       0x2e /usr/lib/gcc/arm-none-eabi/12.1.0/../../../../arm-none-eabi/lib/thumb/v7e-m/nofp/libg.a(lib_a-writer.o)
 .ARM.attributes
                0x00000000000009cb       0x2e /usr/lib/gcc/arm-none-eabi/12.1.0/../../../../arm-none-eabi/lib/thumb/v7e-m/nofp/libg.a(lib_a-assert.o)
 .ARM.attributes
                0x00000000000009f9       0x2e /usr/lib/gcc/arm-none-eabi/12.1.0/../../../../arm-none-eabi/lib/thumb/v7e-m/nofp/libg.a(lib_a-callocr.o)
 .ARM.attributes
                0x0000000000000a27       0x2e /usr/lib/gcc/arm-none-eabi/12.1.0/../../../../arm-none-eabi/lib/thumb/v7e-m/nofp/libg.a(lib_a-closer.o)
 .ARM.attributes
                0x0000000000000a55       0x2e /usr/lib/gcc/arm-none-eabi/12.1.0/../../../../arm-none-eabi/lib/thumb/v7e-m/nofp/libg.a(lib_a-ctype_.o)
 .ARM.attributes
                0x0000000000000a83       0x2e /usr/lib/gcc/arm-none-eabi/12.1.0/../../../../arm-none-eabi/lib/thumb/v7e-m/nofp/libg.a(lib_a-fclose.o)
 .ARM.attributes
                0x0000000000000ab1       0x2e /usr/lib/gcc/arm-none-eabi/12.1.0/../../../../arm-none-eabi/lib/thumb/v7e-m/nofp/libg.a(lib_a-fiprintf.o)
 .ARM.attributes
                0x0000000000000adf       0x2e /usr/lib/gcc/arm-none-eabi/12.1.0/../../../../arm-none-eabi/lib/thumb/v7e-m/nofp/libg.a(lib_a-fputwc.o)
 .ARM.attributes
                0x0000000000000b0d       0x2e /usr/lib/gcc/arm-none-eabi/12.1.0/../../../../arm-none-eabi/lib/thumb/v7e-m/nofp/libg.a(lib_a-fstatr.o)
 .ARM.attributes
                0x0000000000000b3b       0x2e /usr/lib/gcc/arm-none-eabi/12.1.0/../../../../arm-none-eabi/lib/thumb/v7e-m/nofp/libg.a(lib_a-fvwrite.o)
 .ARM.attributes
                0x0000000000000b69       0x2e /usr/lib/gcc/arm-none-eabi/12.1.0/../../../../arm-none-eabi/lib/thumb/v7e-m/nofp/libg.a(lib_a-isattyr.o)
 .ARM.attributes
                0x0000000000000b97       0x2e /usr/lib/gcc/arm-none-eabi/12.1.0/../../../../arm-none-eabi/lib/thumb/v7e-m/nofp/libg.a(lib_a-lseekr.o)
 .ARM.attributes
                0x0000000000000bc5       0x2e /usr/lib/gcc/arm-none-eabi/12.1.0/../../../../arm-none-eabi/lib/thumb/v7e-m/nofp/libg.a(lib_a-memmove.o)
 .ARM.attributes
                0x0000000000000bf3       0x2e /usr/lib/gcc/arm-none-eabi/12.1.0/../../../../arm-none-eabi/lib/thumb/v7e-m/nofp/libg.a(lib_a-readr.o)
 .ARM.attributes
                0x0000000000000c21       0x2e /usr/lib/gcc/arm-none-eabi/12.1.0/../../../../arm-none-eabi/lib/thumb/v7e-m/nofp/libg.a(lib_a-reallocr.o)
 .ARM.attributes
                0x0000000000000c4f       0x2e /usr/lib/gcc/arm-none-eabi/12.1.0/../../../../arm-none-eabi/lib/thumb/v7e-m/nofp/libg.a(lib_a-reent.o)
 .ARM.attributes
                0x0000000000000c7d       0x2e /usr/lib/gcc/arm-none-eabi/12.1.0/../../../../arm-none-eabi/lib/thumb/v7e-m/nofp/libg.a(lib_a-wbuf.o)
 .ARM.attributes
                0x0000000000000cab       0x2e /usr/lib/gcc/arm-none-eabi/12.1.0/../../../../arm-none-eabi/lib/thumb/v7e-m/nofp/libg.a(lib_a-wcrtomb.o)
 .ARM.attributes
                0x0000000000000cd9       0x2e /usr/lib/gcc/arm-none-eabi/12.1.0/../../../../arm-none-eabi/lib/thumb/v7e-m/nofp/libg.a(lib_a-abort.o)
 .ARM.attributes
                0x0000000000000d07       0x2e /usr/lib/gcc/arm-none-eabi/12.1.0/../../../../arm-none-eabi/lib/thumb/v7e-m/nofp/libg.a(lib_a-signal.o)
 .ARM.attributes
                0x0000000000000d35       0x2e /usr/lib/gcc/arm-none-eabi/12.1.0/../../../../arm-none-eabi/lib/thumb/v7e-m/nofp/libg.a(lib_a-signalr.o)
 .ARM.attributes
                0x0000000000000d63       0x1e /usr/lib/gcc/arm-none-eabi/12.1.0/thumb/v7e-m/nofp/libgcc.a(_arm_addsubdf3.o)
 .ARM.attributes
                0x0000000000000d81       0x1e /usr/lib/gcc/arm-none-eabi/12.1.0/thumb/v7e-m/nofp/libgcc.a(_arm_muldivdf3.o)
 .ARM.attributes
                0x0000000000000d9f       0x1e /usr/lib/gcc/arm-none-eabi/12.1.0/thumb/v7e-m/nofp/libgcc.a(_arm_cmpdf2.o)
 .ARM.attributes
                0x0000000000000dbd       0x1e /usr/lib/gcc/arm-none-eabi/12.1.0/thumb/v7e-m/nofp/libgcc.a(_arm_unorddf2.o)
 .ARM.attributes
                0x0000000000000ddb       0x1e /usr/lib/gcc/arm-none-eabi/12.1.0/thumb/v7e-m/nofp/libgcc.a(_arm_fixdfsi.o)
 .ARM.attributes
                0x0000000000000df9       0x1e /usr/lib/gcc/arm-none-eabi/12.1.0/thumb/v7e-m/nofp/crtn.o
OUTPUT(CruiseControl.elf elf32-littlearm)
LOAD linker stubs
LOAD /usr/lib/gcc/arm-none-eabi/12.1.0/../../../../arm-none-eabi/lib/thumb/v7e-m/nofp/libc.a
LOAD /usr/lib/gcc/arm-none-eabi/12.1.0/../../../../arm-none-eabi/lib/thumb/v7e-m/nofp/libm.a
LOAD /usr/lib/gcc/arm-none-eabi/12.1.0/thumb/v7e-m/nofp/libgcc.a

.debug_info     0x0000000000000000    0x34ed0
 .debug_info    0x0000000000000000     0x19a9 CMakeFiles/CruiseControl.elf.dir/Core/Src/main.c.obj
 .debug_info    0x00000000000019a9     0x151f CMakeFiles/CruiseControl.elf.dir/Core/Src/stm32l4xx_hal_msp.c.obj
 .debug_info    0x0000000000002ec8      0x11d CMakeFiles/CruiseControl.elf.dir/Core/Src/stm32l4xx_it.c.obj
 .debug_info    0x0000000000002fe5      0x783 CMakeFiles/CruiseControl.elf.dir/Core/Src/syscalls.c.obj
 .debug_info    0x0000000000003768      0x171 CMakeFiles/CruiseControl.elf.dir/Core/Src/sysmem.c.obj
 .debug_info    0x00000000000038d9      0x3d4 CMakeFiles/CruiseControl.elf.dir/Core/Src/system_stm32l4xx.c.obj
 .debug_info    0x0000000000003cad      0xc39 CMakeFiles/CruiseControl.elf.dir/Core/Src/throttle.c.obj
 .debug_info    0x00000000000048e6       0x23 CMakeFiles/CruiseControl.elf.dir/Core/Startup/startup_stm32l432kcux.s.obj
 .debug_info    0x0000000000004909      0xa43 CMakeFiles/CruiseControl.elf.dir/Drivers/STM32L4xx_HAL_Driver/Src/stm32l4xx_hal.c.obj
 .debug_info    0x000000000000534c     0x2f74 CMakeFiles/CruiseControl.elf.dir/Drivers/STM32L4xx_HAL_Driver/Src/stm32l4xx_hal_adc.c.obj
 .debug_info    0x00000000000082c0      0xeff CMakeFiles/CruiseControl.elf.dir/Drivers/STM32L4xx_HAL_Driver/Src/stm32l4xx_hal_cortex.c.obj
 .debug_info    0x00000000000091bf      0xbe9 CMakeFiles/CruiseControl.elf.dir/Drivers/STM32L4xx_HAL_Driver/Src/stm32l4xx_hal_dac.c.obj
 .debug_info    0x0000000000009da8      0x789 CMakeFiles/CruiseControl.elf.dir/Drivers/STM32L4xx_HAL_Driver/Src/stm32l4xx_hal_gpio.c.obj
 .debug_info    0x000000000000a531      0x96f CMakeFiles/CruiseControl.elf.dir/Drivers/STM32L4xx_HAL_Driver/Src/stm32l4xx_hal_pwr.c.obj
 .debug_info    0x000000000000aea0      0x9c5 CMakeFiles/CruiseControl.elf.dir/Drivers/STM32L4xx_HAL_Driver/Src/stm32l4xx_hal_pwr_ex.c.obj
 .debug_info    0x000000000000b865      0xe58 CMakeFiles/CruiseControl.elf.dir/Drivers/STM32L4xx_HAL_Driver/Src/stm32l4xx_hal_rcc.c.obj
 .debug_info    0x000000000000c6bd     0x119d CMakeFiles/CruiseControl.elf.dir/Drivers/STM32L4xx_HAL_Driver/Src/stm32l4xx_hal_rcc_ex.c.obj
 .debug_info    0x000000000000d85a     0x4fd6 CMakeFiles/CruiseControl.elf.dir/Drivers/STM32L4xx_HAL_Driver/Src/stm32l4xx_hal_uart.c.obj
 .debug_info    0x0000000000012830       0x24 /usr/lib/gcc/arm-none-eabi/12.1.0/thumb/v7e-m/nofp/libgcc.a(_aeabi_uldivmod.o)
 .debug_info    0x0000000000012854      0x6fd /usr/lib/gcc/arm-none-eabi/12.1.0/thumb/v7e-m/nofp/libgcc.a(_udivmoddi4.o)
 .debug_info    0x0000000000012f51       0x24 /usr/lib/gcc/arm-none-eabi/12.1.0/thumb/v7e-m/nofp/libgcc.a(_dvmd_tls.o)
 .debug_info    0x0000000000012f75      0x118 /usr/lib/gcc/arm-none-eabi/12.1.0/../../../../arm-none-eabi/lib/thumb/v7e-m/nofp/libg.a(lib_a-atexit.o)
 .debug_info    0x000000000001308d      0x8b3 /usr/lib/gcc/arm-none-eabi/12.1.0/../../../../arm-none-eabi/lib/thumb/v7e-m/nofp/libg.a(lib_a-errno.o)
 .debug_info    0x0000000000013940       0xf7 /usr/lib/gcc/arm-none-eabi/12.1.0/../../../../arm-none-eabi/lib/thumb/v7e-m/nofp/libg.a(lib_a-fini.o)
 .debug_info    0x0000000000013a37      0x8c8 /usr/lib/gcc/arm-none-eabi/12.1.0/../../../../arm-none-eabi/lib/thumb/v7e-m/nofp/libg.a(lib_a-impure.o)
 .debug_info    0x00000000000142ff      0x10b /usr/lib/gcc/arm-none-eabi/12.1.0/../../../../arm-none-eabi/lib/thumb/v7e-m/nofp/libg.a(lib_a-init.o)
 .debug_info    0x000000000001440a      0x135 /usr/lib/gcc/arm-none-eabi/12.1.0/../../../../arm-none-eabi/lib/thumb/v7e-m/nofp/libg.a(lib_a-memset.o)
 .debug_info    0x000000000001453f      0x9f3 /usr/lib/gcc/arm-none-eabi/12.1.0/../../../../arm-none-eabi/lib/thumb/v7e-m/nofp/libg.a(lib_a-printf.o)
 .debug_info    0x0000000000014f32     0x1e3b /usr/lib/gcc/arm-none-eabi/12.1.0/../../../../arm-none-eabi/lib/thumb/v7e-m/nofp/libg.a(lib_a-vfprintf.o)
 .debug_info    0x0000000000016d6d      0x973 /usr/lib/gcc/arm-none-eabi/12.1.0/../../../../arm-none-eabi/lib/thumb/v7e-m/nofp/libg.a(lib_a-wsetup.o)
 .debug_info    0x00000000000176e0      0x999 /usr/lib/gcc/arm-none-eabi/12.1.0/../../../../arm-none-eabi/lib/thumb/v7e-m/nofp/libg.a(lib_a-__atexit.o)
 .debug_info    0x0000000000018079      0xa21 /usr/lib/gcc/arm-none-eabi/12.1.0/../../../../arm-none-eabi/lib/thumb/v7e-m/nofp/libg.a(lib_a-__call_atexit.o)
 .debug_info    0x0000000000018a9a     0x1a85 /usr/lib/gcc/arm-none-eabi/12.1.0/../../../../arm-none-eabi/lib/thumb/v7e-m/nofp/libg.a(lib_a-dtoa.o)
 .debug_info    0x000000000001a51f      0xc0a /usr/lib/gcc/arm-none-eabi/12.1.0/../../../../arm-none-eabi/lib/thumb/v7e-m/nofp/libg.a(lib_a-fflush.o)
 .debug_info    0x000000000001b129     0x12b7 /usr/lib/gcc/arm-none-eabi/12.1.0/../../../../arm-none-eabi/lib/thumb/v7e-m/nofp/libg.a(lib_a-findfp.o)
 .debug_info    0x000000000001c3e0      0xcdf /usr/lib/gcc/arm-none-eabi/12.1.0/../../../../arm-none-eabi/lib/thumb/v7e-m/nofp/libg.a(lib_a-freer.o)
 .debug_info    0x000000000001d0bf      0x9f1 /usr/lib/gcc/arm-none-eabi/12.1.0/../../../../arm-none-eabi/lib/thumb/v7e-m/nofp/libg.a(lib_a-fwalk.o)
 .debug_info    0x000000000001dab0      0xbdb /usr/lib/gcc/arm-none-eabi/12.1.0/../../../../arm-none-eabi/lib/thumb/v7e-m/nofp/libg.a(lib_a-localeconv.o)
 .debug_info    0x000000000001e68b      0xdfc /usr/lib/gcc/arm-none-eabi/12.1.0/../../../../arm-none-eabi/lib/thumb/v7e-m/nofp/libg.a(lib_a-locale.o)
 .debug_info    0x000000000001f487      0x21a /usr/lib/gcc/arm-none-eabi/12.1.0/../../../../arm-none-eabi/lib/thumb/v7e-m/nofp/libg.a(lib_a-lock.o)
 .debug_info    0x000000000001f6a1      0xdc2 /usr/lib/gcc/arm-none-eabi/12.1.0/../../../../arm-none-eabi/lib/thumb/v7e-m/nofp/libg.a(lib_a-makebuf.o)
 .debug_info    0x0000000000020463      0xe77 /usr/lib/gcc/arm-none-eabi/12.1.0/../../../../arm-none-eabi/lib/thumb/v7e-m/nofp/libg.a(lib_a-mallocr.o)
 .debug_info    0x00000000000212da      0xc65 /usr/lib/gcc/arm-none-eabi/12.1.0/../../../../arm-none-eabi/lib/thumb/v7e-m/nofp/libg.a(lib_a-mbtowc_r.o)
 .debug_info    0x0000000000021f3f       0x25 /usr/lib/gcc/arm-none-eabi/12.1.0/../../../../arm-none-eabi/lib/thumb/v7e-m/nofp/libg.a(lib_a-memchr.o)
 .debug_info    0x0000000000021f64       0x25 /usr/lib/gcc/arm-none-eabi/12.1.0/../../../../arm-none-eabi/lib/thumb/v7e-m/nofp/libg.a(lib_a-memcpy.o)
 .debug_info    0x0000000000021f89      0x923 /usr/lib/gcc/arm-none-eabi/12.1.0/../../../../arm-none-eabi/lib/thumb/v7e-m/nofp/libg.a(lib_a-mlock.o)
 .debug_info    0x00000000000228ac     0x1fe0 /usr/lib/gcc/arm-none-eabi/12.1.0/../../../../arm-none-eabi/lib/thumb/v7e-m/nofp/libg.a(lib_a-mprec.o)
 .debug_info    0x000000000002488c      0x934 /usr/lib/gcc/arm-none-eabi/12.1.0/../../../../arm-none-eabi/lib/thumb/v7e-m/nofp/libg.a(lib_a-sbrkr.o)
 .debug_info    0x00000000000251c0      0x1e0 /usr/lib/gcc/arm-none-eabi/12.1.0/../../../../arm-none-eabi/lib/thumb/v7e-m/nofp/libg.a(lib_a-s_frexp.o)
 .debug_info    0x00000000000253a0      0xc06 /usr/lib/gcc/arm-none-eabi/12.1.0/../../../../arm-none-eabi/lib/thumb/v7e-m/nofp/libg.a(lib_a-stdio.o)
 .debug_info    0x0000000000025fa6       0x25 /usr/lib/gcc/arm-none-eabi/12.1.0/../../../../arm-none-eabi/lib/thumb/v7e-m/nofp/libg.a(lib_a-strlen.o)
 .debug_info    0x0000000000025fcb      0x14a /usr/lib/gcc/arm-none-eabi/12.1.0/../../../../arm-none-eabi/lib/thumb/v7e-m/nofp/libg.a(lib_a-strncpy.o)
 .debug_info    0x0000000000026115     0x1a81 /usr/lib/gcc/arm-none-eabi/12.1.0/../../../../arm-none-eabi/lib/thumb/v7e-m/nofp/libg.a(lib_a-vfiprintf.o)
 .debug_info    0x0000000000027b96      0xc21 /usr/lib/gcc/arm-none-eabi/12.1.0/../../../../arm-none-eabi/lib/thumb/v7e-m/nofp/libg.a(lib_a-wctomb_r.o)
 .debug_info    0x00000000000287b7      0x96b /usr/lib/gcc/arm-none-eabi/12.1.0/../../../../arm-none-eabi/lib/thumb/v7e-m/nofp/libg.a(lib_a-writer.o)
 .debug_info    0x0000000000029122      0x9d5 /usr/lib/gcc/arm-none-eabi/12.1.0/../../../../arm-none-eabi/lib/thumb/v7e-m/nofp/libg.a(lib_a-assert.o)
 .debug_info    0x0000000000029af7      0xa76 /usr/lib/gcc/arm-none-eabi/12.1.0/../../../../arm-none-eabi/lib/thumb/v7e-m/nofp/libg.a(lib_a-callocr.o)
 .debug_info    0x000000000002a56d      0x90f /usr/lib/gcc/arm-none-eabi/12.1.0/../../../../arm-none-eabi/lib/thumb/v7e-m/nofp/libg.a(lib_a-closer.o)
 .debug_info    0x000000000002ae7c       0xb9 /usr/lib/gcc/arm-none-eabi/12.1.0/../../../../arm-none-eabi/lib/thumb/v7e-m/nofp/libg.a(lib_a-ctype_.o)
 .debug_info    0x000000000002af35      0xa83 /usr/lib/gcc/arm-none-eabi/12.1.0/../../../../arm-none-eabi/lib/thumb/v7e-m/nofp/libg.a(lib_a-fclose.o)
 .debug_info    0x000000000002b9b8      0xa04 /usr/lib/gcc/arm-none-eabi/12.1.0/../../../../arm-none-eabi/lib/thumb/v7e-m/nofp/libg.a(lib_a-fiprintf.o)
 .debug_info    0x000000000002c3bc      0xc34 /usr/lib/gcc/arm-none-eabi/12.1.0/../../../../arm-none-eabi/lib/thumb/v7e-m/nofp/libg.a(lib_a-fputwc.o)
 .debug_info    0x000000000002cff0      0xb2d /usr/lib/gcc/arm-none-eabi/12.1.0/../../../../arm-none-eabi/lib/thumb/v7e-m/nofp/libg.a(lib_a-fstatr.o)
 .debug_info    0x000000000002db1d      0xcb0 /usr/lib/gcc/arm-none-eabi/12.1.0/../../../../arm-none-eabi/lib/thumb/v7e-m/nofp/libg.a(lib_a-fvwrite.o)
 .debug_info    0x000000000002e7cd      0x90f /usr/lib/gcc/arm-none-eabi/12.1.0/../../../../arm-none-eabi/lib/thumb/v7e-m/nofp/libg.a(lib_a-isattyr.o)
 .debug_info    0x000000000002f0dc      0x94e /usr/lib/gcc/arm-none-eabi/12.1.0/../../../../arm-none-eabi/lib/thumb/v7e-m/nofp/libg.a(lib_a-lseekr.o)
 .debug_info    0x000000000002fa2a      0x148 /usr/lib/gcc/arm-none-eabi/12.1.0/../../../../arm-none-eabi/lib/thumb/v7e-m/nofp/libg.a(lib_a-memmove.o)
 .debug_info    0x000000000002fb72      0x965 /usr/lib/gcc/arm-none-eabi/12.1.0/../../../../arm-none-eabi/lib/thumb/v7e-m/nofp/libg.a(lib_a-readr.o)
 .debug_info    0x00000000000304d7      0xd93 /usr/lib/gcc/arm-none-eabi/12.1.0/../../../../arm-none-eabi/lib/thumb/v7e-m/nofp/libg.a(lib_a-reallocr.o)
 .debug_info    0x000000000003126a      0xb72 /usr/lib/gcc/arm-none-eabi/12.1.0/../../../../arm-none-eabi/lib/thumb/v7e-m/nofp/libg.a(lib_a-reent.o)
 .debug_info    0x0000000000031ddc      0xa19 /usr/lib/gcc/arm-none-eabi/12.1.0/../../../../arm-none-eabi/lib/thumb/v7e-m/nofp/libg.a(lib_a-wbuf.o)
 .debug_info    0x00000000000327f5      0xcdb /usr/lib/gcc/arm-none-eabi/12.1.0/../../../../arm-none-eabi/lib/thumb/v7e-m/nofp/libg.a(lib_a-wcrtomb.o)
 .debug_info    0x00000000000334d0       0xd8 /usr/lib/gcc/arm-none-eabi/12.1.0/../../../../arm-none-eabi/lib/thumb/v7e-m/nofp/libg.a(lib_a-abort.o)
 .debug_info    0x00000000000335a8      0xedb /usr/lib/gcc/arm-none-eabi/12.1.0/../../../../arm-none-eabi/lib/thumb/v7e-m/nofp/libg.a(lib_a-signal.o)
 .debug_info    0x0000000000034483      0x996 /usr/lib/gcc/arm-none-eabi/12.1.0/../../../../arm-none-eabi/lib/thumb/v7e-m/nofp/libg.a(lib_a-signalr.o)
 .debug_info    0x0000000000034e19       0x25 /usr/lib/gcc/arm-none-eabi/12.1.0/thumb/v7e-m/nofp/libgcc.a(_arm_addsubdf3.o)
 .debug_info    0x0000000000034e3e       0x25 /usr/lib/gcc/arm-none-eabi/12.1.0/thumb/v7e-m/nofp/libgcc.a(_arm_muldivdf3.o)
 .debug_info    0x0000000000034e63       0x25 /usr/lib/gcc/arm-none-eabi/12.1.0/thumb/v7e-m/nofp/libgcc.a(_arm_cmpdf2.o)
 .debug_info    0x0000000000034e88       0x24 /usr/lib/gcc/arm-none-eabi/12.1.0/thumb/v7e-m/nofp/libgcc.a(_arm_unorddf2.o)
 .debug_info    0x0000000000034eac       0x24 /usr/lib/gcc/arm-none-eabi/12.1.0/thumb/v7e-m/nofp/libgcc.a(_arm_fixdfsi.o)

.debug_abbrev   0x0000000000000000     0xa006
 .debug_abbrev  0x0000000000000000      0x316 CMakeFiles/CruiseControl.elf.dir/Core/Src/main.c.obj
 .debug_abbrev  0x0000000000000316      0x232 CMakeFiles/CruiseControl.elf.dir/Core/Src/stm32l4xx_hal_msp.c.obj
 .debug_abbrev  0x0000000000000548       0x7c CMakeFiles/CruiseControl.elf.dir/Core/Src/stm32l4xx_it.c.obj
 .debug_abbrev  0x00000000000005c4      0x1c1 CMakeFiles/CruiseControl.elf.dir/Core/Src/syscalls.c.obj
 .debug_abbrev  0x0000000000000785       0xea CMakeFiles/CruiseControl.elf.dir/Core/Src/sysmem.c.obj
 .debug_abbrev  0x000000000000086f      0x120 CMakeFiles/CruiseControl.elf.dir/Core/Src/system_stm32l4xx.c.obj
 .debug_abbrev  0x000000000000098f      0x1f2 CMakeFiles/CruiseControl.elf.dir/Core/Src/throttle.c.obj
 .debug_abbrev  0x0000000000000b81       0x12 CMakeFiles/CruiseControl.elf.dir/Core/Startup/startup_stm32l432kcux.s.obj
 .debug_abbrev  0x0000000000000b93      0x254 CMakeFiles/CruiseControl.elf.dir/Drivers/STM32L4xx_HAL_Driver/Src/stm32l4xx_hal.c.obj
 .debug_abbrev  0x0000000000000de7      0x2f6 CMakeFiles/CruiseControl.elf.dir/Drivers/STM32L4xx_HAL_Driver/Src/stm32l4xx_hal_adc.c.obj
 .debug_abbrev  0x00000000000010dd      0x39b CMakeFiles/CruiseControl.elf.dir/Drivers/STM32L4xx_HAL_Driver/Src/stm32l4xx_hal_cortex.c.obj
 .debug_abbrev  0x0000000000001478      0x21a CMakeFiles/CruiseControl.elf.dir/Drivers/STM32L4xx_HAL_Driver/Src/stm32l4xx_hal_dac.c.obj
 .debug_abbrev  0x0000000000001692      0x1f9 CMakeFiles/CruiseControl.elf.dir/Drivers/STM32L4xx_HAL_Driver/Src/stm32l4xx_hal_gpio.c.obj
 .debug_abbrev  0x000000000000188b      0x1c1 CMakeFiles/CruiseControl.elf.dir/Drivers/STM32L4xx_HAL_Driver/Src/stm32l4xx_hal_pwr.c.obj
 .debug_abbrev  0x0000000000001a4c      0x215 CMakeFiles/CruiseControl.elf.dir/Drivers/STM32L4xx_HAL_Driver/Src/stm32l4xx_hal_pwr_ex.c.obj
 .debug_abbrev  0x0000000000001c61      0x2ab CMakeFiles/CruiseControl.elf.dir/Drivers/STM32L4xx_HAL_Driver/Src/stm32l4xx_hal_rcc.c.obj
 .debug_abbrev  0x0000000000001f0c      0x2a8 CMakeFiles/CruiseControl.elf.dir/Drivers/STM32L4xx_HAL_Driver/Src/stm32l4xx_hal_rcc_ex.c.obj
 .debug_abbrev  0x00000000000021b4      0x301 CMakeFiles/CruiseControl.elf.dir/Drivers/STM32L4xx_HAL_Driver/Src/stm32l4xx_hal_uart.c.obj
 .debug_abbrev  0x00000000000024b5       0x14 /usr/lib/gcc/arm-none-eabi/12.1.0/thumb/v7e-m/nofp/libgcc.a(_aeabi_uldivmod.o)
 .debug_abbrev  0x00000000000024c9      0x16a /usr/lib/gcc/arm-none-eabi/12.1.0/thumb/v7e-m/nofp/libgcc.a(_udivmoddi4.o)
 .debug_abbrev  0x0000000000002633       0x14 /usr/lib/gcc/arm-none-eabi/12.1.0/thumb/v7e-m/nofp/libgcc.a(_dvmd_tls.o)
 .debug_abbrev  0x0000000000002647       0xc1 /usr/lib/gcc/arm-none-eabi/12.1.0/../../../../arm-none-eabi/lib/thumb/v7e-m/nofp/libg.a(lib_a-atexit.o)
 .debug_abbrev  0x0000000000002708      0x1ce /usr/lib/gcc/arm-none-eabi/12.1.0/../../../../arm-none-eabi/lib/thumb/v7e-m/nofp/libg.a(lib_a-errno.o)
 .debug_abbrev  0x00000000000028d6       0xcc /usr/lib/gcc/arm-none-eabi/12.1.0/../../../../arm-none-eabi/lib/thumb/v7e-m/nofp/libg.a(lib_a-fini.o)
 .debug_abbrev  0x00000000000029a2      0x1ca /usr/lib/gcc/arm-none-eabi/12.1.0/../../../../arm-none-eabi/lib/thumb/v7e-m/nofp/libg.a(lib_a-impure.o)
 .debug_abbrev  0x0000000000002b6c       0xc9 /usr/lib/gcc/arm-none-eabi/12.1.0/../../../../arm-none-eabi/lib/thumb/v7e-m/nofp/libg.a(lib_a-init.o)
 .debug_abbrev  0x0000000000002c35       0xb7 /usr/lib/gcc/arm-none-eabi/12.1.0/../../../../arm-none-eabi/lib/thumb/v7e-m/nofp/libg.a(lib_a-memset.o)
 .debug_abbrev  0x0000000000002cec      0x28a /usr/lib/gcc/arm-none-eabi/12.1.0/../../../../arm-none-eabi/lib/thumb/v7e-m/nofp/libg.a(lib_a-printf.o)
 .debug_abbrev  0x0000000000002f76      0x49a /usr/lib/gcc/arm-none-eabi/12.1.0/../../../../arm-none-eabi/lib/thumb/v7e-m/nofp/libg.a(lib_a-vfprintf.o)
 .debug_abbrev  0x0000000000003410      0x252 /usr/lib/gcc/arm-none-eabi/12.1.0/../../../../arm-none-eabi/lib/thumb/v7e-m/nofp/libg.a(lib_a-wsetup.o)
 .debug_abbrev  0x0000000000003662      0x272 /usr/lib/gcc/arm-none-eabi/12.1.0/../../../../arm-none-eabi/lib/thumb/v7e-m/nofp/libg.a(lib_a-__atexit.o)
 .debug_abbrev  0x00000000000038d4      0x2e6 /usr/lib/gcc/arm-none-eabi/12.1.0/../../../../arm-none-eabi/lib/thumb/v7e-m/nofp/libg.a(lib_a-__call_atexit.o)
 .debug_abbrev  0x0000000000003bba      0x37a /usr/lib/gcc/arm-none-eabi/12.1.0/../../../../arm-none-eabi/lib/thumb/v7e-m/nofp/libg.a(lib_a-dtoa.o)
 .debug_abbrev  0x0000000000003f34      0x355 /usr/lib/gcc/arm-none-eabi/12.1.0/../../../../arm-none-eabi/lib/thumb/v7e-m/nofp/libg.a(lib_a-fflush.o)
 .debug_abbrev  0x0000000000004289      0x4ba /usr/lib/gcc/arm-none-eabi/12.1.0/../../../../arm-none-eabi/lib/thumb/v7e-m/nofp/libg.a(lib_a-findfp.o)
 .debug_abbrev  0x0000000000004743      0x2c2 /usr/lib/gcc/arm-none-eabi/12.1.0/../../../../arm-none-eabi/lib/thumb/v7e-m/nofp/libg.a(lib_a-freer.o)
 .debug_abbrev  0x0000000000004a05      0x20f /usr/lib/gcc/arm-none-eabi/12.1.0/../../../../arm-none-eabi/lib/thumb/v7e-m/nofp/libg.a(lib_a-fwalk.o)
 .debug_abbrev  0x0000000000004c14      0x280 /usr/lib/gcc/arm-none-eabi/12.1.0/../../../../arm-none-eabi/lib/thumb/v7e-m/nofp/libg.a(lib_a-localeconv.o)
 .debug_abbrev  0x0000000000004e94      0x309 /usr/lib/gcc/arm-none-eabi/12.1.0/../../../../arm-none-eabi/lib/thumb/v7e-m/nofp/libg.a(lib_a-locale.o)
 .debug_abbrev  0x000000000000519d      0x115 /usr/lib/gcc/arm-none-eabi/12.1.0/../../../../arm-none-eabi/lib/thumb/v7e-m/nofp/libg.a(lib_a-lock.o)
 .debug_abbrev  0x00000000000052b2      0x30a /usr/lib/gcc/arm-none-eabi/12.1.0/../../../../arm-none-eabi/lib/thumb/v7e-m/nofp/libg.a(lib_a-makebuf.o)
 .debug_abbrev  0x00000000000055bc      0x309 /usr/lib/gcc/arm-none-eabi/12.1.0/../../../../arm-none-eabi/lib/thumb/v7e-m/nofp/libg.a(lib_a-mallocr.o)
 .debug_abbrev  0x00000000000058c5      0x25a /usr/lib/gcc/arm-none-eabi/12.1.0/../../../../arm-none-eabi/lib/thumb/v7e-m/nofp/libg.a(lib_a-mbtowc_r.o)
 .debug_abbrev  0x0000000000005b1f       0x14 /usr/lib/gcc/arm-none-eabi/12.1.0/../../../../arm-none-eabi/lib/thumb/v7e-m/nofp/libg.a(lib_a-memchr.o)
 .debug_abbrev  0x0000000000005b33       0x14 /usr/lib/gcc/arm-none-eabi/12.1.0/../../../../arm-none-eabi/lib/thumb/v7e-m/nofp/libg.a(lib_a-memcpy.o)
 .debug_abbrev  0x0000000000005b47      0x22f /usr/lib/gcc/arm-none-eabi/12.1.0/../../../../arm-none-eabi/lib/thumb/v7e-m/nofp/libg.a(lib_a-mlock.o)
 .debug_abbrev  0x0000000000005d76      0x4ff /usr/lib/gcc/arm-none-eabi/12.1.0/../../../../arm-none-eabi/lib/thumb/v7e-m/nofp/libg.a(lib_a-mprec.o)
 .debug_abbrev  0x0000000000006275      0x24a /usr/lib/gcc/arm-none-eabi/12.1.0/../../../../arm-none-eabi/lib/thumb/v7e-m/nofp/libg.a(lib_a-sbrkr.o)
 .debug_abbrev  0x00000000000064bf      0x162 /usr/lib/gcc/arm-none-eabi/12.1.0/../../../../arm-none-eabi/lib/thumb/v7e-m/nofp/libg.a(lib_a-s_frexp.o)
 .debug_abbrev  0x0000000000006621      0x294 /usr/lib/gcc/arm-none-eabi/12.1.0/../../../../arm-none-eabi/lib/thumb/v7e-m/nofp/libg.a(lib_a-stdio.o)
 .debug_abbrev  0x00000000000068b5       0x14 /usr/lib/gcc/arm-none-eabi/12.1.0/../../../../arm-none-eabi/lib/thumb/v7e-m/nofp/libg.a(lib_a-strlen.o)